


ARM Macro Assembler    Page 1 


    1 00000000         
    2 00000000         
    3 00000000                 PRESERVE8
    4 00000000                 AREA             Atomics, CODE
    5 00000000                 EXPORT           atomic_copy
    6 00000000         atomic_copy
    7 00000000 E850 1F00       LDREX            r1, [r0]    ; load the value
    8 00000004 E840 1200       STREX            r2, r1, [r0]
    9 00000008 BF08 2A00       CMPEQ            r2, #0      ; did this succeed?
                                                            
   10 0000000C D1FE            BNE              atomic_copy ; no – try again
   11 0000000E 4770            BX               lr
   12 00000010                 END
Command Line: --debug --xref --diag_suppress=9931 --cpu=Cortex-M4.fp --apcs=int
erwork --depend=.\objects\atomic.d -o.\objects\atomic.o -I.\RTE\_TM4C1294 -IC:\
Keil_v5\ARM\PACK\Keil\TM4C_DFP\1.1.0\Device\Include\TM4C129 -IC:\Keil_v5\ARM\CM
SIS\Include --predefine="__EVAL SETA 1" --predefine="__UVISION_VERSION SETA 526
" --predefine="TM4C1294NCPDT SETA 1" --list=.\listings\atomic.lst Atomic.s



ARM Macro Assembler    Page 1 Alphabetic symbol ordering
Relocatable symbols

Atomics 00000000

Symbol: Atomics
   Definitions
      At line 4 in file Atomic.s
   Uses
      None
Comment: Atomics unused
atomic_copy 00000000

Symbol: atomic_copy
   Definitions
      At line 6 in file Atomic.s
   Uses
      At line 5 in file Atomic.s
      At line 10 in file Atomic.s

2 symbols
336 symbols in table
