Component: ARM Compiler 5.06 update 5 (build 528) Tool: armlink [4d35e2]

==============================================================================

Section Cross References

    startup_rvmdk.o(STACK) refers (Special) to heapauxi.o(.text) for __use_two_region_memory
    startup_rvmdk.o(HEAP) refers (Special) to heapauxi.o(.text) for __use_two_region_memory
    startup_rvmdk.o(RESET) refers (Special) to heapauxi.o(.text) for __use_two_region_memory
    startup_rvmdk.o(RESET) refers to startup_rvmdk.o(STACK) for StackMem
    startup_rvmdk.o(RESET) refers to port.o(.emb_text) for SVC_Handler
    startup_rvmdk.o(RESET) refers to port.o(i.SysTick_Handler) for SysTick_Handler
    startup_rvmdk.o(RESET) refers to hal_gpio.o(i.GPIO_PortFHandler) for GPIO_PortFHandler
    startup_rvmdk.o(RESET) refers to __main.o(!!!main) for __main
    startup_rvmdk.o(.text) refers (Special) to heapauxi.o(.text) for __use_two_region_memory
    startup_rvmdk.o(.text) refers to startup_rvmdk.o(HEAP) for HeapMem
    startup_rvmdk.o(.text) refers to startup_rvmdk.o(STACK) for StackMem
    main.o(i.BlinkLED) refers to tasks.o(i.vTaskDelay) for vTaskDelay
    main.o(i.InitHardware) refers to hal_pll.o(i.PLL_Init80MHz) for PLL_Init80MHz
    main.o(i.InitHardware) refers to hal_pll.o(i.PLL_GetBusClockFreq) for PLL_GetBusClockFreq
    main.o(i.InitHardware) refers to hal_gpio.o(i.GPIO_EnableDO) for GPIO_EnableDO
    main.o(i.InitHardware) refers to hal_gpio.o(i.GPIO_GetBitBandIOAddress) for GPIO_GetBitBandIOAddress
    main.o(i.InitHardware) refers to hal_gpio.o(i.GPIO_EnableDI) for GPIO_EnableDI
    main.o(i.InitHardware) refers to hal_gpio.o(i.GPIO_EnableInterrupt) for GPIO_EnableInterrupt
    main.o(i.InitHardware) refers to main.o(.data) for SystemCoreClock
    main.o(i.InitHardware) refers to main.o(.constdata) for .constdata
    main.o(i.InitHardware) refers to main.o(i.SwitchHandler) for SwitchHandler
    main.o(i.SwitchHandler) refers to hal_gpio.o(i.GPIO_DisarmInterrupt) for GPIO_DisarmInterrupt
    main.o(i.SwitchHandler) refers to tasks.o(i.xTaskGetTickCountFromISR) for xTaskGetTickCountFromISR
    main.o(i.SwitchHandler) refers to timers.o(i.xTimerGenericCommand) for xTimerGenericCommand
    main.o(i.SwitchHandler) refers to main.o(.constdata) for .constdata
    main.o(i.SwitchHandler) refers to main.o(.data) for xTimer
    main.o(i.main) refers to main.o(i.InitHardware) for InitHardware
    main.o(i.main) refers to queue.o(i.xQueueGenericCreate) for xQueueGenericCreate
    main.o(i.main) refers to tasks.o(i.xTaskCreate) for xTaskCreate
    main.o(i.main) refers to timers.o(i.xTimerCreate) for xTimerCreate
    main.o(i.main) refers to tasks.o(i.vTaskStartScheduler) for vTaskStartScheduler
    main.o(i.main) refers to main.o(.data) for xQueue
    main.o(i.main) refers to main.o(i.prvQueueReceiveTask) for prvQueueReceiveTask
    main.o(i.main) refers to main.o(i.prvQueueSendTask) for prvQueueSendTask
    main.o(i.main) refers to main.o(i.prvQueueSendTimerCallback) for prvQueueSendTimerCallback
    main.o(i.prvQueueReceiveTask) refers to queue.o(i.xQueueReceive) for xQueueReceive
    main.o(i.prvQueueReceiveTask) refers to main.o(i.BlinkLED) for BlinkLED
    main.o(i.prvQueueReceiveTask) refers to hal_gpio.o(i.GPIO_RearmInterrupt) for GPIO_RearmInterrupt
    main.o(i.prvQueueReceiveTask) refers to main.o(.data) for xQueue
    main.o(i.prvQueueReceiveTask) refers to main.o(.constdata) for .constdata
    main.o(i.prvQueueSendTask) refers to tasks.o(i.xTaskGetTickCount) for xTaskGetTickCount
    main.o(i.prvQueueSendTask) refers to tasks.o(i.vTaskDelayUntil) for vTaskDelayUntil
    main.o(i.prvQueueSendTask) refers to queue.o(i.xQueueGenericSend) for xQueueGenericSend
    main.o(i.prvQueueSendTask) refers to main.o(.data) for xQueue
    main.o(i.prvQueueSendTimerCallback) refers to queue.o(i.xQueueGenericSend) for xQueueGenericSend
    main.o(i.prvQueueSendTimerCallback) refers to main.o(.data) for xQueue
    queue.o(i.prvCopyDataFromQueue) refers to rt_memcpy_v6.o(.text) for __aeabi_memcpy
    queue.o(i.prvCopyDataToQueue) refers to tasks.o(i.xTaskPriorityDisinherit) for xTaskPriorityDisinherit
    queue.o(i.prvCopyDataToQueue) refers to rt_memcpy_v6.o(.text) for __aeabi_memcpy
    queue.o(i.prvInitialiseMutex) refers to queue.o(i.xQueueGenericSend) for xQueueGenericSend
    queue.o(i.prvInitialiseNewQueue) refers to queue.o(i.xQueueGenericReset) for xQueueGenericReset
    queue.o(i.prvIsQueueEmpty) refers to port.o(i.vPortEnterCritical) for vPortEnterCritical
    queue.o(i.prvIsQueueEmpty) refers to port.o(i.vPortExitCritical) for vPortExitCritical
    queue.o(i.prvIsQueueFull) refers to port.o(i.vPortEnterCritical) for vPortEnterCritical
    queue.o(i.prvIsQueueFull) refers to port.o(i.vPortExitCritical) for vPortExitCritical
    queue.o(i.prvNotifyQueueSetContainer) refers to queue.o(i.prvCopyDataToQueue) for prvCopyDataToQueue
[...]
    port.o(.emb_text) refers to tasks.o(.data) for pxCurrentTCB
    port.o(i.SysTick_Handler) refers to tasks.o(i.xTaskIncrementTick) for xTaskIncrementTick
    port.o(i.prvTaskExitError) refers to port.o(.data) for uxCriticalNesting
    port.o(i.pxPortInitialiseStack) refers to port.o(i.prvTaskExitError) for prvTaskExitError
    port.o(i.vPortEndScheduler) refers to port.o(.data) for uxCriticalNesting
    port.o(i.vPortEnterCritical) refers to port.o(.data) for uxCriticalNesting
    port.o(i.vPortExitCritical) refers to port.o(.data) for uxCriticalNesting
    port.o(i.vPortSetupTimerInterrupt) refers to main.o(.data) for SystemCoreClock
    port.o(i.vPortValidateInterruptPriority) refers to port.o(.emb_text) for vPortGetIPSR
    port.o(i.vPortValidateInterruptPriority) refers to port.o(.data) for ucMaxSysCallPriority
    port.o(i.xPortStartScheduler) refers to port.o(i.vPortSetupTimerInterrupt) for vPortSetupTimerInterrupt
    port.o(i.xPortStartScheduler) refers to port.o(.emb_text) for __asm___6_port_c_39a90d8d__prvEnableVFP
    port.o(i.xPortStartScheduler) refers to port.o(.data) for ucMaxSysCallPriority
    heap_1.o(i.pvPortMalloc) refers to tasks.o(i.vTaskSuspendAll) for vTaskSuspendAll
    heap_1.o(i.pvPortMalloc) refers to tasks.o(i.xTaskResumeAll) for xTaskResumeAll
    heap_1.o(i.pvPortMalloc) refers to heap_1.o(.data) for pucAlignedHeap
    heap_1.o(i.pvPortMalloc) refers to heap_1.o(.bss) for ucHeap
    heap_1.o(i.vPortInitialiseBlocks) refers to heap_1.o(.data) for xNextFreeByte
    heap_1.o(i.xPortGetFreeHeapSize) refers to heap_1.o(.data) for xNextFreeByte
    hal_gpio.o(i.GPIO_DisarmInterrupt) refers to hal_gpio.o(.data) for GPIOBaseAddress
    hal_gpio.o(i.GPIO_EnableAltAnalog) refers to hal_gpio.o(i.GPIO_InitPort) for GPIO_InitPort
    hal_gpio.o(i.GPIO_EnableAltAnalog) refers to hal_gpio.o(.data) for GPIOBaseAddress
    hal_gpio.o(i.GPIO_EnableAltDigital) refers to hal_gpio.o(i.GPIO_InitPort) for GPIO_InitPort
    hal_gpio.o(i.GPIO_EnableAltDigital) refers to hal_gpio.o(.data) for GPIOBaseAddress
    hal_gpio.o(i.GPIO_EnableDI) refers to hal_gpio.o(i.GPIO_InitPort) for GPIO_InitPort
    hal_gpio.o(i.GPIO_EnableDI) refers to hal_gpio.o(.data) for GPIOBaseAddress
    hal_gpio.o(i.GPIO_EnableDO) refers to hal_gpio.o(i.GPIO_InitPort) for GPIO_InitPort
    hal_gpio.o(i.GPIO_EnableDO) refers to hal_gpio.o(.data) for GPIOBaseAddress
    hal_gpio.o(i.GPIO_EnableInterrupt) refers to hal_nvic.o(i.NVIC_EnableIRQ) for NVIC_EnableIRQ
    hal_gpio.o(i.GPIO_EnableInterrupt) refers to hal_gpio.o(.data) for GPIOBaseAddress
    hal_gpio.o(i.GPIO_GetBitBandIOAddress) refers to hal_gpio.o(i.GetPinNumber) for GetPinNumber
    hal_gpio.o(i.GPIO_GetBitBandIOAddress) refers to hal_gpio.o(.data) for GPIOBaseAddress
    hal_gpio.o(i.GPIO_PortFHandler) refers to hal_gpio.o(i.HandleInterrupt) for HandleInterrupt
    hal_gpio.o(i.GPIO_PortFHandler) refers to hal_gpio.o(.data) for GPIOBaseAddress
    hal_gpio.o(i.GPIO_RearmInterrupt) refers to hal_gpio.o(.data) for GPIOBaseAddress
    hal_nvic.o(i.NVIC_EnableIRQ) refers to hal_nvic.o(i.SetPriority) for SetPriority
    hal_pll.o(i.PLL_GetBusClockFreq) refers to hal_pll.o(.data) for busClockFreq_
    hal_pll.o(i.PLL_Init80MHz) refers to hal_pll.o(.data) for busClockFreq_
    hal_uart.o(i.UART5Handler) refers to hal_uart.o(.data) for UARTBaseAddress
    hal_uart.o(i.UART_Enable) refers to hal_pll.o(i.PLL_GetBusClockFreq) for PLL_GetBusClockFreq
    hal_uart.o(i.UART_Enable) refers to hal_gpio.o(i.GPIO_InitPort) for GPIO_InitPort
    hal_uart.o(i.UART_Enable) refers to dflt_clz.o(x$fpl$dfltu) for __aeabi_ui2d
    hal_uart.o(i.UART_Enable) refers to daddsub_clz.o(x$fpl$dadd) for __aeabi_dadd
    hal_uart.o(i.UART_Enable) refers to dfixu.o(x$fpl$dfixu) for __aeabi_d2uiz
    hal_uart.o(i.UART_Enable) refers to hal_gpio.o(i.GPIO_EnableAltDigital) for GPIO_EnableAltDigital
    hal_uart.o(i.UART_Enable) refers to hal_uart.o(.data) for UARTBaseAddress
    hal_uart.o(i.UART_EnableRxInterrupt) refers to hal_uart.o(.data) for UARTBaseAddress
    hal_uart.o(i.UART_ReadChar) refers to hal_uart.o(.data) for UARTBaseAddress
    hal_uart.o(i.UART_WriteChar) refers to hal_uart.o(.data) for UARTBaseAddress
    hal_uart.o(i.UART_WriteString) refers to hal_uart.o(i.UART_WriteChar) for UART_WriteChar
    rt_memcpy_v6.o(.text) refers to rt_memcpy_w.o(.text) for __aeabi_memcpy4
    __main.o(!!!main) refers to __rtentry.o(.ARM.Collect$$rtentry$$00000000) for __rt_entry
    daddsub_clz.o(x$fpl$dadd) refers (Special) to usenofp.o(x$fpl$usenofp) for __I$use$fp
    daddsub_clz.o(x$fpl$dadd) refers to daddsub_clz.o(x$fpl$dsub) for _dsub1
    daddsub_clz.o(x$fpl$dadd) refers to dretinf.o(x$fpl$dretinf) for __fpl_dretinf
    daddsub_clz.o(x$fpl$dadd) refers to dnaninf.o(x$fpl$dnaninf) for __fpl_dnaninf
    daddsub_clz.o(x$fpl$drsb) refers (Special) to usenofp.o(x$fpl$usenofp) for __I$use$fp
    daddsub_clz.o(x$fpl$drsb) refers to daddsub_clz.o(x$fpl$dadd) for _dadd1
    daddsub_clz.o(x$fpl$drsb) refers to daddsub_clz.o(x$fpl$dsub) for _dsub1
    daddsub_clz.o(x$fpl$dsub) refers (Special) to usenofp.o(x$fpl$usenofp) for __I$use$fp
    daddsub_clz.o(x$fpl$dsub) refers to daddsub_clz.o(x$fpl$dadd) for _dadd1
    daddsub_clz.o(x$fpl$dsub) refers to dnaninf.o(x$fpl$dnaninf) for __fpl_dnaninf
    dfixu.o(x$fpl$dfixu) refers (Special) to usenofp.o(x$fpl$usenofp) for __I$use$fp
    dfixu.o(x$fpl$dfixu) refers to dnaninf.o(x$fpl$dnaninf) for __fpl_dnaninf
    dfixu.o(x$fpl$dfixur) refers (Special) to usenofp.o(x$fpl$usenofp) for __I$use$fp
    dfixu.o(x$fpl$dfixur) refers to dnaninf.o(x$fpl$dnaninf) for __fpl_dnaninf
    dflt_clz.o(x$fpl$dfltu) refers (Special) to usenofp.o(x$fpl$usenofp) for __I$use$fp
    dflt_clz.o(x$fpl$dflt) refers (Special) to usenofp.o(x$fpl$usenofp) for __I$use$fp
    dflt_clz.o(x$fpl$dfltn) refers (Special) to usenofp.o(x$fpl$usenofp) for __I$use$fp
    __rtentry.o(.ARM.Collect$$rtentry$$00000000) refers (Special) to __rtentry2.o(.ARM.Collect$$rtentry$$0000000A) for __rt_entry_li
    __rtentry.o(.ARM.Collect$$rtentry$$00000000) refers (Special) to __rtentry2.o(.ARM.Collect$$rtentry$$0000000D) for __rt_entry_main
    __rtentry.o(.ARM.Collect$$rtentry$$00000000) refers (Special) to __rtentry2.o(.ARM.Collect$$rtentry$$0000000C) for __rt_entry_postli_1
    __rtentry.o(.ARM.Collect$$rtentry$$00000000) refers (Special) to __rtentry2.o(.ARM.Collect$$rtentry$$00000009) for __rt_entry_postsh_1
    __rtentry.o(.ARM.Collect$$rtentry$$00000000) refers (Special) to __rtentry2.o(.ARM.Collect$$rtentry$$00000002) for __rt_entry_presh_1
    __rtentry.o(.ARM.Collect$$rtentry$$00000000) refers (Special) to __rtentry4.o(.ARM.Collect$$rtentry$$00000004) for __rt_entry_sh
    dnaninf.o(x$fpl$dnaninf) refers (Special) to usenofp.o(x$fpl$usenofp) for __I$use$fp
    dretinf.o(x$fpl$dretinf) refers (Special) to usenofp.o(x$fpl$usenofp) for __I$use$fp
    __rtentry2.o(.ARM.Collect$$rtentry$$00000008) refers to boardinit2.o(.text) for _platform_post_stackheap_init
    __rtentry2.o(.ARM.Collect$$rtentry$$0000000A) refers to libinit.o(.ARM.Collect$$libinit$$00000000) for __rt_lib_init
    __rtentry2.o(.ARM.Collect$$rtentry$$0000000B) refers to boardinit3.o(.text) for _platform_post_lib_init
    __rtentry2.o(.ARM.Collect$$rtentry$$0000000D) refers to main.o(i.main) for main
    __rtentry2.o(.ARM.Collect$$rtentry$$0000000D) refers to exit.o(.text) for exit
    __rtentry2.o(.ARM.exidx) refers to __rtentry2.o(.ARM.Collect$$rtentry$$00000001) for .ARM.Collect$$rtentry$$00000001
    __rtentry2.o(.ARM.exidx) refers to __rtentry2.o(.ARM.Collect$$rtentry$$00000008) for .ARM.Collect$$rtentry$$00000008
    __rtentry2.o(.ARM.exidx) refers to __rtentry2.o(.ARM.Collect$$rtentry$$0000000A) for .ARM.Collect$$rtentry$$0000000A
    __rtentry2.o(.ARM.exidx) refers to __rtentry2.o(.ARM.Collect$$rtentry$$0000000B) for .ARM.Collect$$rtentry$$0000000B
    __rtentry2.o(.ARM.exidx) refers to __rtentry2.o(.ARM.Collect$$rtentry$$0000000D) for .ARM.Collect$$rtentry$$0000000D
    __rtentry4.o(.ARM.Collect$$rtentry$$00000004) refers to sys_stackheap_outer.o(.text) for __user_setup_stackheap
    __rtentry4.o(.ARM.exidx) refers to __rtentry4.o(.ARM.Collect$$rtentry$$00000004) for .ARM.Collect$$rtentry$$00000004
    sys_stackheap_outer.o(.text) refers to libspace.o(.text) for __user_perproc_libspace
    sys_stackheap_outer.o(.text) refers to startup_rvmdk.o(.text) for __user_initial_stackheap
    exit.o(.text) refers to rtexit.o(.ARM.Collect$$rtexit$$00000000) for __rt_exit
    libinit.o(.ARM.Collect$$libinit$$00000000) refers (Special) to libinit2.o(.ARM.Collect$$libinit$$0000002E) for __rt_lib_init_alloca_1
    libinit.o(.ARM.Collect$$libinit$$00000000) refers (Special) to libinit2.o(.ARM.Collect$$libinit$$0000002C) for __rt_lib_init_argv_1
    libinit.o(.ARM.Collect$$libinit$$00000000) refers (Special) to libinit2.o(.ARM.Collect$$libinit$$0000001B) for __rt_lib_init_atexit_1
    libinit.o(.ARM.Collect$$libinit$$00000000) refers (Special) to libinit2.o(.ARM.Collect$$libinit$$00000021) for __rt_lib_init_clock_1
    libinit.o(.ARM.Collect$$libinit$$00000000) refers (Special) to libinit2.o(.ARM.Collect$$libinit$$00000032) for __rt_lib_init_cpp_1
    libinit.o(.ARM.Collect$$libinit$$00000000) refers (Special) to libinit2.o(.ARM.Collect$$libinit$$00000030) for __rt_lib_init_exceptions_1
    libinit.o(.ARM.Collect$$libinit$$00000000) refers (Special) to libinit2.o(.ARM.Collect$$libinit$$00000001) for __rt_lib_init_fp_1
    libinit.o(.ARM.Collect$$libinit$$00000000) refers (Special) to libinit2.o(.ARM.Collect$$libinit$$0000001F) for __rt_lib_init_fp_trap_1
    libinit.o(.ARM.Collect$$libinit$$00000000) refers (Special) to libinit2.o(.ARM.Collect$$libinit$$00000023) for __rt_lib_init_getenv_1
    libinit.o(.ARM.Collect$$libinit$$00000000) refers (Special) to libinit2.o(.ARM.Collect$$libinit$$0000000A) for __rt_lib_init_heap_1
    libinit.o(.ARM.Collect$$libinit$$00000000) refers (Special) to libinit2.o(.ARM.Collect$$libinit$$00000011) for __rt_lib_init_lc_collate_1
    libinit.o(.ARM.Collect$$libinit$$00000000) refers (Special) to libinit2.o(.ARM.Collect$$libinit$$00000013) for __rt_lib_init_lc_ctype_1
    libinit.o(.ARM.Collect$$libinit$$00000000) refers (Special) to libinit2.o(.ARM.Collect$$libinit$$00000015) for __rt_lib_init_lc_monetary_1
    libinit.o(.ARM.Collect$$libinit$$00000000) refers (Special) to libinit2.o(.ARM.Collect$$libinit$$00000017) for __rt_lib_init_lc_numeric_1
    libinit.o(.ARM.Collect$$libinit$$00000000) refers (Special) to libinit2.o(.ARM.Collect$$libinit$$00000019) for __rt_lib_init_lc_time_1
    libinit.o(.ARM.Collect$$libinit$$00000000) refers (Special) to libinit2.o(.ARM.Collect$$libinit$$00000004) for __rt_lib_init_preinit_1
    libinit.o(.ARM.Collect$$libinit$$00000000) refers (Special) to libinit2.o(.ARM.Collect$$libinit$$0000000E) for __rt_lib_init_rand_1
    libinit.o(.ARM.Collect$$libinit$$00000000) refers (Special) to libinit2.o(.ARM.Collect$$libinit$$00000033) for __rt_lib_init_return
    libinit.o(.ARM.Collect$$libinit$$00000000) refers (Special) to libinit2.o(.ARM.Collect$$libinit$$0000001D) for __rt_lib_init_signal_1
    libinit.o(.ARM.Collect$$libinit$$00000000) refers (Special) to libinit2.o(.ARM.Collect$$libinit$$00000025) for __rt_lib_init_stdio_1
    libinit.o(.ARM.Collect$$libinit$$00000000) refers (Special) to libinit2.o(.ARM.Collect$$libinit$$0000000C) for __rt_lib_init_user_alloc_1
    libspace.o(.text) refers to libspace.o(.bss) for __libspace_start
    rtexit.o(.ARM.Collect$$rtexit$$00000000) refers (Special) to rtexit2.o(.ARM.Collect$$rtexit$$00000004) for __rt_exit_exit
    rtexit.o(.ARM.Collect$$rtexit$$00000000) refers (Special) to rtexit2.o(.ARM.Collect$$rtexit$$00000003) for __rt_exit_ls
    rtexit.o(.ARM.Collect$$rtexit$$00000000) refers (Special) to rtexit2.o(.ARM.Collect$$rtexit$$00000002) for __rt_exit_prels_1
    rtexit.o(.ARM.exidx) refers (Special) to rtexit2.o(.ARM.Collect$$rtexit$$00000004) for __rt_exit_exit
    rtexit.o(.ARM.exidx) refers (Special) to rtexit2.o(.ARM.Collect$$rtexit$$00000003) for __rt_exit_ls
    rtexit.o(.ARM.exidx) refers (Special) to rtexit2.o(.ARM.Collect$$rtexit$$00000002) for __rt_exit_prels_1
    rtexit.o(.ARM.exidx) refers to rtexit.o(.ARM.Collect$$rtexit$$00000000) for .ARM.Collect$$rtexit$$00000000
    libinit2.o(.ARM.Collect$$libinit$$00000001) refers to fpinit.o(x$fpl$fpinit) for _fp_init
    libinit2.o(.ARM.Collect$$libinit$$00000010) refers to libinit2.o(.ARM.Collect$$libinit$$0000000F) for .ARM.Collect$$libinit$$0000000F
    libinit2.o(.ARM.Collect$$libinit$$00000012) refers to libinit2.o(.ARM.Collect$$libinit$$0000000F) for .ARM.Collect$$libinit$$0000000F
    libinit2.o(.ARM.Collect$$libinit$$00000014) refers to libinit2.o(.ARM.Collect$$libinit$$0000000F) for .ARM.Collect$$libinit$$0000000F
    libinit2.o(.ARM.Collect$$libinit$$00000016) refers to libinit2.o(.ARM.Collect$$libinit$$0000000F) for .ARM.Collect$$libinit$$0000000F
    libinit2.o(.ARM.Collect$$libinit$$00000018) refers to libinit2.o(.ARM.Collect$$libinit$$0000000F) for .ARM.Collect$$libinit$$0000000F
    libinit2.o(.ARM.Collect$$libinit$$00000026) refers to argv_veneer.o(.emb_text) for __ARM_argv_veneer
    libinit2.o(.ARM.Collect$$libinit$$00000027) refers to argv_veneer.o(.emb_text) for __ARM_argv_veneer
    rtexit2.o(.ARM.Collect$$rtexit$$00000003) refers to libshutdown.o(.ARM.Collect$$libshutdown$$00000000) for __rt_lib_shutdown
    rtexit2.o(.ARM.Collect$$rtexit$$00000004) refers to sys_exit.o(.text) for _sys_exit
    rtexit2.o(.ARM.exidx) refers to rtexit2.o(.ARM.Collect$$rtexit$$00000001) for .ARM.Collect$$rtexit$$00000001
    rtexit2.o(.ARM.exidx) refers to rtexit2.o(.ARM.Collect$$rtexit$$00000003) for .ARM.Collect$$rtexit$$00000003
    rtexit2.o(.ARM.exidx) refers to rtexit2.o(.ARM.Collect$$rtexit$$00000004) for .ARM.Collect$$rtexit$$00000004
    argv_veneer.o(.emb_text) refers to no_argv.o(.text) for __ARM_get_argv
    sys_exit.o(.text) refers (Special) to use_no_semi.o(.text) for __I$use$semihosting
    sys_exit.o(.text) refers (Special) to indicate_semi.o(.text) for __semihosting_library_function
    _get_argv_nomalloc.o(.text) refers (Special) to hrguard.o(.text) for __heap_region$guard
    _get_argv_nomalloc.o(.text) refers to defsig_rtmem_outer.o(.text) for __rt_SIGRTMEM
    _get_argv_nomalloc.o(.text) refers to sys_command.o(.text) for _sys_command_string
    libshutdown.o(.ARM.Collect$$libshutdown$$00000000) refers (Special) to libshutdown2.o(.ARM.Collect$$libshutdown$$00000002) for __rt_lib_shutdown_cpp_1
    libshutdown.o(.ARM.Collect$$libshutdown$$00000000) refers (Special) to libshutdown2.o(.ARM.Collect$$libshutdown$$00000007) for __rt_lib_shutdown_fp_trap_1
    libshutdown.o(.ARM.Collect$$libshutdown$$00000000) refers (Special) to libshutdown2.o(.ARM.Collect$$libshutdown$$0000000F) for __rt_lib_shutdown_heap_1
    libshutdown.o(.ARM.Collect$$libshutdown$$00000000) refers (Special) to libshutdown2.o(.ARM.Collect$$libshutdown$$00000010) for __rt_lib_shutdown_return
    libshutdown.o(.ARM.Collect$$libshutdown$$00000000) refers (Special) to libshutdown2.o(.ARM.Collect$$libshutdown$$0000000A) for __rt_lib_shutdown_signal_1
    libshutdown.o(.ARM.Collect$$libshutdown$$00000000) refers (Special) to libshutdown2.o(.ARM.Collect$$libshutdown$$00000004) for __rt_lib_shutdown_stdio_1
    libshutdown.o(.ARM.Collect$$libshutdown$$00000000) refers (Special) to libshutdown2.o(.ARM.Collect$$libshutdown$$0000000C) for __rt_lib_shutdown_user_alloc_1
    sys_command.o(.text) refers (Special) to use_no_semi.o(.text) for __I$use$semihosting
    sys_command.o(.text) refers (Special) to indicate_semi.o(.text) for __semihosting_library_function
    defsig_rtmem_outer.o(.text) refers to defsig_rtmem_inner.o(.text) for __rt_SIGRTMEM_inner
    defsig_rtmem_outer.o(.text) refers to defsig_exit.o(.text) for __sig_exit
    defsig_rtmem_formal.o(.text) refers to rt_raise.o(.text) for __rt_raise
    rt_raise.o(.text) refers to __raise.o(.text) for __raise
    rt_raise.o(.text) refers to sys_exit.o(.text) for _sys_exit
    defsig_exit.o(.text) refers to sys_exit.o(.text) for _sys_exit
    defsig_rtmem_inner.o(.text) refers to defsig_general.o(.text) for __default_signal_display
    __raise.o(.text) refers to defsig.o(CL$$defsig) for __default_signal_handler
    defsig_general.o(.text) refers to sys_wrch.o(.text) for _ttywrch
    sys_wrch.o(.text) refers (Special) to use_no_semi.o(.text) for __I$use$semihosting
    sys_wrch.o(.text) refers (Special) to indicate_semi.o(.text) for __semihosting_library_function
    defsig.o(CL$$defsig) refers to defsig_rtmem_inner.o(.text) for __rt_SIGRTMEM_inner
    defsig_abrt_inner.o(.text) refers to defsig_general.o(.text) for __default_signal_display
    defsig_fpe_inner.o(.text) refers to defsig_general.o(.text) for __default_signal_display
    defsig_rtred_inner.o(.text) refers to defsig_general.o(.text) for __default_signal_display
    defsig_stak_inner.o(.text) refers to defsig_general.o(.text) for __default_signal_display
    defsig_pvfn_inner.o(.text) refers to defsig_general.o(.text) for __default_signal_display
    defsig_cppl_inner.o(.text) refers to defsig_general.o(.text) for __default_signal_display
    defsig_segv_inner.o(.text) refers to defsig_general.o(.text) for __default_signal_display
    defsig_other.o(.text) refers to defsig_general.o(.text) for __default_signal_display


==============================================================================

Removing Unused input sections from the image.

    Removing queue.o(i.prvGetDisinheritPriorityAfterTimeout), (20 bytes).
    Removing queue.o(i.prvInitialiseMutex), (28 bytes).
    Removing queue.o(i.uxQueueMessagesWaiting), (44 bytes).
    Removing queue.o(i.uxQueueMessagesWaitingFromISR), (32 bytes).
    Removing queue.o(i.uxQueueSpacesAvailable), (50 bytes).
    Removing queue.o(i.vQueueDelete), (40 bytes).
    Removing queue.o(i.xQueueAddToSet), (38 bytes).
    Removing queue.o(i.xQueueCreateCountingSemaphore), (96 bytes).
    Removing queue.o(i.xQueueCreateMutex), (34 bytes).
    Removing queue.o(i.xQueueCreateSet), (20 bytes).
    Removing queue.o(i.xQueueGiveFromISR), (254 bytes).
    Removing queue.o(i.xQueueGiveMutexRecursive), (74 bytes).
    Removing queue.o(i.xQueueIsQueueEmptyFromISR), (40 bytes).
    Removing queue.o(i.xQueueIsQueueFullFromISR), (44 bytes).
    Removing queue.o(i.xQueuePeek), (372 bytes).
    Removing queue.o(i.xQueuePeekFromISR), (184 bytes).
    Removing queue.o(i.xQueueReceiveFromISR), (208 bytes).
    Removing queue.o(i.xQueueRemoveFromSet), (48 bytes).
    Removing queue.o(i.xQueueSelectFromSet), (24 bytes).
    Removing queue.o(i.xQueueSelectFromSetFromISR), (22 bytes).
    Removing queue.o(i.xQueueSemaphoreTake), (448 bytes).
    Removing queue.o(i.xQueueTakeMutexRecursive), (80 bytes).
    Removing tasks.o(i.eTaskGetState), (136 bytes).
    Removing tasks.o(i.pcTaskGetName), (52 bytes).
    Removing tasks.o(i.prvTaskIsTaskSuspended), (92 bytes).
    Removing tasks.o(i.pvTaskIncrementMutexHeldCount), (32 bytes).
    Removing tasks.o(i.ulTaskNotifyTake), (116 bytes).
    Removing tasks.o(i.uxTaskGetNumberOfTasks), (12 bytes).
    Removing tasks.o(i.uxTaskPriorityGet), (36 bytes).
    Removing tasks.o(i.uxTaskPriorityGetFromISR), (68 bytes).
    Removing tasks.o(i.uxTaskResetEventItemValue), (28 bytes).
    Removing tasks.o(i.vTaskDelete), (244 bytes).
    Removing tasks.o(i.vTaskEndScheduler), (40 bytes).
    Removing tasks.o(i.vTaskNotifyGiveFromISR), (248 bytes).
    Removing tasks.o(i.vTaskPlaceOnUnorderedEventList), (112 bytes).
    Removing tasks.o(i.vTaskPriorityDisinheritAfterTimeout), (248 bytes).
    Removing tasks.o(i.vTaskPrioritySet), (280 bytes).
    Removing tasks.o(i.vTaskRemoveFromUnorderedEventList), (168 bytes).
    Removing tasks.o(i.vTaskResume), (148 bytes).
    Removing tasks.o(i.vTaskSetTimeOutState), (60 bytes).
    Removing tasks.o(i.vTaskSuspend), (244 bytes).
    Removing tasks.o(i.xTaskGenericNotify), (264 bytes).
    Removing tasks.o(i.xTaskGenericNotifyFromISR), (328 bytes).
    Removing tasks.o(i.xTaskGetCurrentTaskHandle), (12 bytes).
    Removing tasks.o(i.xTaskNotifyStateClear), (52 bytes).
    Removing tasks.o(i.xTaskNotifyWait), (160 bytes).
    Removing tasks.o(i.xTaskPriorityInherit), (200 bytes).
    Removing tasks.o(i.xTaskResumeFromISR), (184 bytes).
    Removing timers.o(i.pcTimerGetName), (34 bytes).
    Removing timers.o(i.pvTimerGetTimerID), (46 bytes).
    Removing timers.o(i.vTimerSetTimerID), (46 bytes).
    Removing timers.o(i.xTimerGetExpiryTime), (36 bytes).
    Removing timers.o(i.xTimerGetPeriod), (34 bytes).
    Removing timers.o(i.xTimerGetTimerDaemonTaskHandle), (48 bytes).
    Removing timers.o(i.xTimerIsTimerActive), (58 bytes).
    Removing port.o(i.vPortEndScheduler), (48 bytes).
    Removing heap_1.o(i.vPortInitialiseBlocks), (12 bytes).
    Removing heap_1.o(i.xPortGetFreeHeapSize), (16 bytes).
    Removing hal_gpio.o(i.GPIO_EnableAltAnalog), (68 bytes).
    Removing hal_gpio.o(i.GPIO_EnableAltDigital), (104 bytes).
    Removing hal_nvic.o(i.NVIC_DisableIRQ), (52 bytes).
    Removing hal_uart.o(i.UART5Handler), (60 bytes).
    Removing hal_uart.o(i.UART_Enable), (196 bytes).
    Removing hal_uart.o(i.UART_EnableRxInterrupt), (96 bytes).
    Removing hal_uart.o(i.UART_ReadChar), (32 bytes).
    Removing hal_uart.o(i.UART_WriteChar), (28 bytes).
    Removing hal_uart.o(i.UART_WriteString), (26 bytes).
    Removing hal_uart.o(.data), (36 bytes).

68 unused section(s) (total 6840 bytes) removed from the image.

==============================================================================

Image Symbol Table

    Local Symbols

    Symbol Name                              Value     Ov Type        Size  Object(Section)

    RESET                                    0x00000000   Section      648  startup_rvmdk.o(RESET)
    ../clib/angel/boardlib.s                 0x00000000   Number         0  boardshut.o ABSOLUTE
    ../clib/angel/boardlib.s                 0x00000000   Number         0  boardinit3.o ABSOLUTE
    ../clib/angel/boardlib.s                 0x00000000   Number         0  boardinit2.o ABSOLUTE
    ../clib/angel/boardlib.s                 0x00000000   Number         0  boardinit1.o ABSOLUTE
    ../clib/angel/handlers.s                 0x00000000   Number         0  __scatter_zi.o ABSOLUTE
    ../clib/angel/handlers.s                 0x00000000   Number         0  __scatter_copy.o ABSOLUTE
    ../clib/angel/kernel.s                   0x00000000   Number         0  rtexit.o ABSOLUTE
    ../clib/angel/kernel.s                   0x00000000   Number         0  __rtentry4.o ABSOLUTE
    ../clib/angel/kernel.s                   0x00000000   Number         0  __rtentry2.o ABSOLUTE
    ../clib/angel/kernel.s                   0x00000000   Number         0  rtexit2.o ABSOLUTE
    ../clib/angel/kernel.s                   0x00000000   Number         0  __rtentry.o ABSOLUTE
    ../clib/angel/rt.s                       0x00000000   Number         0  rt_raise.o ABSOLUTE
    ../clib/angel/scatter.s                  0x00000000   Number         0  __scatter.o ABSOLUTE
    ../clib/angel/startup.s                  0x00000000   Number         0  __main.o ABSOLUTE
    ../clib/angel/sys.s                      0x00000000   Number         0  sys_stackheap_outer.o ABSOLUTE
    ../clib/angel/sys.s                      0x00000000   Number         0  indicate_semi.o ABSOLUTE
    ../clib/angel/sys.s                      0x00000000   Number         0  libspace.o ABSOLUTE
    ../clib/angel/sys.s                      0x00000000   Number         0  use_no_semi.o ABSOLUTE
    ../clib/angel/sysapp.c                   0x00000000   Number         0  sys_wrch.o ABSOLUTE
    ../clib/angel/sysapp.c                   0x00000000   Number         0  sys_exit.o ABSOLUTE
    ../clib/angel/sysapp.c                   0x00000000   Number         0  sys_command.o ABSOLUTE
    ../clib/armsys.c                         0x00000000   Number         0  _get_argv_nomalloc.o ABSOLUTE
    ../clib/armsys.c                         0x00000000   Number         0  argv_veneer.o ABSOLUTE
    ../clib/armsys.c                         0x00000000   Number         0  no_argv.o ABSOLUTE
    ../clib/armsys.c                         0x00000000   Number         0  argv_veneer.o ABSOLUTE
    ../clib/heapalloc.c                      0x00000000   Number         0  hrguard.o ABSOLUTE
    ../clib/heapaux.c                        0x00000000   Number         0  heapauxi.o ABSOLUTE
    ../clib/libinit.s                        0x00000000   Number         0  libinit.o ABSOLUTE
    ../clib/libinit.s                        0x00000000   Number         0  libshutdown.o ABSOLUTE
    ../clib/libinit.s                        0x00000000   Number         0  libshutdown2.o ABSOLUTE
    ../clib/libinit.s                        0x00000000   Number         0  libinit2.o ABSOLUTE
    ../clib/memcpset.s                       0x00000000   Number         0  rt_memcpy_w.o ABSOLUTE
    ../clib/memcpset.s                       0x00000000   Number         0  rt_memcpy_v6.o ABSOLUTE
    ../clib/signal.c                         0x00000000   Number         0  defsig_exit.o ABSOLUTE
    ../clib/signal.c                         0x00000000   Number         0  defsig_fpe_inner.o ABSOLUTE
    ../clib/signal.c                         0x00000000   Number         0  defsig_abrt_inner.o ABSOLUTE
    ../clib/signal.c                         0x00000000   Number         0  defsig_rtmem_outer.o ABSOLUTE
    ../clib/signal.c                         0x00000000   Number         0  defsig_general.o ABSOLUTE
    ../clib/signal.c                         0x00000000   Number         0  __raise.o ABSOLUTE
    ../clib/signal.c                         0x00000000   Number         0  defsig_rtmem_inner.o ABSOLUTE
    ../clib/signal.c                         0x00000000   Number         0  defsig_other.o ABSOLUTE
    ../clib/signal.c                         0x00000000   Number         0  defsig_segv_inner.o ABSOLUTE
    ../clib/signal.c                         0x00000000   Number         0  defsig_rtmem_formal.o ABSOLUTE
    ../clib/signal.c                         0x00000000   Number         0  defsig_cppl_inner.o ABSOLUTE
    ../clib/signal.c                         0x00000000   Number         0  defsig_pvfn_inner.o ABSOLUTE
    ../clib/signal.c                         0x00000000   Number         0  defsig_rtred_inner.o ABSOLUTE
    ../clib/signal.c                         0x00000000   Number         0  defsig_stak_inner.o ABSOLUTE
    ../clib/signal.s                         0x00000000   Number         0  defsig.o ABSOLUTE
    ../clib/stdlib.c                         0x00000000   Number         0  exit.o ABSOLUTE
    ../fplib/daddsub.s                       0x00000000   Number         0  daddsub_clz.o ABSOLUTE
    ../fplib/dfixu.s                         0x00000000   Number         0  dfixu.o ABSOLUTE
    ../fplib/dflt.s                          0x00000000   Number         0  dflt_clz.o ABSOLUTE
    ../fplib/dnaninf.s                       0x00000000   Number         0  dnaninf.o ABSOLUTE
    ../fplib/dretinf.s                       0x00000000   Number         0  dretinf.o ABSOLUTE
    ../fplib/fpinit.s                        0x00000000   Number         0  fpinit.o ABSOLUTE
    ../fplib/usenofp.s                       0x00000000   Number         0  usenofp.o ABSOLUTE
    FreeRTOS\Source\list.c                   0x00000000   Number         0  list.o ABSOLUTE
    FreeRTOS\Source\portable\MemMang\heap_1.c 0x00000000   Number         0  heap_1.o ABSOLUTE
    FreeRTOS\Source\portable\RVDS\ARM_CM4F\port.c 0x00000000   Number         0  port.o ABSOLUTE
    FreeRTOS\Source\queue.c                  0x00000000   Number         0  queue.o ABSOLUTE
    FreeRTOS\Source\tasks.c                  0x00000000   Number         0  tasks.o ABSOLUTE
    FreeRTOS\Source\timers.c                 0x00000000   Number         0  timers.o ABSOLUTE
    FreeRTOS\\Source\\portable\\RVDS\\ARM_CM4F\\port.c 0x00000000   Number         0  port.o ABSOLUTE
    HAL\HAL_GPIO.c                           0x00000000   Number         0  hal_gpio.o ABSOLUTE
    HAL\HAL_NVIC.c                           0x00000000   Number         0  hal_nvic.o ABSOLUTE
    HAL\HAL_PLL.c                            0x00000000   Number         0  hal_pll.o ABSOLUTE
    HAL\HAL_UART.c                           0x00000000   Number         0  hal_uart.o ABSOLUTE
    dc.s                                     0x00000000   Number         0  dc.o ABSOLUTE
    main.c                                   0x00000000   Number         0  main.o ABSOLUTE
    startup_rvmdk.S                          0x00000000   Number         0  startup_rvmdk.o ABSOLUTE
    $v0                                      0x0000026c   Number         0  startup_rvmdk.o(RESET)
    NmiSR                                    0x00000281   Thumb Code     0  startup_rvmdk.o(RESET)
    FaultISR                                 0x00000283   Thumb Code     0  startup_rvmdk.o(RESET)
    IntDefaultHandler                        0x00000285   Thumb Code     0  startup_rvmdk.o(RESET)
    !!!main                                  0x00000288   Section        8  __main.o(!!!main)
    !!!scatter                               0x00000290   Section       52  __scatter.o(!!!scatter)
    !!handler_copy                           0x000002c4   Section       26  __scatter_copy.o(!!handler_copy)
    !!handler_zi                             0x000002e0   Section       28  __scatter_zi.o(!!handler_zi)
    .ARM.Collect$$libinit$$00000000          0x000002fc   Section        2  libinit.o(.ARM.Collect$$libinit$$00000000)
    .ARM.Collect$$libinit$$00000001          0x000002fe   Section        4  libinit2.o(.ARM.Collect$$libinit$$00000001)
    .ARM.Collect$$libinit$$00000004          0x00000302   Section        0  libinit2.o(.ARM.Collect$$libinit$$00000004)
    .ARM.Collect$$libinit$$0000000A          0x00000302   Section        0  libinit2.o(.ARM.Collect$$libinit$$0000000A)
    .ARM.Collect$$libinit$$0000000C          0x00000302   Section        0  libinit2.o(.ARM.Collect$$libinit$$0000000C)
    .ARM.Collect$$libinit$$0000000E          0x00000302   Section        0  libinit2.o(.ARM.Collect$$libinit$$0000000E)
    .ARM.Collect$$libinit$$00000011          0x00000302   Section        0  libinit2.o(.ARM.Collect$$libinit$$00000011)
    .ARM.Collect$$libinit$$00000013          0x00000302   Section        0  libinit2.o(.ARM.Collect$$libinit$$00000013)
    .ARM.Collect$$libinit$$00000015          0x00000302   Section        0  libinit2.o(.ARM.Collect$$libinit$$00000015)
    .ARM.Collect$$libinit$$00000017          0x00000302   Section        0  libinit2.o(.ARM.Collect$$libinit$$00000017)
    .ARM.Collect$$libinit$$00000019          0x00000302   Section        0  libinit2.o(.ARM.Collect$$libinit$$00000019)
    .ARM.Collect$$libinit$$0000001B          0x00000302   Section        0  libinit2.o(.ARM.Collect$$libinit$$0000001B)
    .ARM.Collect$$libinit$$0000001D          0x00000302   Section        0  libinit2.o(.ARM.Collect$$libinit$$0000001D)
    .ARM.Collect$$libinit$$0000001F          0x00000302   Section        0  libinit2.o(.ARM.Collect$$libinit$$0000001F)
    .ARM.Collect$$libinit$$00000021          0x00000302   Section        0  libinit2.o(.ARM.Collect$$libinit$$00000021)
    .ARM.Collect$$libinit$$00000023          0x00000302   Section        0  libinit2.o(.ARM.Collect$$libinit$$00000023)
    .ARM.Collect$$libinit$$00000025          0x00000302   Section        0  libinit2.o(.ARM.Collect$$libinit$$00000025)
    .ARM.Collect$$libinit$$0000002C          0x00000302   Section        0  libinit2.o(.ARM.Collect$$libinit$$0000002C)
    .ARM.Collect$$libinit$$0000002E          0x00000302   Section        0  libinit2.o(.ARM.Collect$$libinit$$0000002E)
    .ARM.Collect$$libinit$$00000030          0x00000302   Section        0  libinit2.o(.ARM.Collect$$libinit$$00000030)
    .ARM.Collect$$libinit$$00000032          0x00000302   Section        0  libinit2.o(.ARM.Collect$$libinit$$00000032)
    .ARM.Collect$$libinit$$00000033          0x00000302   Section        2  libinit2.o(.ARM.Collect$$libinit$$00000033)
    .ARM.Collect$$libshutdown$$00000000      0x00000304   Section        2  libshutdown.o(.ARM.Collect$$libshutdown$$00000000)
    .ARM.Collect$$libshutdown$$00000002      0x00000306   Section        0  libshutdown2.o(.ARM.Collect$$libshutdown$$00000002)
    .ARM.Collect$$libshutdown$$00000004      0x00000306   Section        0  libshutdown2.o(.ARM.Collect$$libshutdown$$00000004)
    .ARM.Collect$$libshutdown$$00000007      0x00000306   Section        0  libshutdown2.o(.ARM.Collect$$libshutdown$$00000007)
    .ARM.Collect$$libshutdown$$0000000A      0x00000306   Section        0  libshutdown2.o(.ARM.Collect$$libshutdown$$0000000A)
    .ARM.Collect$$libshutdown$$0000000C      0x00000306   Section        0  libshutdown2.o(.ARM.Collect$$libshutdown$$0000000C)
    .ARM.Collect$$libshutdown$$0000000F      0x00000306   Section        0  libshutdown2.o(.ARM.Collect$$libshutdown$$0000000F)
    .ARM.Collect$$libshutdown$$00000010      0x00000306   Section        2  libshutdown2.o(.ARM.Collect$$libshutdown$$00000010)
    .ARM.Collect$$rtentry$$00000000          0x00000308   Section        0  __rtentry.o(.ARM.Collect$$rtentry$$00000000)
    .ARM.Collect$$rtentry$$00000002          0x00000308   Section        0  __rtentry2.o(.ARM.Collect$$rtentry$$00000002)
    .ARM.Collect$$rtentry$$00000004          0x00000308   Section        6  __rtentry4.o(.ARM.Collect$$rtentry$$00000004)
    .ARM.Collect$$rtentry$$00000009          0x0000030e   Section        0  __rtentry2.o(.ARM.Collect$$rtentry$$00000009)
    .ARM.Collect$$rtentry$$0000000A          0x0000030e   Section        4  __rtentry2.o(.ARM.Collect$$rtentry$$0000000A)
    .ARM.Collect$$rtentry$$0000000C          0x00000312   Section        0  __rtentry2.o(.ARM.Collect$$rtentry$$0000000C)
    .ARM.Collect$$rtentry$$0000000D          0x00000312   Section        8  __rtentry2.o(.ARM.Collect$$rtentry$$0000000D)
    .ARM.Collect$$rtexit$$00000000           0x0000031a   Section        2  rtexit.o(.ARM.Collect$$rtexit$$00000000)
    .ARM.Collect$$rtexit$$00000002           0x0000031c   Section        0  rtexit2.o(.ARM.Collect$$rtexit$$00000002)
    .ARM.Collect$$rtexit$$00000003           0x0000031c   Section        4  rtexit2.o(.ARM.Collect$$rtexit$$00000003)
    .ARM.Collect$$rtexit$$00000004           0x00000320   Section        6  rtexit2.o(.ARM.Collect$$rtexit$$00000004)
    .emb_text                                0x00000328   Section      190  port.o(.emb_text)
    $v0                                      0x00000328   Number         0  port.o(.emb_text)
    .text                                    0x000003e8   Section       24  startup_rvmdk.o(.text)
    $v0                                      0x000003e8   Number         0  startup_rvmdk.o(.text)
    .text                                    0x00000400   Section      138  rt_memcpy_v6.o(.text)
    .text                                    0x0000048a   Section        0  heapauxi.o(.text)
    .text                                    0x00000490   Section      100  rt_memcpy_w.o(.text)
    .text                                    0x000004f4   Section       74  sys_stackheap_outer.o(.text)
    .text                                    0x0000053e   Section        0  exit.o(.text)
    .text                                    0x00000550   Section        8  libspace.o(.text)
    .text                                    0x00000558   Section        0  sys_exit.o(.text)
    .text                                    0x00000564   Section        2  use_no_semi.o(.text)
    .text                                    0x00000566   Section        0  indicate_semi.o(.text)
    i.BlinkLED                               0x00000566   Section        0  main.o(i.BlinkLED)
    i.GPIO_DisarmInterrupt                   0x0000057c   Section        0  hal_gpio.o(i.GPIO_DisarmInterrupt)
    i.GPIO_EnableDI                          0x000005ac   Section        0  hal_gpio.o(i.GPIO_EnableDI)
    i.GPIO_EnableDO                          0x00000644   Section        0  hal_gpio.o(i.GPIO_EnableDO)
    i.GPIO_EnableInterrupt                   0x0000071c   Section        0  hal_gpio.o(i.GPIO_EnableInterrupt)
    i.GPIO_GetBitBandIOAddress               0x00000828   Section        0  hal_gpio.o(i.GPIO_GetBitBandIOAddress)
    i.GPIO_InitPort                          0x0000085c   Section        0  hal_gpio.o(i.GPIO_InitPort)
    i.GPIO_PortFHandler                      0x0000088c   Section        0  hal_gpio.o(i.GPIO_PortFHandler)
    i.GPIO_RearmInterrupt                    0x000008a8   Section        0  hal_gpio.o(i.GPIO_RearmInterrupt)
    i.GetPinNumber                           0x000008d8   Section        0  hal_gpio.o(i.GetPinNumber)
    GetPinNumber                             0x000008d9   Thumb Code    28  hal_gpio.o(i.GetPinNumber)
    i.HandleInterrupt                        0x000008f4   Section        0  hal_gpio.o(i.HandleInterrupt)
    HandleInterrupt                          0x000008f5   Thumb Code    38  hal_gpio.o(i.HandleInterrupt)
    i.InitHardware                           0x0000091c   Section        0  main.o(i.InitHardware)
    i.NVIC_EnableIRQ                         0x0000099c   Section        0  hal_nvic.o(i.NVIC_EnableIRQ)
    i.PLL_GetBusClockFreq                    0x000009e0   Section        0  hal_pll.o(i.PLL_GetBusClockFreq)
    i.PLL_Init80MHz                          0x000009ec   Section        0  hal_pll.o(i.PLL_Init80MHz)
    i.SetPriority                            0x00000a6c   Section        0  hal_nvic.o(i.SetPriority)
    SetPriority                              0x00000a6d   Thumb Code    50  hal_nvic.o(i.SetPriority)
    i.SwitchHandler                          0x00000aa4   Section        0  main.o(i.SwitchHandler)
    i.SysTick_Handler                        0x00000af4   Section        0  port.o(i.SysTick_Handler)
    i.main                                   0x00000b28   Section        0  main.o(i.main)
    i.prvAddCurrentTaskToDelayedList         0x00000bb0   Section        0  tasks.o(i.prvAddCurrentTaskToDelayedList)
    prvAddCurrentTaskToDelayedList           0x00000bb1   Thumb Code   124  tasks.o(i.prvAddCurrentTaskToDelayedList)
    i.prvAddNewTaskToReadyList               0x00000c48   Section        0  tasks.o(i.prvAddNewTaskToReadyList)
    prvAddNewTaskToReadyList                 0x00000c49   Thumb Code   150  tasks.o(i.prvAddNewTaskToReadyList)
    i.prvCheckForValidListAndQueue           0x00000cfc   Section        0  timers.o(i.prvCheckForValidListAndQueue)
    prvCheckForValidListAndQueue             0x00000cfd   Thumb Code    56  timers.o(i.prvCheckForValidListAndQueue)
    i.prvCheckTasksWaitingTermination        0x00000d48   Section        0  tasks.o(i.prvCheckTasksWaitingTermination)
    prvCheckTasksWaitingTermination          0x00000d49   Thumb Code    60  tasks.o(i.prvCheckTasksWaitingTermination)
    i.prvCopyDataFromQueue                   0x00000d90   Section        0  queue.o(i.prvCopyDataFromQueue)
    prvCopyDataFromQueue                     0x00000d91   Thumb Code    42  queue.o(i.prvCopyDataFromQueue)
    i.prvCopyDataToQueue                     0x00000dba   Section        0  queue.o(i.prvCopyDataToQueue)
    prvCopyDataToQueue                       0x00000dbb   Thumb Code   124  queue.o(i.prvCopyDataToQueue)
    i.prvDeleteTCB                           0x00000e36   Section        0  tasks.o(i.prvDeleteTCB)
    prvDeleteTCB                             0x00000e37   Thumb Code    18  tasks.o(i.prvDeleteTCB)
    i.prvGetNextExpireTime                   0x00000e48   Section        0  timers.o(i.prvGetNextExpireTime)
    prvGetNextExpireTime                     0x00000e49   Thumb Code    36  timers.o(i.prvGetNextExpireTime)
    i.prvIdleTask                            0x00000e70   Section        0  tasks.o(i.prvIdleTask)
    prvIdleTask                              0x00000e71   Thumb Code    32  tasks.o(i.prvIdleTask)
    i.prvInitialiseNewQueue                  0x00000e98   Section        0  queue.o(i.prvInitialiseNewQueue)
    prvInitialiseNewQueue                    0x00000e99   Thumb Code    42  queue.o(i.prvInitialiseNewQueue)
    i.prvInitialiseNewTask                   0x00000ec2   Section        0  tasks.o(i.prvInitialiseNewTask)
    prvInitialiseNewTask                     0x00000ec3   Thumb Code   172  tasks.o(i.prvInitialiseNewTask)
    i.prvInitialiseNewTimer                  0x00000f6e   Section        0  timers.o(i.prvInitialiseNewTimer)
    prvInitialiseNewTimer                    0x00000f6f   Thumb Code    80  timers.o(i.prvInitialiseNewTimer)
    i.prvInitialiseTaskLists                 0x00000fc0   Section        0  tasks.o(i.prvInitialiseTaskLists)
    prvInitialiseTaskLists                   0x00000fc1   Thumb Code    70  tasks.o(i.prvInitialiseTaskLists)
    i.prvInsertTimerInActiveList             0x00001028   Section        0  timers.o(i.prvInsertTimerInActiveList)
    prvInsertTimerInActiveList               0x00001029   Thumb Code    80  timers.o(i.prvInsertTimerInActiveList)
    i.prvIsQueueEmpty                        0x00001080   Section        0  queue.o(i.prvIsQueueEmpty)
    prvIsQueueEmpty                          0x00001081   Thumb Code    26  queue.o(i.prvIsQueueEmpty)
    i.prvIsQueueFull                         0x0000109a   Section        0  queue.o(i.prvIsQueueFull)
    prvIsQueueFull                           0x0000109b   Thumb Code    30  queue.o(i.prvIsQueueFull)
    i.prvNotifyQueueSetContainer             0x000010b8   Section        0  queue.o(i.prvNotifyQueueSetContainer)
    prvNotifyQueueSetContainer               0x000010b9   Thumb Code   148  queue.o(i.prvNotifyQueueSetContainer)
    i.prvProcessExpiredTimer                 0x0000114c   Section        0  timers.o(i.prvProcessExpiredTimer)
    prvProcessExpiredTimer                   0x0000114d   Thumb Code    96  timers.o(i.prvProcessExpiredTimer)
    i.prvProcessReceivedCommands             0x000011b0   Section        0  timers.o(i.prvProcessReceivedCommands)
    prvProcessReceivedCommands               0x000011b1   Thumb Code   244  timers.o(i.prvProcessReceivedCommands)
    i.prvProcessTimerOrBlockTask             0x000012a8   Section        0  timers.o(i.prvProcessTimerOrBlockTask)
    prvProcessTimerOrBlockTask               0x000012a9   Thumb Code   102  timers.o(i.prvProcessTimerOrBlockTask)
    i.prvQueueReceiveTask                    0x0000131c   Section        0  main.o(i.prvQueueReceiveTask)
    prvQueueReceiveTask                      0x0000131d   Thumb Code    66  main.o(i.prvQueueReceiveTask)
    i.prvQueueSendTask                       0x00001370   Section        0  main.o(i.prvQueueSendTask)
    prvQueueSendTask                         0x00001371   Thumb Code    40  main.o(i.prvQueueSendTask)
    i.prvQueueSendTimerCallback              0x0000139c   Section        0  main.o(i.prvQueueSendTimerCallback)
    prvQueueSendTimerCallback                0x0000139d   Thumb Code    24  main.o(i.prvQueueSendTimerCallback)
    i.prvResetNextTaskUnblockTime            0x000013b8   Section        0  tasks.o(i.prvResetNextTaskUnblockTime)
    prvResetNextTaskUnblockTime              0x000013b9   Thumb Code    42  tasks.o(i.prvResetNextTaskUnblockTime)
    i.prvSampleTimeNow                       0x000013ec   Section        0  timers.o(i.prvSampleTimeNow)
    prvSampleTimeNow                         0x000013ed   Thumb Code    40  timers.o(i.prvSampleTimeNow)
    i.prvSwitchTimerLists                    0x00001418   Section        0  timers.o(i.prvSwitchTimerLists)
    prvSwitchTimerLists                      0x00001419   Thumb Code   152  timers.o(i.prvSwitchTimerLists)
    i.prvTaskExitError                       0x000014b8   Section        0  port.o(i.prvTaskExitError)
    prvTaskExitError                         0x000014b9   Thumb Code    64  port.o(i.prvTaskExitError)
    i.prvTimerTask                           0x000014fc   Section        0  timers.o(i.prvTimerTask)
    prvTimerTask                             0x000014fd   Thumb Code    26  timers.o(i.prvTimerTask)
    i.prvUnlockQueue                         0x00001516   Section        0  queue.o(i.prvUnlockQueue)
    prvUnlockQueue                           0x00001517   Thumb Code   146  queue.o(i.prvUnlockQueue)
    i.pvPortMalloc                           0x000015a8   Section        0  heap_1.o(i.pvPortMalloc)
    i.pxPortInitialiseStack                  0x00001618   Section        0  port.o(i.pxPortInitialiseStack)
    i.uxListRemove                           0x00001644   Section        0  list.o(i.uxListRemove)
    i.vListInitialise                        0x0000166c   Section        0  list.o(i.vListInitialise)
    i.vListInitialiseItem                    0x00001686   Section        0  list.o(i.vListInitialiseItem)
    i.vListInsert                            0x0000168c   Section        0  list.o(i.vListInsert)
    i.vListInsertEnd                         0x000016c0   Section        0  list.o(i.vListInsertEnd)
    i.vPortEnterCritical                     0x000016d8   Section        0  port.o(i.vPortEnterCritical)
    i.vPortExitCritical                      0x00001730   Section        0  port.o(i.vPortExitCritical)
    i.vPortFree                              0x00001770   Section        0  heap_1.o(i.vPortFree)
    i.vPortSetupTimerInterrupt               0x00001794   Section        0  port.o(i.vPortSetupTimerInterrupt)
    i.vPortValidateInterruptPriority         0x000017bc   Section        0  port.o(i.vPortValidateInterruptPriority)
    i.vQueueWaitForMessageRestricted         0x00001838   Section        0  queue.o(i.vQueueWaitForMessageRestricted)
    i.vTaskDelay                             0x00001884   Section        0  tasks.o(i.vTaskDelay)
    i.vTaskDelayUntil                        0x000018e0   Section        0  tasks.o(i.vTaskDelayUntil)
    i.vTaskInternalSetTimeOutState           0x000019bc   Section        0  tasks.o(i.vTaskInternalSetTimeOutState)
    i.vTaskMissedYield                       0x000019d4   Section        0  tasks.o(i.vTaskMissedYield)
    i.vTaskPlaceOnEventList                  0x000019e0   Section        0  tasks.o(i.vTaskPlaceOnEventList)
    i.vTaskPlaceOnEventListRestricted        0x00001a1c   Section        0  tasks.o(i.vTaskPlaceOnEventListRestricted)
    i.vTaskStartScheduler                    0x00001a60   Section        0  tasks.o(i.vTaskStartScheduler)
    i.vTaskSuspendAll                        0x00001af8   Section        0  tasks.o(i.vTaskSuspendAll)
    i.vTaskSwitchContext                     0x00001b08   Section        0  tasks.o(i.vTaskSwitchContext)
    i.xPortStartScheduler                    0x00001b94   Section        0  port.o(i.xPortStartScheduler)
    i.xQueueGenericCreate                    0x00001d04   Section        0  queue.o(i.xQueueGenericCreate)
    i.xQueueGenericReset                     0x00001d60   Section        0  queue.o(i.xQueueGenericReset)
    i.xQueueGenericSend                      0x00001df8   Section        0  queue.o(i.xQueueGenericSend)
    i.xQueueGenericSendFromISR               0x00001fc8   Section        0  queue.o(i.xQueueGenericSendFromISR)
    i.xQueueReceive                          0x000020d8   Section        0  queue.o(i.xQueueReceive)
    i.xTaskCheckForTimeOut                   0x00002248   Section        0  tasks.o(i.xTaskCheckForTimeOut)
    i.xTaskCreate                            0x000022d8   Section        0  tasks.o(i.xTaskCreate)
    i.xTaskGetSchedulerState                 0x00002338   Section        0  tasks.o(i.xTaskGetSchedulerState)
    i.xTaskGetTickCount                      0x00002358   Section        0  tasks.o(i.xTaskGetTickCount)
    i.xTaskGetTickCountFromISR               0x00002364   Section        0  tasks.o(i.xTaskGetTickCountFromISR)
    i.xTaskIncrementTick                     0x00002378   Section        0  tasks.o(i.xTaskIncrementTick)
    i.xTaskPriorityDisinherit                0x000024c0   Section        0  tasks.o(i.xTaskPriorityDisinherit)
    i.xTaskRemoveFromEventList               0x0000258c   Section        0  tasks.o(i.xTaskRemoveFromEventList)
    i.xTaskResumeAll                         0x00002628   Section        0  tasks.o(i.xTaskResumeAll)
    i.xTimerCreate                           0x00002730   Section        0  timers.o(i.xTimerCreate)
    i.xTimerCreateTimerTask                  0x00002760   Section        0  timers.o(i.xTimerCreateTimerTask)
    i.xTimerGenericCommand                   0x000027b8   Section        0  timers.o(i.xTimerGenericCommand)
    x$fpl$fpinit                             0x0000283c   Section       10  fpinit.o(x$fpl$fpinit)
    $v0                                      0x0000283c   Number         0  fpinit.o(x$fpl$fpinit)
    .constdata                               0x00002848   Section       18  main.o(.constdata)
    .data                                    0x20000000   Section       20  main.o(.data)
    xQueue                                   0x20000000   Data           4  main.o(.data)
    xTimer                                   0x20000004   Data           4  main.o(.data)
    .data                                    0x20000014   Section       60  tasks.o(.data)
    pxDelayedTaskList                        0x20000018   Data           4  tasks.o(.data)
    pxOverflowDelayedTaskList                0x2000001c   Data           4  tasks.o(.data)
    uxDeletedTasksWaitingCleanUp             0x20000020   Data           4  tasks.o(.data)
    uxCurrentNumberOfTasks                   0x20000024   Data           4  tasks.o(.data)
    xTickCount                               0x20000028   Data           4  tasks.o(.data)
    uxTopReadyPriority                       0x2000002c   Data           4  tasks.o(.data)
    xSchedulerRunning                        0x20000030   Data           4  tasks.o(.data)
    uxPendedTicks                            0x20000034   Data           4  tasks.o(.data)
    xYieldPending                            0x20000038   Data           4  tasks.o(.data)
    xNumOfOverflows                          0x2000003c   Data           4  tasks.o(.data)
    uxTaskNumber                             0x20000040   Data           4  tasks.o(.data)
    xNextTaskUnblockTime                     0x20000044   Data           4  tasks.o(.data)
    xIdleTaskHandle                          0x20000048   Data           4  tasks.o(.data)
    uxSchedulerSuspended                     0x2000004c   Data           4  tasks.o(.data)
    .data                                    0x20000050   Section       20  timers.o(.data)
    pxCurrentTimerList                       0x20000050   Data           4  timers.o(.data)
    pxOverflowTimerList                      0x20000054   Data           4  timers.o(.data)
    xTimerQueue                              0x20000058   Data           4  timers.o(.data)
    xTimerTaskHandle                         0x2000005c   Data           4  timers.o(.data)
    xLastTime                                0x20000060   Data           4  timers.o(.data)
    .data                                    0x20000064   Section       12  port.o(.data)
    uxCriticalNesting                        0x20000064   Data           4  port.o(.data)
    ucMaxSysCallPriority                     0x20000068   Data           1  port.o(.data)
    ulMaxPRIGROUPValue                       0x2000006c   Data           4  port.o(.data)
    .data                                    0x20000070   Section        8  heap_1.o(.data)
    xNextFreeByte                            0x20000070   Data           4  heap_1.o(.data)
    pucAlignedHeap                           0x20000074   Data           4  heap_1.o(.data)
    .data                                    0x20000078   Section       28  hal_gpio.o(.data)
    PortF_Callback                           0x20000090   Data           4  hal_gpio.o(.data)
    .data                                    0x20000094   Section        4  hal_pll.o(.data)
    busClockFreq_                            0x20000094   Data           4  hal_pll.o(.data)
    .bss                                     0x20000098   Section      200  tasks.o(.bss)
    pxReadyTasksLists                        0x20000098   Data         100  tasks.o(.bss)
    xDelayedTaskList1                        0x200000fc   Data          20  tasks.o(.bss)
    xDelayedTaskList2                        0x20000110   Data          20  tasks.o(.bss)
    xPendingReadyList                        0x20000124   Data          20  tasks.o(.bss)
    xTasksWaitingTermination                 0x20000138   Data          20  tasks.o(.bss)
    xSuspendedTaskList                       0x2000014c   Data          20  tasks.o(.bss)
    .bss                                     0x20000160   Section       40  timers.o(.bss)
    xActiveTimerList1                        0x20000160   Data          20  timers.o(.bss)
    xActiveTimerList2                        0x20000174   Data          20  timers.o(.bss)
    .bss                                     0x20000188   Section     4096  heap_1.o(.bss)
    ucHeap                                   0x20000188   Data        4096  heap_1.o(.bss)
    .bss                                     0x20001188   Section       96  libspace.o(.bss)
    HEAP                                     0x200011e8   Section        0  startup_rvmdk.o(HEAP)
    STACK                                    0x200011e8   Section      256  startup_rvmdk.o(STACK)
    HeapMem                                  0x200011e8   Data           0  startup_rvmdk.o(HEAP)
    StackMem                                 0x200011e8   Data           0  startup_rvmdk.o(STACK)

    Global Symbols

    Symbol Name                              Value     Ov Type        Size  Object(Section)

    BuildAttributes$$THM_ISAv4$E$P$D$K$B$S$7EM$VFPi3$EXTD16$VFPS$VFMA$PE$A:L22UL41UL21$X:L11$S22US41US21$IEEE1$IW$USESV6$~STKCKD$USESV7$~SHL$OSPACE$ROPI$EBA8$UX$STANDARDLIB$REQ8$PRES8$EABIv2 0x00000000   Number         0  anon$$obj.o ABSOLUTE
    __ARM_use_no_argv                        0x00000000   Number         0  main.o ABSOLUTE
    __Vectors                                0x00000000   Data           0  startup_rvmdk.o(RESET)
    __ARM_exceptions_init                     - Undefined Weak Reference
    __alloca_initialize                       - Undefined Weak Reference
    __arm_preinit_                            - Undefined Weak Reference
    __cpp_initialize__aeabi_                  - Undefined Weak Reference
    __cxa_finalize                            - Undefined Weak Reference
    __rt_locale                               - Undefined Weak Reference
    __sigvec_lookup                           - Undefined Weak Reference
    _atexit_init                              - Undefined Weak Reference
    _call_atexit_fns                          - Undefined Weak Reference
    _clock_init                               - Undefined Weak Reference
    _fp_trap_init                             - Undefined Weak Reference
    _fp_trap_shutdown                         - Undefined Weak Reference
    _get_lc_collate                           - Undefined Weak Reference
    _get_lc_ctype                             - Undefined Weak Reference
    _get_lc_monetary                          - Undefined Weak Reference
    _get_lc_numeric                           - Undefined Weak Reference
    _get_lc_time                              - Undefined Weak Reference
    _getenv_init                              - Undefined Weak Reference
    _handle_redirection                       - Undefined Weak Reference
    _init_alloc                               - Undefined Weak Reference
    _init_user_alloc                          - Undefined Weak Reference
    _initio                                   - Undefined Weak Reference
    _rand_init                                - Undefined Weak Reference
    _signal_finish                            - Undefined Weak Reference
    _signal_init                              - Undefined Weak Reference
    _terminate_alloc                          - Undefined Weak Reference
    _terminate_user_alloc                     - Undefined Weak Reference
    _terminateio                              - Undefined Weak Reference
    Reset_Handler                            0x0000026d   Thumb Code     0  startup_rvmdk.o(RESET)
    __main                                   0x00000289   Thumb Code     8  __main.o(!!!main)
    __scatterload                            0x00000291   Thumb Code     0  __scatter.o(!!!scatter)
    __scatterload_rt2                        0x00000291   Thumb Code    44  __scatter.o(!!!scatter)
    __scatterload_rt2_thumb_only             0x00000291   Thumb Code     0  __scatter.o(!!!scatter)
    __scatterload_null                       0x0000029f   Thumb Code     0  __scatter.o(!!!scatter)
    __scatterload_copy                       0x000002c5   Thumb Code    26  __scatter_copy.o(!!handler_copy)
    __scatterload_zeroinit                   0x000002e1   Thumb Code    28  __scatter_zi.o(!!handler_zi)
    __rt_lib_init                            0x000002fd   Thumb Code     0  libinit.o(.ARM.Collect$$libinit$$00000000)
    __rt_lib_init_fp_1                       0x000002ff   Thumb Code     0  libinit2.o(.ARM.Collect$$libinit$$00000001)
    __rt_lib_init_alloca_1                   0x00000303   Thumb Code     0  libinit2.o(.ARM.Collect$$libinit$$0000002E)
    __rt_lib_init_argv_1                     0x00000303   Thumb Code     0  libinit2.o(.ARM.Collect$$libinit$$0000002C)
    __rt_lib_init_atexit_1                   0x00000303   Thumb Code     0  libinit2.o(.ARM.Collect$$libinit$$0000001B)
    __rt_lib_init_clock_1                    0x00000303   Thumb Code     0  libinit2.o(.ARM.Collect$$libinit$$00000021)
    __rt_lib_init_cpp_1                      0x00000303   Thumb Code     0  libinit2.o(.ARM.Collect$$libinit$$00000032)
    __rt_lib_init_exceptions_1               0x00000303   Thumb Code     0  libinit2.o(.ARM.Collect$$libinit$$00000030)
    __rt_lib_init_fp_trap_1                  0x00000303   Thumb Code     0  libinit2.o(.ARM.Collect$$libinit$$0000001F)
    __rt_lib_init_getenv_1                   0x00000303   Thumb Code     0  libinit2.o(.ARM.Collect$$libinit$$00000023)
    __rt_lib_init_heap_1                     0x00000303   Thumb Code     0  libinit2.o(.ARM.Collect$$libinit$$0000000A)
    __rt_lib_init_lc_collate_1               0x00000303   Thumb Code     0  libinit2.o(.ARM.Collect$$libinit$$00000011)
    __rt_lib_init_lc_ctype_1                 0x00000303   Thumb Code     0  libinit2.o(.ARM.Collect$$libinit$$00000013)
    __rt_lib_init_lc_monetary_1              0x00000303   Thumb Code     0  libinit2.o(.ARM.Collect$$libinit$$00000015)
    __rt_lib_init_lc_numeric_1               0x00000303   Thumb Code     0  libinit2.o(.ARM.Collect$$libinit$$00000017)
    __rt_lib_init_lc_time_1                  0x00000303   Thumb Code     0  libinit2.o(.ARM.Collect$$libinit$$00000019)
    __rt_lib_init_preinit_1                  0x00000303   Thumb Code     0  libinit2.o(.ARM.Collect$$libinit$$00000004)
    __rt_lib_init_rand_1                     0x00000303   Thumb Code     0  libinit2.o(.ARM.Collect$$libinit$$0000000E)
    __rt_lib_init_return                     0x00000303   Thumb Code     0  libinit2.o(.ARM.Collect$$libinit$$00000033)
    __rt_lib_init_signal_1                   0x00000303   Thumb Code     0  libinit2.o(.ARM.Collect$$libinit$$0000001D)
    __rt_lib_init_stdio_1                    0x00000303   Thumb Code     0  libinit2.o(.ARM.Collect$$libinit$$00000025)
    __rt_lib_init_user_alloc_1               0x00000303   Thumb Code     0  libinit2.o(.ARM.Collect$$libinit$$0000000C)
    __rt_lib_shutdown                        0x00000305   Thumb Code     0  libshutdown.o(.ARM.Collect$$libshutdown$$00000000)
    __rt_lib_shutdown_cpp_1                  0x00000307   Thumb Code     0  libshutdown2.o(.ARM.Collect$$libshutdown$$00000002)
    __rt_lib_shutdown_fp_trap_1              0x00000307   Thumb Code     0  libshutdown2.o(.ARM.Collect$$libshutdown$$00000007)
    __rt_lib_shutdown_heap_1                 0x00000307   Thumb Code     0  libshutdown2.o(.ARM.Collect$$libshutdown$$0000000F)
    __rt_lib_shutdown_return                 0x00000307   Thumb Code     0  libshutdown2.o(.ARM.Collect$$libshutdown$$00000010)
    __rt_lib_shutdown_signal_1               0x00000307   Thumb Code     0  libshutdown2.o(.ARM.Collect$$libshutdown$$0000000A)
    __rt_lib_shutdown_stdio_1                0x00000307   Thumb Code     0  libshutdown2.o(.ARM.Collect$$libshutdown$$00000004)
    __rt_lib_shutdown_user_alloc_1           0x00000307   Thumb Code     0  libshutdown2.o(.ARM.Collect$$libshutdown$$0000000C)
    __rt_entry                               0x00000309   Thumb Code     0  __rtentry.o(.ARM.Collect$$rtentry$$00000000)
    __rt_entry_presh_1                       0x00000309   Thumb Code     0  __rtentry2.o(.ARM.Collect$$rtentry$$00000002)
    __rt_entry_sh                            0x00000309   Thumb Code     0  __rtentry4.o(.ARM.Collect$$rtentry$$00000004)
    __rt_entry_li                            0x0000030f   Thumb Code     0  __rtentry2.o(.ARM.Collect$$rtentry$$0000000A)
    __rt_entry_postsh_1                      0x0000030f   Thumb Code     0  __rtentry2.o(.ARM.Collect$$rtentry$$00000009)
    __rt_entry_main                          0x00000313   Thumb Code     0  __rtentry2.o(.ARM.Collect$$rtentry$$0000000D)
    __rt_entry_postli_1                      0x00000313   Thumb Code     0  __rtentry2.o(.ARM.Collect$$rtentry$$0000000C)
    __rt_exit                                0x0000031b   Thumb Code     0  rtexit.o(.ARM.Collect$$rtexit$$00000000)
    __rt_exit_ls                             0x0000031d   Thumb Code     0  rtexit2.o(.ARM.Collect$$rtexit$$00000003)
    __rt_exit_prels_1                        0x0000031d   Thumb Code     0  rtexit2.o(.ARM.Collect$$rtexit$$00000002)
    __rt_exit_exit                           0x00000321   Thumb Code     0  rtexit2.o(.ARM.Collect$$rtexit$$00000004)
    SVC_Handler                              0x00000329   Thumb Code    28  port.o(.emb_text)
    __asm___6_port_c_39a90d8d__prvStartFirstTask 0x00000349   Thumb Code    36  port.o(.emb_text)
    __asm___6_port_c_39a90d8d__prvEnableVFP  0x00000371   Thumb Code    16  port.o(.emb_text)
    PendSV_Handler                           0x00000385   Thumb Code    88  port.o(.emb_text)
    vPortGetIPSR                             0x000003e1   Thumb Code     6  port.o(.emb_text)
    __user_initial_stackheap                 0x000003e9   Thumb Code     0  startup_rvmdk.o(.text)
    __aeabi_memcpy                           0x00000401   Thumb Code     0  rt_memcpy_v6.o(.text)
    __rt_memcpy                              0x00000401   Thumb Code   138  rt_memcpy_v6.o(.text)
    _memcpy_lastbytes                        0x00000467   Thumb Code     0  rt_memcpy_v6.o(.text)
    __use_two_region_memory                  0x0000048b   Thumb Code     2  heapauxi.o(.text)
    __rt_heap_escrow$2region                 0x0000048d   Thumb Code     2  heapauxi.o(.text)
    __rt_heap_expand$2region                 0x0000048f   Thumb Code     2  heapauxi.o(.text)
    __aeabi_memcpy4                          0x00000491   Thumb Code     0  rt_memcpy_w.o(.text)
    __aeabi_memcpy8                          0x00000491   Thumb Code     0  rt_memcpy_w.o(.text)
    __rt_memcpy_w                            0x00000491   Thumb Code   100  rt_memcpy_w.o(.text)
    _memcpy_lastbytes_aligned                0x000004d9   Thumb Code     0  rt_memcpy_w.o(.text)
    __user_setup_stackheap                   0x000004f5   Thumb Code    74  sys_stackheap_outer.o(.text)
    exit                                     0x0000053f   Thumb Code    18  exit.o(.text)
    __user_libspace                          0x00000551   Thumb Code     8  libspace.o(.text)
    __user_perproc_libspace                  0x00000551   Thumb Code     0  libspace.o(.text)
    __user_perthread_libspace                0x00000551   Thumb Code     0  libspace.o(.text)
    _sys_exit                                0x00000559   Thumb Code     8  sys_exit.o(.text)
    __I$use$semihosting                      0x00000565   Thumb Code     0  use_no_semi.o(.text)
    __use_no_semihosting_swi                 0x00000565   Thumb Code     2  use_no_semi.o(.text)
    BlinkLED                                 0x00000567   Thumb Code    22  main.o(i.BlinkLED)
    __semihosting_library_function           0x00000567   Thumb Code     0  indicate_semi.o(.text)
    GPIO_DisarmInterrupt                     0x0000057d   Thumb Code    42  hal_gpio.o(i.GPIO_DisarmInterrupt)
    GPIO_EnableDI                            0x000005ad   Thumb Code   144  hal_gpio.o(i.GPIO_EnableDI)
    GPIO_EnableDO                            0x00000645   Thumb Code   208  hal_gpio.o(i.GPIO_EnableDO)
    GPIO_EnableInterrupt                     0x0000071d   Thumb Code   258  hal_gpio.o(i.GPIO_EnableInterrupt)
    GPIO_GetBitBandIOAddress                 0x00000829   Thumb Code    46  hal_gpio.o(i.GPIO_GetBitBandIOAddress)
    GPIO_InitPort                            0x0000085d   Thumb Code    40  hal_gpio.o(i.GPIO_InitPort)
    GPIO_PortFHandler                        0x0000088d   Thumb Code    18  hal_gpio.o(i.GPIO_PortFHandler)
    GPIO_RearmInterrupt                      0x000008a9   Thumb Code    42  hal_gpio.o(i.GPIO_RearmInterrupt)
    InitHardware                             0x0000091d   Thumb Code   106  main.o(i.InitHardware)
    NVIC_EnableIRQ                           0x0000099d   Thumb Code    64  hal_nvic.o(i.NVIC_EnableIRQ)
    PLL_GetBusClockFreq                      0x000009e1   Thumb Code     6  hal_pll.o(i.PLL_GetBusClockFreq)
    PLL_Init80MHz                            0x000009ed   Thumb Code   114  hal_pll.o(i.PLL_Init80MHz)
    SwitchHandler                            0x00000aa5   Thumb Code    66  main.o(i.SwitchHandler)
    SysTick_Handler                          0x00000af5   Thumb Code    48  port.o(i.SysTick_Handler)
    main                                     0x00000b29   Thumb Code    98  main.o(i.main)
    pvPortMalloc                             0x000015a9   Thumb Code    98  heap_1.o(i.pvPortMalloc)
    pxPortInitialiseStack                    0x00001619   Thumb Code    38  port.o(i.pxPortInitialiseStack)
    uxListRemove                             0x00001645   Thumb Code    40  list.o(i.uxListRemove)
    vListInitialise                          0x0000166d   Thumb Code    26  list.o(i.vListInitialise)
    vListInitialiseItem                      0x00001687   Thumb Code     6  list.o(i.vListInitialiseItem)
    vListInsert                              0x0000168d   Thumb Code    52  list.o(i.vListInsert)
    vListInsertEnd                           0x000016c1   Thumb Code    24  list.o(i.vListInsertEnd)
    vPortEnterCritical                       0x000016d9   Thumb Code    80  port.o(i.vPortEnterCritical)
    vPortExitCritical                        0x00001731   Thumb Code    58  port.o(i.vPortExitCritical)
    vPortFree                                0x00001771   Thumb Code    36  heap_1.o(i.vPortFree)
    vPortSetupTimerInterrupt                 0x00001795   Thumb Code    36  port.o(i.vPortSetupTimerInterrupt)
    vPortValidateInterruptPriority           0x000017bd   Thumb Code   110  port.o(i.vPortValidateInterruptPriority)
    vQueueWaitForMessageRestricted           0x00001839   Thumb Code    74  queue.o(i.vQueueWaitForMessageRestricted)
    vTaskDelay                               0x00001885   Thumb Code    84  tasks.o(i.vTaskDelay)
    vTaskDelayUntil                          0x000018e1   Thumb Code   206  tasks.o(i.vTaskDelayUntil)
    vTaskInternalSetTimeOutState             0x000019bd   Thumb Code    14  tasks.o(i.vTaskInternalSetTimeOutState)
    vTaskMissedYield                         0x000019d5   Thumb Code     8  tasks.o(i.vTaskMissedYield)
    vTaskPlaceOnEventList                    0x000019e1   Thumb Code    54  tasks.o(i.vTaskPlaceOnEventList)
    vTaskPlaceOnEventListRestricted          0x00001a1d   Thumb Code    62  tasks.o(i.vTaskPlaceOnEventListRestricted)
    vTaskStartScheduler                      0x00001a61   Thumb Code   122  tasks.o(i.vTaskStartScheduler)
    vTaskSuspendAll                          0x00001af9   Thumb Code    12  tasks.o(i.vTaskSuspendAll)
    vTaskSwitchContext                       0x00001b09   Thumb Code   120  tasks.o(i.vTaskSwitchContext)
    xPortStartScheduler                      0x00001b95   Thumb Code   338  port.o(i.xPortStartScheduler)
    xQueueGenericCreate                      0x00001d05   Thumb Code    90  queue.o(i.xQueueGenericCreate)
    xQueueGenericReset                       0x00001d61   Thumb Code   148  queue.o(i.xQueueGenericReset)
    xQueueGenericSend                        0x00001df9   Thumb Code   460  queue.o(i.xQueueGenericSend)
    xQueueGenericSendFromISR                 0x00001fc9   Thumb Code   272  queue.o(i.xQueueGenericSendFromISR)
    xQueueReceive                            0x000020d9   Thumb Code   362  queue.o(i.xQueueReceive)
    xTaskCheckForTimeOut                     0x00002249   Thumb Code   136  tasks.o(i.xTaskCheckForTimeOut)
    xTaskCreate                              0x000022d9   Thumb Code    96  tasks.o(i.xTaskCreate)
    xTaskGetSchedulerState                   0x00002339   Thumb Code    24  tasks.o(i.xTaskGetSchedulerState)
    xTaskGetTickCount                        0x00002359   Thumb Code     6  tasks.o(i.xTaskGetTickCount)
    xTaskGetTickCountFromISR                 0x00002365   Thumb Code    16  tasks.o(i.xTaskGetTickCountFromISR)
    xTaskIncrementTick                       0x00002379   Thumb Code   284  tasks.o(i.xTaskIncrementTick)
    xTaskPriorityDisinherit                  0x000024c1   Thumb Code   192  tasks.o(i.xTaskPriorityDisinherit)
    xTaskRemoveFromEventList                 0x0000258d   Thumb Code   130  tasks.o(i.xTaskRemoveFromEventList)
    xTaskResumeAll                           0x00002629   Thumb Code   226  tasks.o(i.xTaskResumeAll)
    xTimerCreate                             0x00002731   Thumb Code    48  timers.o(i.xTimerCreate)
    xTimerCreateTimerTask                    0x00002761   Thumb Code    68  timers.o(i.xTimerCreateTimerTask)
    xTimerGenericCommand                     0x000027b9   Thumb Code   128  timers.o(i.xTimerGenericCommand)
    _fp_init                                 0x0000283d   Thumb Code    10  fpinit.o(x$fpl$fpinit)
    __fplib_config_fpu_vfp                   0x00002845   Thumb Code     0  fpinit.o(x$fpl$fpinit)
    __fplib_config_pureend_doubles           0x00002845   Thumb Code     0  fpinit.o(x$fpl$fpinit)
    Region$$Table$$Base                      0x0000285c   Number         0  anon$$obj.o(Region$$Table)
    Region$$Table$$Limit                     0x0000287c   Number         0  anon$$obj.o(Region$$Table)
    SystemCoreClock                          0x20000008   Data           4  main.o(.data)
    redLED_                                  0x2000000c   Data           4  main.o(.data)
    greenLED_                                0x20000010   Data           4  main.o(.data)
    pxCurrentTCB                             0x20000014   Data           4  tasks.o(.data)
    GPIOBaseAddress                          0x20000078   Data          24  hal_gpio.o(.data)
    __libspace_start                         0x20001188   Data          96  libspace.o(.bss)
    __temporary_stack_top$libspace           0x200011e8   Data           0  libspace.o(.bss)



==============================================================================

Memory Map of the image

  Image Entry point : 0x0000026d

  Load Region LR_1 (Base: 0x00000000, Size: 0x00002914, Max: 0xffffffff, ABSOLUTE)

    Execution Region ER_RO (Exec base: 0x00000000, Load base: 0x00000000, Size: 0x0000287c, Max: 0xffffffff, ABSOLUTE)

    Exec Addr    Load Addr    Size         Type   Attr      Idx    E Section Name        Object

    0x00000000   0x00000000   0x00000288   Code   RO            3  * RESET               startup_rvmdk.o
    0x00000288   0x00000288   0x00000008   Code   RO         1140  * !!!main             c_w.l(__main.o)
    0x00000290   0x00000290   0x00000034   Code   RO         1320    !!!scatter          c_w.l(__scatter.o)
    0x000002c4   0x000002c4   0x0000001a   Code   RO         1322    !!handler_copy      c_w.l(__scatter_copy.o)
    0x000002de   0x000002de   0x00000002   PAD
    0x000002e0   0x000002e0   0x0000001c   Code   RO         1324    !!handler_zi        c_w.l(__scatter_zi.o)
    0x000002fc   0x000002fc   0x00000002   Code   RO         1190    .ARM.Collect$$libinit$$00000000  c_w.l(libinit.o)
    0x000002fe   0x000002fe   0x00000004   Code   RO         1196    .ARM.Collect$$libinit$$00000001  c_w.l(libinit2.o)
    0x00000302   0x00000302   0x00000000   Code   RO         1199    .ARM.Collect$$libinit$$00000004  c_w.l(libinit2.o)
    0x00000302   0x00000302   0x00000000   Code   RO         1202    .ARM.Collect$$libinit$$0000000A  c_w.l(libinit2.o)
    0x00000302   0x00000302   0x00000000   Code   RO         1204    .ARM.Collect$$libinit$$0000000C  c_w.l(libinit2.o)
    0x00000302   0x00000302   0x00000000   Code   RO         1206    .ARM.Collect$$libinit$$0000000E  c_w.l(libinit2.o)
    0x00000302   0x00000302   0x00000000   Code   RO         1209    .ARM.Collect$$libinit$$00000011  c_w.l(libinit2.o)
    0x00000302   0x00000302   0x00000000   Code   RO         1211    .ARM.Collect$$libinit$$00000013  c_w.l(libinit2.o)
    0x00000302   0x00000302   0x00000000   Code   RO         1213    .ARM.Collect$$libinit$$00000015  c_w.l(libinit2.o)
    0x00000302   0x00000302   0x00000000   Code   RO         1215    .ARM.Collect$$libinit$$00000017  c_w.l(libinit2.o)
    0x00000302   0x00000302   0x00000000   Code   RO         1217    .ARM.Collect$$libinit$$00000019  c_w.l(libinit2.o)
    0x00000302   0x00000302   0x00000000   Code   RO         1219    .ARM.Collect$$libinit$$0000001B  c_w.l(libinit2.o)
    0x00000302   0x00000302   0x00000000   Code   RO         1221    .ARM.Collect$$libinit$$0000001D  c_w.l(libinit2.o)
    0x00000302   0x00000302   0x00000000   Code   RO         1223    .ARM.Collect$$libinit$$0000001F  c_w.l(libinit2.o)
    0x00000302   0x00000302   0x00000000   Code   RO         1225    .ARM.Collect$$libinit$$00000021  c_w.l(libinit2.o)
    0x00000302   0x00000302   0x00000000   Code   RO         1227    .ARM.Collect$$libinit$$00000023  c_w.l(libinit2.o)
    0x00000302   0x00000302   0x00000000   Code   RO         1229    .ARM.Collect$$libinit$$00000025  c_w.l(libinit2.o)
    0x00000302   0x00000302   0x00000000   Code   RO         1233    .ARM.Collect$$libinit$$0000002C  c_w.l(libinit2.o)
    0x00000302   0x00000302   0x00000000   Code   RO         1235    .ARM.Collect$$libinit$$0000002E  c_w.l(libinit2.o)
    0x00000302   0x00000302   0x00000000   Code   RO         1237    .ARM.Collect$$libinit$$00000030  c_w.l(libinit2.o)
    0x00000302   0x00000302   0x00000000   Code   RO         1239    .ARM.Collect$$libinit$$00000032  c_w.l(libinit2.o)
    0x00000302   0x00000302   0x00000002   Code   RO         1240    .ARM.Collect$$libinit$$00000033  c_w.l(libinit2.o)
    0x00000304   0x00000304   0x00000002   Code   RO         1260    .ARM.Collect$$libshutdown$$00000000  c_w.l(libshutdown.o)
    0x00000306   0x00000306   0x00000000   Code   RO         1273    .ARM.Collect$$libshutdown$$00000002  c_w.l(libshutdown2.o)
    0x00000306   0x00000306   0x00000000   Code   RO         1275    .ARM.Collect$$libshutdown$$00000004  c_w.l(libshutdown2.o)
    0x00000306   0x00000306   0x00000000   Code   RO         1278    .ARM.Collect$$libshutdown$$00000007  c_w.l(libshutdown2.o)
    0x00000306   0x00000306   0x00000000   Code   RO         1281    .ARM.Collect$$libshutdown$$0000000A  c_w.l(libshutdown2.o)
    0x00000306   0x00000306   0x00000000   Code   RO         1283    .ARM.Collect$$libshutdown$$0000000C  c_w.l(libshutdown2.o)
    0x00000306   0x00000306   0x00000000   Code   RO         1286    .ARM.Collect$$libshutdown$$0000000F  c_w.l(libshutdown2.o)
    0x00000306   0x00000306   0x00000002   Code   RO         1287    .ARM.Collect$$libshutdown$$00000010  c_w.l(libshutdown2.o)
    0x00000308   0x00000308   0x00000000   Code   RO         1158    .ARM.Collect$$rtentry$$00000000  c_w.l(__rtentry.o)
    0x00000308   0x00000308   0x00000000   Code   RO         1167    .ARM.Collect$$rtentry$$00000002  c_w.l(__rtentry2.o)
    0x00000308   0x00000308   0x00000006   Code   RO         1179    .ARM.Collect$$rtentry$$00000004  c_w.l(__rtentry4.o)
    0x0000030e   0x0000030e   0x00000000   Code   RO         1169    .ARM.Collect$$rtentry$$00000009  c_w.l(__rtentry2.o)
    0x0000030e   0x0000030e   0x00000004   Code   RO         1170    .ARM.Collect$$rtentry$$0000000A  c_w.l(__rtentry2.o)
    0x00000312   0x00000312   0x00000000   Code   RO         1172    .ARM.Collect$$rtentry$$0000000C  c_w.l(__rtentry2.o)
    0x00000312   0x00000312   0x00000008   Code   RO         1173    .ARM.Collect$$rtentry$$0000000D  c_w.l(__rtentry2.o)
    0x0000031a   0x0000031a   0x00000002   Code   RO         1194    .ARM.Collect$$rtexit$$00000000  c_w.l(rtexit.o)
    0x0000031c   0x0000031c   0x00000000   Code   RO         1242    .ARM.Collect$$rtexit$$00000002  c_w.l(rtexit2.o)
    0x0000031c   0x0000031c   0x00000004   Code   RO         1243    .ARM.Collect$$rtexit$$00000003  c_w.l(rtexit2.o)
    0x00000320   0x00000320   0x00000006   Code   RO         1244    .ARM.Collect$$rtexit$$00000004  c_w.l(rtexit2.o)
    0x00000326   0x00000326   0x00000002   PAD
    0x00000328   0x00000328   0x000000be   Code   RO          839    .emb_text           port.o
    0x000003e6   0x000003e6   0x00000002   PAD
    0x000003e8   0x000003e8   0x00000018   Code   RO            4    .text               startup_rvmdk.o
    0x00000400   0x00000400   0x0000008a   Code   RO         1136    .text               c_w.l(rt_memcpy_v6.o)
    0x0000048a   0x0000048a   0x00000006   Code   RO         1138    .text               c_w.l(heapauxi.o)
    0x00000490   0x00000490   0x00000064   Code   RO         1159    .text               c_w.l(rt_memcpy_w.o)
    0x000004f4   0x000004f4   0x0000004a   Code   RO         1181    .text               c_w.l(sys_stackheap_outer.o)
    0x0000053e   0x0000053e   0x00000012   Code   RO         1183    .text               c_w.l(exit.o)
    0x00000550   0x00000550   0x00000008   Code   RO         1191    .text               c_w.l(libspace.o)
    0x00000558   0x00000558   0x0000000c   Code   RO         1252    .text               c_w.l(sys_exit.o)
    0x00000564   0x00000564   0x00000002   Code   RO         1263    .text               c_w.l(use_no_semi.o)
    0x00000566   0x00000566   0x00000000   Code   RO         1265    .text               c_w.l(indicate_semi.o)
    0x00000566   0x00000566   0x00000016   Code   RO           11    i.BlinkLED          main.o
    0x0000057c   0x0000057c   0x00000030   Code   RO          949    i.GPIO_DisarmInterrupt  hal_gpio.o
    0x000005ac   0x000005ac   0x00000098   Code   RO          952    i.GPIO_EnableDI     hal_gpio.o
    0x00000644   0x00000644   0x000000d8   Code   RO          953    i.GPIO_EnableDO     hal_gpio.o
    0x0000071c   0x0000071c   0x0000010c   Code   RO          954    i.GPIO_EnableInterrupt  hal_gpio.o
    0x00000828   0x00000828   0x00000034   Code   RO          955    i.GPIO_GetBitBandIOAddress  hal_gpio.o
    0x0000085c   0x0000085c   0x00000030   Code   RO          956    i.GPIO_InitPort     hal_gpio.o
    0x0000088c   0x0000088c   0x0000001c   Code   RO          957    i.GPIO_PortFHandler  hal_gpio.o
    0x000008a8   0x000008a8   0x00000030   Code   RO          958    i.GPIO_RearmInterrupt  hal_gpio.o
    0x000008d8   0x000008d8   0x0000001c   Code   RO          959    i.GetPinNumber      hal_gpio.o
    0x000008f4   0x000008f4   0x00000026   Code   RO          960    i.HandleInterrupt   hal_gpio.o
    0x0000091a   0x0000091a   0x00000002   PAD
    0x0000091c   0x0000091c   0x00000080   Code   RO           12    i.InitHardware      main.o
    0x0000099c   0x0000099c   0x00000044   Code   RO         1047    i.NVIC_EnableIRQ    hal_nvic.o
    0x000009e0   0x000009e0   0x0000000c   Code   RO         1069    i.PLL_GetBusClockFreq  hal_pll.o
    0x000009ec   0x000009ec   0x00000080   Code   RO         1070    i.PLL_Init80MHz     hal_pll.o
    0x00000a6c   0x00000a6c   0x00000038   Code   RO         1048    i.SetPriority       hal_nvic.o
    0x00000aa4   0x00000aa4   0x00000050   Code   RO           13    i.SwitchHandler     main.o
    0x00000af4   0x00000af4   0x00000034   Code   RO          840    i.SysTick_Handler   port.o
    0x00000b28   0x00000b28   0x00000088   Code   RO           14    i.main              main.o
    0x00000bb0   0x00000bb0   0x00000098   Code   RO          394    i.prvAddCurrentTaskToDelayedList  tasks.o
    0x00000c48   0x00000c48   0x000000b4   Code   RO          395    i.prvAddNewTaskToReadyList  tasks.o
    0x00000cfc   0x00000cfc   0x0000004c   Code   RO          709    i.prvCheckForValidListAndQueue  timers.o
    0x00000d48   0x00000d48   0x00000048   Code   RO          396    i.prvCheckTasksWaitingTermination  tasks.o
    0x00000d90   0x00000d90   0x0000002a   Code   RO          170    i.prvCopyDataFromQueue  queue.o
    0x00000dba   0x00000dba   0x0000007c   Code   RO          171    i.prvCopyDataToQueue  queue.o
    0x00000e36   0x00000e36   0x00000012   Code   RO          397    i.prvDeleteTCB      tasks.o
    0x00000e48   0x00000e48   0x00000028   Code   RO          710    i.prvGetNextExpireTime  timers.o
    0x00000e70   0x00000e70   0x00000028   Code   RO          398    i.prvIdleTask       tasks.o
    0x00000e98   0x00000e98   0x0000002a   Code   RO          174    i.prvInitialiseNewQueue  queue.o
    0x00000ec2   0x00000ec2   0x000000ac   Code   RO          399    i.prvInitialiseNewTask  tasks.o
    0x00000f6e   0x00000f6e   0x00000050   Code   RO          711    i.prvInitialiseNewTimer  timers.o
    0x00000fbe   0x00000fbe   0x00000002   PAD
    0x00000fc0   0x00000fc0   0x00000068   Code   RO          400    i.prvInitialiseTaskLists  tasks.o
    0x00001028   0x00001028   0x00000058   Code   RO          712    i.prvInsertTimerInActiveList  timers.o
    0x00001080   0x00001080   0x0000001a   Code   RO          175    i.prvIsQueueEmpty   queue.o
    0x0000109a   0x0000109a   0x0000001e   Code   RO          176    i.prvIsQueueFull    queue.o
    0x000010b8   0x000010b8   0x00000094   Code   RO          177    i.prvNotifyQueueSetContainer  queue.o
    0x0000114c   0x0000114c   0x00000064   Code   RO          713    i.prvProcessExpiredTimer  timers.o
    0x000011b0   0x000011b0   0x000000f8   Code   RO          714    i.prvProcessReceivedCommands  timers.o
    0x000012a8   0x000012a8   0x00000074   Code   RO          715    i.prvProcessTimerOrBlockTask  timers.o
    0x0000131c   0x0000131c   0x00000054   Code   RO           15    i.prvQueueReceiveTask  main.o
    0x00001370   0x00001370   0x0000002c   Code   RO           16    i.prvQueueSendTask  main.o
    0x0000139c   0x0000139c   0x0000001c   Code   RO           17    i.prvQueueSendTimerCallback  main.o
    0x000013b8   0x000013b8   0x00000034   Code   RO          401    i.prvResetNextTaskUnblockTime  tasks.o
    0x000013ec   0x000013ec   0x0000002c   Code   RO          716    i.prvSampleTimeNow  timers.o
    0x00001418   0x00001418   0x000000a0   Code   RO          717    i.prvSwitchTimerLists  timers.o
    0x000014b8   0x000014b8   0x00000044   Code   RO          841    i.prvTaskExitError  port.o
    0x000014fc   0x000014fc   0x0000001a   Code   RO          718    i.prvTimerTask      timers.o
    0x00001516   0x00001516   0x00000092   Code   RO          178    i.prvUnlockQueue    queue.o
    0x000015a8   0x000015a8   0x00000070   Code   RO          916    i.pvPortMalloc      heap_1.o
    0x00001618   0x00001618   0x0000002c   Code   RO          842    i.pxPortInitialiseStack  port.o
    0x00001644   0x00001644   0x00000028   Code   RO          118    i.uxListRemove      list.o
    0x0000166c   0x0000166c   0x0000001a   Code   RO          119    i.vListInitialise   list.o
    0x00001686   0x00001686   0x00000006   Code   RO          120    i.vListInitialiseItem  list.o
    0x0000168c   0x0000168c   0x00000034   Code   RO          121    i.vListInsert       list.o
    0x000016c0   0x000016c0   0x00000018   Code   RO          122    i.vListInsertEnd    list.o
    0x000016d8   0x000016d8   0x00000058   Code   RO          844    i.vPortEnterCritical  port.o
    0x00001730   0x00001730   0x00000040   Code   RO          845    i.vPortExitCritical  port.o
    0x00001770   0x00001770   0x00000024   Code   RO          917    i.vPortFree         heap_1.o
    0x00001794   0x00001794   0x00000028   Code   RO          846    i.vPortSetupTimerInterrupt  port.o
    0x000017bc   0x000017bc   0x0000007c   Code   RO          847    i.vPortValidateInterruptPriority  port.o
    0x00001838   0x00001838   0x0000004a   Code   RO          183    i.vQueueWaitForMessageRestricted  queue.o
    0x00001882   0x00001882   0x00000002   PAD
    0x00001884   0x00001884   0x0000005c   Code   RO          409    i.vTaskDelay        tasks.o
    0x000018e0   0x000018e0   0x000000dc   Code   RO          410    i.vTaskDelayUntil   tasks.o
    0x000019bc   0x000019bc   0x00000018   Code   RO          413    i.vTaskInternalSetTimeOutState  tasks.o
    0x000019d4   0x000019d4   0x0000000c   Code   RO          414    i.vTaskMissedYield  tasks.o
    0x000019e0   0x000019e0   0x0000003c   Code   RO          416    i.vTaskPlaceOnEventList  tasks.o
    0x00001a1c   0x00001a1c   0x00000044   Code   RO          417    i.vTaskPlaceOnEventListRestricted  tasks.o
    0x00001a60   0x00001a60   0x00000098   Code   RO          424    i.vTaskStartScheduler  tasks.o
    0x00001af8   0x00001af8   0x00000010   Code   RO          426    i.vTaskSuspendAll   tasks.o
    0x00001b08   0x00001b08   0x0000008c   Code   RO          427    i.vTaskSwitchContext  tasks.o
    0x00001b94   0x00001b94   0x00000170   Code   RO          848    i.xPortStartScheduler  port.o
    0x00001d04   0x00001d04   0x0000005a   Code   RO          188    i.xQueueGenericCreate  queue.o
    0x00001d5e   0x00001d5e   0x00000002   PAD
    0x00001d60   0x00001d60   0x00000098   Code   RO          189    i.xQueueGenericReset  queue.o
    0x00001df8   0x00001df8   0x000001d0   Code   RO          190    i.xQueueGenericSend  queue.o
    0x00001fc8   0x00001fc8   0x00000110   Code   RO          191    i.xQueueGenericSendFromISR  queue.o
    0x000020d8   0x000020d8   0x00000170   Code   RO          198    i.xQueueReceive     queue.o
    0x00002248   0x00002248   0x00000090   Code   RO          428    i.xTaskCheckForTimeOut  tasks.o
    0x000022d8   0x000022d8   0x00000060   Code   RO          429    i.xTaskCreate       tasks.o
    0x00002338   0x00002338   0x00000020   Code   RO          433    i.xTaskGetSchedulerState  tasks.o
    0x00002358   0x00002358   0x0000000c   Code   RO          434    i.xTaskGetTickCount  tasks.o
    0x00002364   0x00002364   0x00000014   Code   RO          435    i.xTaskGetTickCountFromISR  tasks.o
    0x00002378   0x00002378   0x00000148   Code   RO          436    i.xTaskIncrementTick  tasks.o
    0x000024c0   0x000024c0   0x000000cc   Code   RO          439    i.xTaskPriorityDisinherit  tasks.o
    0x0000258c   0x0000258c   0x0000009c   Code   RO          441    i.xTaskRemoveFromEventList  tasks.o
    0x00002628   0x00002628   0x00000108   Code   RO          442    i.xTaskResumeAll    tasks.o
    0x00002730   0x00002730   0x00000030   Code   RO          721    i.xTimerCreate      timers.o
    0x00002760   0x00002760   0x00000058   Code   RO          722    i.xTimerCreateTimerTask  timers.o
    0x000027b8   0x000027b8   0x00000084   Code   RO          723    i.xTimerGenericCommand  timers.o
    0x0000283c   0x0000283c   0x0000000a   Code   RO         1250    x$fpl$fpinit        fz_wm.l(fpinit.o)
    0x00002846   0x00002846   0x00000002   PAD
    0x00002848   0x00002848   0x00000012   Data   RO           18    .constdata          main.o
    0x0000285a   0x0000285a   0x00000002   PAD
    0x0000285c   0x0000285c   0x00000020   Data   RO         1318    Region$$Table       anon$$obj.o


    Execution Region ER_RW (Exec base: 0x20000000, Load base: 0x0000287c, Size: 0x00000098, Max: 0xffffffff, ABSOLUTE)

    Exec Addr    Load Addr    Size         Type   Attr      Idx    E Section Name        Object

    0x20000000   0x0000287c   0x00000014   Data   RW           19    .data               main.o
    0x20000014   0x00002890   0x0000003c   Data   RW          445    .data               tasks.o
    0x20000050   0x000028cc   0x00000014   Data   RW          729    .data               timers.o
    0x20000064   0x000028e0   0x0000000c   Data   RW          849    .data               port.o
    0x20000070   0x000028ec   0x00000008   Data   RW          921    .data               heap_1.o
    0x20000078   0x000028f4   0x0000001c   Data   RW          961    .data               hal_gpio.o
    0x20000094   0x00002910   0x00000004   Data   RW         1071    .data               hal_pll.o


    Execution Region ER_ZI (Exec base: 0x20000098, Load base: 0x00002914, Size: 0x00001250, Max: 0xffffffff, ABSOLUTE)

    Exec Addr    Load Addr    Size         Type   Attr      Idx    E Section Name        Object

    0x20000098        -       0x000000c8   Zero   RW          444    .bss                tasks.o
    0x20000160        -       0x00000028   Zero   RW          728    .bss                timers.o
    0x20000188        -       0x00001000   Zero   RW          920    .bss                heap_1.o
    0x20001188        -       0x00000060   Zero   RW         1192    .bss                c_w.l(libspace.o)
    0x200011e8        -       0x00000000   Zero   RW            2    HEAP                startup_rvmdk.o
    0x200011e8        -       0x00000100   Zero   RW            1    STACK               startup_rvmdk.o


==============================================================================

Image component sizes


      Code (inc. data)   RO Data    RW Data    ZI Data      Debug   Object Name

       926         68          0         28          0       9245   hal_gpio.o
       124         10          0          0          0       1601   hal_nvic.o
       140         20          0          4          0       1230   hal_pll.o
       148         14          0          8       4096       2287   heap_1.o
       148          0          0          0          0       4890   list.o
       522        100         18         20          0      21701   main.o
      1038         92          0         12          0      12141   port.o
      1978         14          0          0          0      21867   queue.o
       672        636          0          0        256        572   startup_rvmdk.o
      2830        370          0         60        200      23775   tasks.o
      1246        100          0         20         40      19730   timers.o

    ----------------------------------------------------------------------
      9782       1424         52        152       4592     119039   Object Totals
         0          0         32          0          0          0   (incl. Generated)
        10          0          2          0          0          0   (incl. Padding)

    ----------------------------------------------------------------------

      Code (inc. data)   RO Data    RW Data    ZI Data      Debug   Library Member Name

         8          0          0          0          0         68   __main.o
         0          0          0          0          0          0   __rtentry.o
        12          0          0          0          0          0   __rtentry2.o
         6          0          0          0          0          0   __rtentry4.o
        52          8          0          0          0          0   __scatter.o
        26          0          0          0          0          0   __scatter_copy.o
        28          0          0          0          0          0   __scatter_zi.o
        18          0          0          0          0         80   exit.o
         6          0          0          0          0        152   heapauxi.o
         0          0          0          0          0          0   indicate_semi.o
         2          0          0          0          0          0   libinit.o
         6          0          0          0          0          0   libinit2.o
         2          0          0          0          0          0   libshutdown.o
         2          0          0          0          0          0   libshutdown2.o
         8          4          0          0         96         68   libspace.o
       138          0          0          0          0         68   rt_memcpy_v6.o
       100          0          0          0          0         80   rt_memcpy_w.o
         2          0          0          0          0          0   rtexit.o
        10          0          0          0          0          0   rtexit2.o
        12          4          0          0          0         68   sys_exit.o
        74          0          0          0          0         80   sys_stackheap_outer.o
         2          0          0          0          0         68   use_no_semi.o
        10          0          0          0          0        116   fpinit.o

    ----------------------------------------------------------------------
       530         16          0          0         96        848   Library Totals
         6          0          0          0          0          0   (incl. Padding)

    ----------------------------------------------------------------------

      Code (inc. data)   RO Data    RW Data    ZI Data      Debug   Library Name

       514         16          0          0         96        732   c_w.l
        10          0          0          0          0        116   fz_wm.l

    ----------------------------------------------------------------------
       530         16          0          0         96        848   Library Totals

    ----------------------------------------------------------------------

==============================================================================


      Code (inc. data)   RO Data    RW Data    ZI Data      Debug   

     10312       1440         52        152       4688     111327   Grand Totals
     10312       1440         52        152       4688     111327   ELF Image Totals
     10312       1440         52        152          0          0   ROM Totals

==============================================================================

    Total RO  Size (Code + RO Data)                10364 (  10.12kB)
    Total RW  Size (RW Data + ZI Data)              4840 (   4.73kB)
    Total ROM Size (Code + RO Data + RW Data)      10516 (  10.27kB)

==============================================================================

