Component: ARM Compiler 5.06 update 5 (build 528) Tool: armlink [4d35e2]

==============================================================================

Section Cross References

    main.o(i.main) refers to tasks.o(i.xTaskCreate) for xTaskCreate
    main.o(i.main) refers to tasks.o(i.vTaskStartScheduler) for vTaskStartScheduler
    main.o(i.main) refers to main.o(i.vPeriodicTask) for vPeriodicTask
    main.o(i.vPeriodicTask) refers to tasks.o(i.xTaskGetTickCount) for xTaskGetTickCount
    main.o(i.vPeriodicTask) refers to tasks.o(i.vTaskDelayUntil) for vTaskDelayUntil
    startup_tm4c123.o(STACK) refers (Special) to heapauxi.o(.text) for __use_two_region_memory
    startup_tm4c123.o(HEAP) refers (Special) to heapauxi.o(.text) for __use_two_region_memory
    startup_tm4c123.o(RESET) refers (Special) to heapauxi.o(.text) for __use_two_region_memory
    startup_tm4c123.o(RESET) refers to startup_tm4c123.o(STACK) for __initial_sp
    startup_tm4c123.o(RESET) refers to startup_tm4c123.o(.text) for Reset_Handler
    startup_tm4c123.o(RESET) refers to port.o(.emb_text) for SVC_Handler
    startup_tm4c123.o(RESET) refers to port.o(i.SysTick_Handler) for SysTick_Handler
    startup_tm4c123.o(.text) refers (Special) to heapauxi.o(.text) for __use_two_region_memory
    startup_tm4c123.o(.text) refers to system_tm4c123.o(i.SystemInit) for SystemInit
    startup_tm4c123.o(.text) refers to __main.o(!!!main) for __main
    startup_tm4c123.o(.text) refers to startup_tm4c123.o(HEAP) for Heap_Mem
    startup_tm4c123.o(.text) refers to startup_tm4c123.o(STACK) for Stack_Mem
    system_tm4c123.o(i.SystemCoreClockUpdate) refers to system_tm4c123.o(i.getOscClk) for getOscClk
    system_tm4c123.o(i.SystemCoreClockUpdate) refers to system_tm4c123.o(.data) for SystemCoreClock
    heap_1.o(i.pvPortMalloc) refers to tasks.o(i.vTaskSuspendAll) for vTaskSuspendAll
    heap_1.o(i.pvPortMalloc) refers to tasks.o(i.xTaskResumeAll) for xTaskResumeAll
    heap_1.o(i.pvPortMalloc) refers to heap_1.o(.data) for pucAlignedHeap
    heap_1.o(i.pvPortMalloc) refers to heap_1.o(.bss) for ucHeap
    heap_1.o(i.vPortInitialiseBlocks) refers to heap_1.o(.data) for xNextFreeByte
    heap_1.o(i.xPortGetFreeHeapSize) refers to heap_1.o(.data) for xNextFreeByte
    port.o(.emb_text) refers to tasks.o(i.vTaskSwitchContext) for vTaskSwitchContext
    port.o(.emb_text) refers to tasks.o(.data) for pxCurrentTCB
    port.o(i.SysTick_Handler) refers to tasks.o(i.xTaskIncrementTick) for xTaskIncrementTick
    port.o(i.prvTaskExitError) refers to port.o(.data) for uxCriticalNesting
    port.o(i.pxPortInitialiseStack) refers to port.o(i.prvTaskExitError) for prvTaskExitError
    port.o(i.vPortEndScheduler) refers to port.o(.data) for uxCriticalNesting
    port.o(i.vPortEnterCritical) refers to port.o(.data) for uxCriticalNesting
    port.o(i.vPortExitCritical) refers to port.o(.data) for uxCriticalNesting
    port.o(i.vPortSetupTimerInterrupt) refers to system_tm4c123.o(.data) for SystemCoreClock
    port.o(i.vPortValidateInterruptPriority) refers to port.o(.emb_text) for vPortGetIPSR
    port.o(i.vPortValidateInterruptPriority) refers to port.o(.data) for ucMaxSysCallPriority
    port.o(i.xPortStartScheduler) refers to port.o(i.vPortSetupTimerInterrupt) for vPortSetupTimerInterrupt
    port.o(i.xPortStartScheduler) refers to port.o(.emb_text) for __asm___6_port_c_39a90d8d__prvEnableVFP
    port.o(i.xPortStartScheduler) refers to port.o(.data) for ucMaxSysCallPriority
    queue.o(i.prvCopyDataFromQueue) refers to rt_memcpy_v6.o(.text) for __aeabi_memcpy
    queue.o(i.prvCopyDataToQueue) refers to tasks.o(i.xTaskPriorityDisinherit) for xTaskPriorityDisinherit
    queue.o(i.prvCopyDataToQueue) refers to rt_memcpy_v6.o(.text) for __aeabi_memcpy
    queue.o(i.prvInitialiseMutex) refers to queue.o(i.xQueueGenericSend) for xQueueGenericSend
    queue.o(i.prvInitialiseNewQueue) refers to queue.o(i.xQueueGenericReset) for xQueueGenericReset
    queue.o(i.prvIsQueueEmpty) refers to port.o(i.vPortEnterCritical) for vPortEnterCritical
    queue.o(i.prvIsQueueEmpty) refers to port.o(i.vPortExitCritical) for vPortExitCritical
    queue.o(i.prvIsQueueFull) refers to port.o(i.vPortEnterCritical) for vPortEnterCritical
    queue.o(i.prvIsQueueFull) refers to port.o(i.vPortExitCritical) for vPortExitCritical
    queue.o(i.prvNotifyQueueSetContainer) refers to queue.o(i.prvCopyDataToQueue) for prvCopyDataToQueue
    queue.o(i.prvNotifyQueueSetContainer) refers to tasks.o(i.xTaskRemoveFromEventList) for xTaskRemoveFromEventList
    queue.o(i.prvUnlockQueue) refers to port.o(i.vPortEnterCritical) for vPortEnterCritical
    queue.o(i.prvUnlockQueue) refers to queue.o(i.prvNotifyQueueSetContainer) for prvNotifyQueueSetContainer
    queue.o(i.prvUnlockQueue) refers to tasks.o(i.vTaskMissedYield) for vTaskMissedYield
    queue.o(i.prvUnlockQueue) refers to tasks.o(i.xTaskRemoveFromEventList) for xTaskRemoveFromEventList
[...]
    timers.o(i.xTimerCreateTimerTask) refers to timers.o(i.prvCheckForValidListAndQueue) for prvCheckForValidListAndQueue
    timers.o(i.xTimerCreateTimerTask) refers to tasks.o(i.xTaskCreate) for xTaskCreate
    timers.o(i.xTimerCreateTimerTask) refers to timers.o(.data) for xTimerQueue
    timers.o(i.xTimerCreateTimerTask) refers to timers.o(i.prvTimerTask) for prvTimerTask
    timers.o(i.xTimerGenericCommand) refers to tasks.o(i.xTaskGetSchedulerState) for xTaskGetSchedulerState
    timers.o(i.xTimerGenericCommand) refers to queue.o(i.xQueueGenericSend) for xQueueGenericSend
    timers.o(i.xTimerGenericCommand) refers to queue.o(i.xQueueGenericSendFromISR) for xQueueGenericSendFromISR
    timers.o(i.xTimerGenericCommand) refers to timers.o(.data) for xTimerQueue
    timers.o(i.xTimerGetTimerDaemonTaskHandle) refers to timers.o(.data) for xTimerTaskHandle
    timers.o(i.xTimerIsTimerActive) refers to port.o(i.vPortEnterCritical) for vPortEnterCritical
    timers.o(i.xTimerIsTimerActive) refers to port.o(i.vPortExitCritical) for vPortExitCritical
    rt_memcpy_v6.o(.text) refers to rt_memcpy_w.o(.text) for __aeabi_memcpy4
    __main.o(!!!main) refers to __rtentry.o(.ARM.Collect$$rtentry$$00000000) for __rt_entry
    __rtentry.o(.ARM.Collect$$rtentry$$00000000) refers (Special) to __rtentry2.o(.ARM.Collect$$rtentry$$0000000A) for __rt_entry_li
    __rtentry.o(.ARM.Collect$$rtentry$$00000000) refers (Special) to __rtentry2.o(.ARM.Collect$$rtentry$$0000000D) for __rt_entry_main
    __rtentry.o(.ARM.Collect$$rtentry$$00000000) refers (Special) to __rtentry2.o(.ARM.Collect$$rtentry$$0000000C) for __rt_entry_postli_1
    __rtentry.o(.ARM.Collect$$rtentry$$00000000) refers (Special) to __rtentry2.o(.ARM.Collect$$rtentry$$00000009) for __rt_entry_postsh_1
    __rtentry.o(.ARM.Collect$$rtentry$$00000000) refers (Special) to __rtentry2.o(.ARM.Collect$$rtentry$$00000002) for __rt_entry_presh_1
    __rtentry.o(.ARM.Collect$$rtentry$$00000000) refers (Special) to __rtentry4.o(.ARM.Collect$$rtentry$$00000004) for __rt_entry_sh
    __rtentry2.o(.ARM.Collect$$rtentry$$00000008) refers to boardinit2.o(.text) for _platform_post_stackheap_init
    __rtentry2.o(.ARM.Collect$$rtentry$$0000000A) refers to libinit.o(.ARM.Collect$$libinit$$00000000) for __rt_lib_init
    __rtentry2.o(.ARM.Collect$$rtentry$$0000000B) refers to boardinit3.o(.text) for _platform_post_lib_init
    __rtentry2.o(.ARM.Collect$$rtentry$$0000000D) refers to main.o(i.main) for main
    __rtentry2.o(.ARM.Collect$$rtentry$$0000000D) refers to exit.o(.text) for exit
    __rtentry2.o(.ARM.exidx) refers to __rtentry2.o(.ARM.Collect$$rtentry$$00000001) for .ARM.Collect$$rtentry$$00000001
    __rtentry2.o(.ARM.exidx) refers to __rtentry2.o(.ARM.Collect$$rtentry$$00000008) for .ARM.Collect$$rtentry$$00000008
    __rtentry2.o(.ARM.exidx) refers to __rtentry2.o(.ARM.Collect$$rtentry$$0000000A) for .ARM.Collect$$rtentry$$0000000A
    __rtentry2.o(.ARM.exidx) refers to __rtentry2.o(.ARM.Collect$$rtentry$$0000000B) for .ARM.Collect$$rtentry$$0000000B
    __rtentry2.o(.ARM.exidx) refers to __rtentry2.o(.ARM.Collect$$rtentry$$0000000D) for .ARM.Collect$$rtentry$$0000000D
    __rtentry4.o(.ARM.Collect$$rtentry$$00000004) refers to sys_stackheap_outer.o(.text) for __user_setup_stackheap
    __rtentry4.o(.ARM.exidx) refers to __rtentry4.o(.ARM.Collect$$rtentry$$00000004) for .ARM.Collect$$rtentry$$00000004
    sys_stackheap_outer.o(.text) refers to libspace.o(.text) for __user_perproc_libspace
    sys_stackheap_outer.o(.text) refers to startup_tm4c123.o(.text) for __user_initial_stackheap
    exit.o(.text) refers to rtexit.o(.ARM.Collect$$rtexit$$00000000) for __rt_exit
    libinit.o(.ARM.Collect$$libinit$$00000000) refers (Special) to libinit2.o(.ARM.Collect$$libinit$$0000002E) for __rt_lib_init_alloca_1
    libinit.o(.ARM.Collect$$libinit$$00000000) refers (Special) to libinit2.o(.ARM.Collect$$libinit$$0000002C) for __rt_lib_init_argv_1
    libinit.o(.ARM.Collect$$libinit$$00000000) refers (Special) to libinit2.o(.ARM.Collect$$libinit$$0000001B) for __rt_lib_init_atexit_1
    libinit.o(.ARM.Collect$$libinit$$00000000) refers (Special) to libinit2.o(.ARM.Collect$$libinit$$00000021) for __rt_lib_init_clock_1
    libinit.o(.ARM.Collect$$libinit$$00000000) refers (Special) to libinit2.o(.ARM.Collect$$libinit$$00000032) for __rt_lib_init_cpp_1
    libinit.o(.ARM.Collect$$libinit$$00000000) refers (Special) to libinit2.o(.ARM.Collect$$libinit$$00000030) for __rt_lib_init_exceptions_1
    libinit.o(.ARM.Collect$$libinit$$00000000) refers (Special) to libinit2.o(.ARM.Collect$$libinit$$00000001) for __rt_lib_init_fp_1
    libinit.o(.ARM.Collect$$libinit$$00000000) refers (Special) to libinit2.o(.ARM.Collect$$libinit$$0000001F) for __rt_lib_init_fp_trap_1
    libinit.o(.ARM.Collect$$libinit$$00000000) refers (Special) to libinit2.o(.ARM.Collect$$libinit$$00000023) for __rt_lib_init_getenv_1
    libinit.o(.ARM.Collect$$libinit$$00000000) refers (Special) to libinit2.o(.ARM.Collect$$libinit$$0000000A) for __rt_lib_init_heap_1
    libinit.o(.ARM.Collect$$libinit$$00000000) refers (Special) to libinit2.o(.ARM.Collect$$libinit$$00000011) for __rt_lib_init_lc_collate_1
    libinit.o(.ARM.Collect$$libinit$$00000000) refers (Special) to libinit2.o(.ARM.Collect$$libinit$$00000013) for __rt_lib_init_lc_ctype_1
    libinit.o(.ARM.Collect$$libinit$$00000000) refers (Special) to libinit2.o(.ARM.Collect$$libinit$$00000015) for __rt_lib_init_lc_monetary_1
    libinit.o(.ARM.Collect$$libinit$$00000000) refers (Special) to libinit2.o(.ARM.Collect$$libinit$$00000017) for __rt_lib_init_lc_numeric_1
    libinit.o(.ARM.Collect$$libinit$$00000000) refers (Special) to libinit2.o(.ARM.Collect$$libinit$$00000019) for __rt_lib_init_lc_time_1
    libinit.o(.ARM.Collect$$libinit$$00000000) refers (Special) to libinit2.o(.ARM.Collect$$libinit$$00000004) for __rt_lib_init_preinit_1
    libinit.o(.ARM.Collect$$libinit$$00000000) refers (Special) to libinit2.o(.ARM.Collect$$libinit$$0000000E) for __rt_lib_init_rand_1
    libinit.o(.ARM.Collect$$libinit$$00000000) refers (Special) to libinit2.o(.ARM.Collect$$libinit$$00000033) for __rt_lib_init_return
    libinit.o(.ARM.Collect$$libinit$$00000000) refers (Special) to libinit2.o(.ARM.Collect$$libinit$$0000001D) for __rt_lib_init_signal_1
    libinit.o(.ARM.Collect$$libinit$$00000000) refers (Special) to libinit2.o(.ARM.Collect$$libinit$$00000025) for __rt_lib_init_stdio_1
    libinit.o(.ARM.Collect$$libinit$$00000000) refers (Special) to libinit2.o(.ARM.Collect$$libinit$$0000000C) for __rt_lib_init_user_alloc_1
    libspace.o(.text) refers to libspace.o(.bss) for __libspace_start
    rtexit.o(.ARM.Collect$$rtexit$$00000000) refers (Special) to rtexit2.o(.ARM.Collect$$rtexit$$00000004) for __rt_exit_exit
    rtexit.o(.ARM.Collect$$rtexit$$00000000) refers (Special) to rtexit2.o(.ARM.Collect$$rtexit$$00000003) for __rt_exit_ls
    rtexit.o(.ARM.Collect$$rtexit$$00000000) refers (Special) to rtexit2.o(.ARM.Collect$$rtexit$$00000002) for __rt_exit_prels_1
    rtexit.o(.ARM.exidx) refers (Special) to rtexit2.o(.ARM.Collect$$rtexit$$00000004) for __rt_exit_exit
    rtexit.o(.ARM.exidx) refers (Special) to rtexit2.o(.ARM.Collect$$rtexit$$00000003) for __rt_exit_ls
    rtexit.o(.ARM.exidx) refers (Special) to rtexit2.o(.ARM.Collect$$rtexit$$00000002) for __rt_exit_prels_1
    rtexit.o(.ARM.exidx) refers to rtexit.o(.ARM.Collect$$rtexit$$00000000) for .ARM.Collect$$rtexit$$00000000
    libinit2.o(.ARM.Collect$$libinit$$00000001) refers to fpinit.o(x$fpl$fpinit) for _fp_init
    libinit2.o(.ARM.Collect$$libinit$$00000010) refers to libinit2.o(.ARM.Collect$$libinit$$0000000F) for .ARM.Collect$$libinit$$0000000F
    libinit2.o(.ARM.Collect$$libinit$$00000012) refers to libinit2.o(.ARM.Collect$$libinit$$0000000F) for .ARM.Collect$$libinit$$0000000F
    libinit2.o(.ARM.Collect$$libinit$$00000014) refers to libinit2.o(.ARM.Collect$$libinit$$0000000F) for .ARM.Collect$$libinit$$0000000F
    libinit2.o(.ARM.Collect$$libinit$$00000016) refers to libinit2.o(.ARM.Collect$$libinit$$0000000F) for .ARM.Collect$$libinit$$0000000F
    libinit2.o(.ARM.Collect$$libinit$$00000018) refers to libinit2.o(.ARM.Collect$$libinit$$0000000F) for .ARM.Collect$$libinit$$0000000F
    libinit2.o(.ARM.Collect$$libinit$$00000026) refers to argv_veneer.o(.emb_text) for __ARM_argv_veneer
    libinit2.o(.ARM.Collect$$libinit$$00000027) refers to argv_veneer.o(.emb_text) for __ARM_argv_veneer
    rtexit2.o(.ARM.Collect$$rtexit$$00000003) refers to libshutdown.o(.ARM.Collect$$libshutdown$$00000000) for __rt_lib_shutdown
    rtexit2.o(.ARM.Collect$$rtexit$$00000004) refers to sys_exit.o(.text) for _sys_exit
    rtexit2.o(.ARM.exidx) refers to rtexit2.o(.ARM.Collect$$rtexit$$00000001) for .ARM.Collect$$rtexit$$00000001
    rtexit2.o(.ARM.exidx) refers to rtexit2.o(.ARM.Collect$$rtexit$$00000003) for .ARM.Collect$$rtexit$$00000003
    rtexit2.o(.ARM.exidx) refers to rtexit2.o(.ARM.Collect$$rtexit$$00000004) for .ARM.Collect$$rtexit$$00000004
    argv_veneer.o(.emb_text) refers to no_argv.o(.text) for __ARM_get_argv
    sys_exit.o(.text) refers (Special) to use_no_semi.o(.text) for __I$use$semihosting
    sys_exit.o(.text) refers (Special) to indicate_semi.o(.text) for __semihosting_library_function
    _get_argv_nomalloc.o(.text) refers (Special) to hrguard.o(.text) for __heap_region$guard
    _get_argv_nomalloc.o(.text) refers to defsig_rtmem_outer.o(.text) for __rt_SIGRTMEM
    _get_argv_nomalloc.o(.text) refers to sys_command.o(.text) for _sys_command_string
    libshutdown.o(.ARM.Collect$$libshutdown$$00000000) refers (Special) to libshutdown2.o(.ARM.Collect$$libshutdown$$00000002) for __rt_lib_shutdown_cpp_1
    libshutdown.o(.ARM.Collect$$libshutdown$$00000000) refers (Special) to libshutdown2.o(.ARM.Collect$$libshutdown$$00000007) for __rt_lib_shutdown_fp_trap_1
    libshutdown.o(.ARM.Collect$$libshutdown$$00000000) refers (Special) to libshutdown2.o(.ARM.Collect$$libshutdown$$0000000F) for __rt_lib_shutdown_heap_1
    libshutdown.o(.ARM.Collect$$libshutdown$$00000000) refers (Special) to libshutdown2.o(.ARM.Collect$$libshutdown$$00000010) for __rt_lib_shutdown_return
    libshutdown.o(.ARM.Collect$$libshutdown$$00000000) refers (Special) to libshutdown2.o(.ARM.Collect$$libshutdown$$0000000A) for __rt_lib_shutdown_signal_1
    libshutdown.o(.ARM.Collect$$libshutdown$$00000000) refers (Special) to libshutdown2.o(.ARM.Collect$$libshutdown$$00000004) for __rt_lib_shutdown_stdio_1
    libshutdown.o(.ARM.Collect$$libshutdown$$00000000) refers (Special) to libshutdown2.o(.ARM.Collect$$libshutdown$$0000000C) for __rt_lib_shutdown_user_alloc_1
    sys_command.o(.text) refers (Special) to use_no_semi.o(.text) for __I$use$semihosting
    sys_command.o(.text) refers (Special) to indicate_semi.o(.text) for __semihosting_library_function
    defsig_rtmem_outer.o(.text) refers to defsig_rtmem_inner.o(.text) for __rt_SIGRTMEM_inner
    defsig_rtmem_outer.o(.text) refers to defsig_exit.o(.text) for __sig_exit
    defsig_rtmem_formal.o(.text) refers to rt_raise.o(.text) for __rt_raise
    rt_raise.o(.text) refers to __raise.o(.text) for __raise
    rt_raise.o(.text) refers to sys_exit.o(.text) for _sys_exit
    defsig_exit.o(.text) refers to sys_exit.o(.text) for _sys_exit
    defsig_rtmem_inner.o(.text) refers to defsig_general.o(.text) for __default_signal_display
    __raise.o(.text) refers to defsig.o(CL$$defsig) for __default_signal_handler
    defsig_general.o(.text) refers to sys_wrch.o(.text) for _ttywrch
    sys_wrch.o(.text) refers (Special) to use_no_semi.o(.text) for __I$use$semihosting
    sys_wrch.o(.text) refers (Special) to indicate_semi.o(.text) for __semihosting_library_function
    defsig.o(CL$$defsig) refers to defsig_rtmem_inner.o(.text) for __rt_SIGRTMEM_inner
    defsig_abrt_inner.o(.text) refers to defsig_general.o(.text) for __default_signal_display
    defsig_fpe_inner.o(.text) refers to defsig_general.o(.text) for __default_signal_display
    defsig_rtred_inner.o(.text) refers to defsig_general.o(.text) for __default_signal_display
    defsig_stak_inner.o(.text) refers to defsig_general.o(.text) for __default_signal_display
    defsig_pvfn_inner.o(.text) refers to defsig_general.o(.text) for __default_signal_display
    defsig_cppl_inner.o(.text) refers to defsig_general.o(.text) for __default_signal_display
    defsig_segv_inner.o(.text) refers to defsig_general.o(.text) for __default_signal_display
    defsig_other.o(.text) refers to defsig_general.o(.text) for __default_signal_display


==============================================================================

Removing Unused input sections from the image.

    Removing main.o(.rev16_text), (4 bytes).
    Removing main.o(.revsh_text), (4 bytes).
    Removing main.o(.rrx_text), (6 bytes).
    Removing system_tm4c123.o(.rev16_text), (4 bytes).
    Removing system_tm4c123.o(.revsh_text), (4 bytes).
    Removing system_tm4c123.o(.rrx_text), (6 bytes).
    Removing system_tm4c123.o(i.SystemCoreClockUpdate), (196 bytes).
    Removing system_tm4c123.o(i.getOscClk), (244 bytes).
    Removing freertos_evr.o(.rev16_text), (4 bytes).
    Removing freertos_evr.o(.revsh_text), (4 bytes).
    Removing freertos_evr.o(.rrx_text), (6 bytes).
    Removing list.o(.rev16_text), (4 bytes).
    Removing list.o(.revsh_text), (4 bytes).
    Removing list.o(.rrx_text), (6 bytes).
    Removing heap_1.o(.rev16_text), (4 bytes).
    Removing heap_1.o(.revsh_text), (4 bytes).
    Removing heap_1.o(.rrx_text), (6 bytes).
    Removing heap_1.o(i.vPortInitialiseBlocks), (12 bytes).
    Removing heap_1.o(i.xPortGetFreeHeapSize), (16 bytes).
    Removing port.o(.rev16_text), (4 bytes).
    Removing port.o(.revsh_text), (4 bytes).
    Removing port.o(.rrx_text), (6 bytes).
    Removing port.o(i.vPortEndScheduler), (48 bytes).
    Removing queue.o(.rev16_text), (4 bytes).
    Removing queue.o(.revsh_text), (4 bytes).
    Removing queue.o(.rrx_text), (6 bytes).
    Removing queue.o(i.prvGetDisinheritPriorityAfterTimeout), (20 bytes).
    Removing queue.o(i.prvInitialiseMutex), (28 bytes).
    Removing queue.o(i.uxQueueMessagesWaiting), (44 bytes).
    Removing queue.o(i.uxQueueMessagesWaitingFromISR), (32 bytes).
    Removing queue.o(i.uxQueueSpacesAvailable), (50 bytes).
    Removing queue.o(i.vQueueDelete), (40 bytes).
    Removing queue.o(i.xQueueAddToSet), (38 bytes).
    Removing queue.o(i.xQueueCreateCountingSemaphore), (96 bytes).
    Removing queue.o(i.xQueueCreateMutex), (34 bytes).
    Removing queue.o(i.xQueueCreateSet), (20 bytes).
    Removing queue.o(i.xQueueGiveFromISR), (254 bytes).
    Removing queue.o(i.xQueueGiveMutexRecursive), (74 bytes).
    Removing queue.o(i.xQueueIsQueueEmptyFromISR), (40 bytes).
    Removing queue.o(i.xQueueIsQueueFullFromISR), (44 bytes).
    Removing queue.o(i.xQueuePeek), (372 bytes).
    Removing queue.o(i.xQueuePeekFromISR), (184 bytes).
    Removing queue.o(i.xQueueReceiveFromISR), (208 bytes).
    Removing queue.o(i.xQueueRemoveFromSet), (48 bytes).
    Removing queue.o(i.xQueueSelectFromSet), (24 bytes).
    Removing queue.o(i.xQueueSelectFromSetFromISR), (22 bytes).
    Removing queue.o(i.xQueueSemaphoreTake), (448 bytes).
    Removing queue.o(i.xQueueTakeMutexRecursive), (80 bytes).
    Removing tasks.o(.rev16_text), (4 bytes).
    Removing tasks.o(.revsh_text), (4 bytes).
    Removing tasks.o(.rrx_text), (6 bytes).
    Removing tasks.o(i.eTaskGetState), (136 bytes).
    Removing tasks.o(i.pcTaskGetName), (52 bytes).
    Removing tasks.o(i.prvTaskIsTaskSuspended), (92 bytes).
    Removing tasks.o(i.pvTaskIncrementMutexHeldCount), (32 bytes).
    Removing tasks.o(i.ulTaskNotifyTake), (116 bytes).
    Removing tasks.o(i.uxTaskGetNumberOfTasks), (12 bytes).
    Removing tasks.o(i.uxTaskPriorityGet), (36 bytes).
    Removing tasks.o(i.uxTaskPriorityGetFromISR), (68 bytes).
    Removing tasks.o(i.uxTaskResetEventItemValue), (28 bytes).
    Removing tasks.o(i.vTaskDelay), (92 bytes).
    Removing tasks.o(i.vTaskDelete), (244 bytes).
    Removing tasks.o(i.vTaskEndScheduler), (40 bytes).
    Removing tasks.o(i.vTaskNotifyGiveFromISR), (248 bytes).
    Removing tasks.o(i.vTaskPlaceOnUnorderedEventList), (112 bytes).
    Removing tasks.o(i.vTaskPriorityDisinheritAfterTimeout), (248 bytes).
    Removing tasks.o(i.vTaskPrioritySet), (280 bytes).
    Removing tasks.o(i.vTaskRemoveFromUnorderedEventList), (168 bytes).
    Removing tasks.o(i.vTaskResume), (148 bytes).
    Removing tasks.o(i.vTaskSetTimeOutState), (60 bytes).
    Removing tasks.o(i.vTaskSuspend), (244 bytes).
    Removing tasks.o(i.xTaskGenericNotify), (264 bytes).
    Removing tasks.o(i.xTaskGenericNotifyFromISR), (328 bytes).
    Removing tasks.o(i.xTaskGetCurrentTaskHandle), (12 bytes).
    Removing tasks.o(i.xTaskGetTickCountFromISR), (20 bytes).
    Removing tasks.o(i.xTaskNotifyStateClear), (52 bytes).
    Removing tasks.o(i.xTaskNotifyWait), (160 bytes).
    Removing tasks.o(i.xTaskPriorityInherit), (200 bytes).
    Removing tasks.o(i.xTaskResumeFromISR), (184 bytes).
    Removing timers.o(.rev16_text), (4 bytes).
    Removing timers.o(.revsh_text), (4 bytes).
    Removing timers.o(.rrx_text), (6 bytes).
    Removing timers.o(i.pcTimerGetName), (34 bytes).
    Removing timers.o(i.prvInitialiseNewTimer), (80 bytes).
    Removing timers.o(i.pvTimerGetTimerID), (46 bytes).
    Removing timers.o(i.vTimerSetTimerID), (46 bytes).
    Removing timers.o(i.xTimerCreate), (48 bytes).
    Removing timers.o(i.xTimerGetExpiryTime), (36 bytes).
    Removing timers.o(i.xTimerGetPeriod), (34 bytes).
    Removing timers.o(i.xTimerGetTimerDaemonTaskHandle), (48 bytes).
    Removing timers.o(i.xTimerIsTimerActive), (58 bytes).

91 unused section(s) (total 6948 bytes) removed from the image.

==============================================================================

Image Symbol Table

    Local Symbols

    Symbol Name                              Value     Ov Type        Size  Object(Section)

    RESET                                    0x00000000   Section      620  startup_tm4c123.o(RESET)
    ../clib/angel/boardlib.s                 0x00000000   Number         0  boardshut.o ABSOLUTE
    ../clib/angel/boardlib.s                 0x00000000   Number         0  boardinit2.o ABSOLUTE
    ../clib/angel/boardlib.s                 0x00000000   Number         0  boardinit3.o ABSOLUTE
    ../clib/angel/boardlib.s                 0x00000000   Number         0  boardinit1.o ABSOLUTE
    ../clib/angel/handlers.s                 0x00000000   Number         0  __scatter_copy.o ABSOLUTE
    ../clib/angel/handlers.s                 0x00000000   Number         0  __scatter_zi.o ABSOLUTE
    ../clib/angel/kernel.s                   0x00000000   Number         0  __rtentry.o ABSOLUTE
    ../clib/angel/kernel.s                   0x00000000   Number         0  __rtentry2.o ABSOLUTE
    ../clib/angel/kernel.s                   0x00000000   Number         0  __rtentry4.o ABSOLUTE
    ../clib/angel/kernel.s                   0x00000000   Number         0  rtexit2.o ABSOLUTE
    ../clib/angel/kernel.s                   0x00000000   Number         0  rtexit.o ABSOLUTE
    ../clib/angel/rt.s                       0x00000000   Number         0  rt_raise.o ABSOLUTE
    ../clib/angel/scatter.s                  0x00000000   Number         0  __scatter.o ABSOLUTE
    ../clib/angel/startup.s                  0x00000000   Number         0  __main.o ABSOLUTE
    ../clib/angel/sys.s                      0x00000000   Number         0  sys_stackheap_outer.o ABSOLUTE
    ../clib/angel/sys.s                      0x00000000   Number         0  use_no_semi.o ABSOLUTE
    ../clib/angel/sys.s                      0x00000000   Number         0  indicate_semi.o ABSOLUTE
    ../clib/angel/sys.s                      0x00000000   Number         0  libspace.o ABSOLUTE
    ../clib/angel/sysapp.c                   0x00000000   Number         0  sys_wrch.o ABSOLUTE
    ../clib/angel/sysapp.c                   0x00000000   Number         0  sys_command.o ABSOLUTE
    ../clib/angel/sysapp.c                   0x00000000   Number         0  sys_exit.o ABSOLUTE
    ../clib/armsys.c                         0x00000000   Number         0  _get_argv_nomalloc.o ABSOLUTE
    ../clib/armsys.c                         0x00000000   Number         0  no_argv.o ABSOLUTE
    ../clib/armsys.c                         0x00000000   Number         0  argv_veneer.o ABSOLUTE
    ../clib/armsys.c                         0x00000000   Number         0  argv_veneer.o ABSOLUTE
    ../clib/heapalloc.c                      0x00000000   Number         0  hrguard.o ABSOLUTE
    ../clib/heapaux.c                        0x00000000   Number         0  heapauxi.o ABSOLUTE
    ../clib/libinit.s                        0x00000000   Number         0  libshutdown2.o ABSOLUTE
    ../clib/libinit.s                        0x00000000   Number         0  libinit2.o ABSOLUTE
    ../clib/libinit.s                        0x00000000   Number         0  libinit.o ABSOLUTE
    ../clib/libinit.s                        0x00000000   Number         0  libshutdown.o ABSOLUTE
    ../clib/memcpset.s                       0x00000000   Number         0  rt_memcpy_w.o ABSOLUTE
    ../clib/memcpset.s                       0x00000000   Number         0  rt_memcpy_v6.o ABSOLUTE
    ../clib/signal.c                         0x00000000   Number         0  defsig_general.o ABSOLUTE
    ../clib/signal.c                         0x00000000   Number         0  defsig_rtred_inner.o ABSOLUTE
    ../clib/signal.c                         0x00000000   Number         0  defsig_fpe_inner.o ABSOLUTE
    ../clib/signal.c                         0x00000000   Number         0  defsig_other.o ABSOLUTE
    ../clib/signal.c                         0x00000000   Number         0  defsig_abrt_inner.o ABSOLUTE
    ../clib/signal.c                         0x00000000   Number         0  __raise.o ABSOLUTE
    ../clib/signal.c                         0x00000000   Number         0  defsig_cppl_inner.o ABSOLUTE
    ../clib/signal.c                         0x00000000   Number         0  defsig_pvfn_inner.o ABSOLUTE
    ../clib/signal.c                         0x00000000   Number         0  defsig_stak_inner.o ABSOLUTE
    ../clib/signal.c                         0x00000000   Number         0  defsig_rtmem_outer.o ABSOLUTE
    ../clib/signal.c                         0x00000000   Number         0  defsig_rtmem_formal.o ABSOLUTE
    ../clib/signal.c                         0x00000000   Number         0  defsig_segv_inner.o ABSOLUTE
    ../clib/signal.c                         0x00000000   Number         0  defsig_exit.o ABSOLUTE
    ../clib/signal.c                         0x00000000   Number         0  defsig_rtmem_inner.o ABSOLUTE
    ../clib/signal.s                         0x00000000   Number         0  defsig.o ABSOLUTE
    ../clib/stdlib.c                         0x00000000   Number         0  exit.o ABSOLUTE
    ../fplib/fpinit.s                        0x00000000   Number         0  fpinit.o ABSOLUTE
    C:\Keil_v5\ARM\PACK\ARM\CMSIS-FreeRTOS\10.0.1\CMSIS\RTOS2\FreeRTOS\Source\freertos_evr.c 0x00000000   Number         0  freertos_evr.o ABSOLUTE
    C:\Keil_v5\ARM\PACK\ARM\CMSIS-FreeRTOS\10.0.1\Source\list.c 0x00000000   Number         0  list.o ABSOLUTE
    C:\Keil_v5\ARM\PACK\ARM\CMSIS-FreeRTOS\10.0.1\Source\portable\MemMang\heap_1.c 0x00000000   Number         0  heap_1.o ABSOLUTE
    C:\Keil_v5\ARM\PACK\ARM\CMSIS-FreeRTOS\10.0.1\Source\portable\RVDS\ARM_CM4F\port.c 0x00000000   Number         0  port.o ABSOLUTE
    C:\Keil_v5\ARM\PACK\ARM\CMSIS-FreeRTOS\10.0.1\Source\queue.c 0x00000000   Number         0  queue.o ABSOLUTE
    C:\Keil_v5\ARM\PACK\ARM\CMSIS-FreeRTOS\10.0.1\Source\tasks.c 0x00000000   Number         0  tasks.o ABSOLUTE
    C:\Keil_v5\ARM\PACK\ARM\CMSIS-FreeRTOS\10.0.1\Source\timers.c 0x00000000   Number         0  timers.o ABSOLUTE
    C:\\Keil_v5\\ARM\\PACK\\ARM\\CMSIS-FreeRTOS\\10.0.1\\CMSIS\\RTOS2\\FreeRTOS\\Source\\freertos_evr.c 0x00000000   Number         0  freertos_evr.o ABSOLUTE
    C:\\Keil_v5\\ARM\\PACK\\ARM\\CMSIS-FreeRTOS\\10.0.1\\Source\\list.c 0x00000000   Number         0  list.o ABSOLUTE
    C:\\Keil_v5\\ARM\\PACK\\ARM\\CMSIS-FreeRTOS\\10.0.1\\Source\\portable\\MemMang\\heap_1.c 0x00000000   Number         0  heap_1.o ABSOLUTE
    C:\\Keil_v5\\ARM\\PACK\\ARM\\CMSIS-FreeRTOS\\10.0.1\\Source\\portable\\RVDS\\ARM_CM4F\\port.c 0x00000000   Number         0  port.o ABSOLUTE
    C:\\Keil_v5\\ARM\\PACK\\ARM\\CMSIS-FreeRTOS\\10.0.1\\Source\\queue.c 0x00000000   Number         0  queue.o ABSOLUTE
    C:\\Keil_v5\\ARM\\PACK\\ARM\\CMSIS-FreeRTOS\\10.0.1\\Source\\tasks.c 0x00000000   Number         0  tasks.o ABSOLUTE
    C:\\Keil_v5\\ARM\\PACK\\ARM\\CMSIS-FreeRTOS\\10.0.1\\Source\\timers.c 0x00000000   Number         0  timers.o ABSOLUTE
    RTE\Device\TM4C123GH6PM\startup_TM4C123.s 0x00000000   Number         0  startup_tm4c123.o ABSOLUTE
    RTE\Device\TM4C123GH6PM\system_TM4C123.c 0x00000000   Number         0  system_tm4c123.o ABSOLUTE
    RTE\\Device\\TM4C123GH6PM\\system_TM4C123.c 0x00000000   Number         0  system_tm4c123.o ABSOLUTE
    dc.s                                     0x00000000   Number         0  dc.o ABSOLUTE
    main.c                                   0x00000000   Number         0  main.o ABSOLUTE
    main.c                                   0x00000000   Number         0  main.o ABSOLUTE
    !!!main                                  0x0000026c   Section        8  __main.o(!!!main)
    !!!scatter                               0x00000274   Section       52  __scatter.o(!!!scatter)
    !!handler_copy                           0x000002a8   Section       26  __scatter_copy.o(!!handler_copy)
    !!handler_zi                             0x000002c4   Section       28  __scatter_zi.o(!!handler_zi)
    .ARM.Collect$$libinit$$00000000          0x000002e0   Section        2  libinit.o(.ARM.Collect$$libinit$$00000000)
    .ARM.Collect$$libinit$$00000001          0x000002e2   Section        4  libinit2.o(.ARM.Collect$$libinit$$00000001)
    .ARM.Collect$$libinit$$00000004          0x000002e6   Section        0  libinit2.o(.ARM.Collect$$libinit$$00000004)
    .ARM.Collect$$libinit$$0000000A          0x000002e6   Section        0  libinit2.o(.ARM.Collect$$libinit$$0000000A)
    .ARM.Collect$$libinit$$0000000C          0x000002e6   Section        0  libinit2.o(.ARM.Collect$$libinit$$0000000C)
    .ARM.Collect$$libinit$$0000000E          0x000002e6   Section        0  libinit2.o(.ARM.Collect$$libinit$$0000000E)
    .ARM.Collect$$libinit$$00000011          0x000002e6   Section        0  libinit2.o(.ARM.Collect$$libinit$$00000011)
    .ARM.Collect$$libinit$$00000013          0x000002e6   Section        0  libinit2.o(.ARM.Collect$$libinit$$00000013)
    .ARM.Collect$$libinit$$00000015          0x000002e6   Section        0  libinit2.o(.ARM.Collect$$libinit$$00000015)
    .ARM.Collect$$libinit$$00000017          0x000002e6   Section        0  libinit2.o(.ARM.Collect$$libinit$$00000017)
    .ARM.Collect$$libinit$$00000019          0x000002e6   Section        0  libinit2.o(.ARM.Collect$$libinit$$00000019)
    .ARM.Collect$$libinit$$0000001B          0x000002e6   Section        0  libinit2.o(.ARM.Collect$$libinit$$0000001B)
    .ARM.Collect$$libinit$$0000001D          0x000002e6   Section        0  libinit2.o(.ARM.Collect$$libinit$$0000001D)
    .ARM.Collect$$libinit$$0000001F          0x000002e6   Section        0  libinit2.o(.ARM.Collect$$libinit$$0000001F)
    .ARM.Collect$$libinit$$00000021          0x000002e6   Section        0  libinit2.o(.ARM.Collect$$libinit$$00000021)
    .ARM.Collect$$libinit$$00000023          0x000002e6   Section        0  libinit2.o(.ARM.Collect$$libinit$$00000023)
    .ARM.Collect$$libinit$$00000025          0x000002e6   Section        0  libinit2.o(.ARM.Collect$$libinit$$00000025)
    .ARM.Collect$$libinit$$0000002C          0x000002e6   Section        0  libinit2.o(.ARM.Collect$$libinit$$0000002C)
    .ARM.Collect$$libinit$$0000002E          0x000002e6   Section        0  libinit2.o(.ARM.Collect$$libinit$$0000002E)
    .ARM.Collect$$libinit$$00000030          0x000002e6   Section        0  libinit2.o(.ARM.Collect$$libinit$$00000030)
    .ARM.Collect$$libinit$$00000032          0x000002e6   Section        0  libinit2.o(.ARM.Collect$$libinit$$00000032)
    .ARM.Collect$$libinit$$00000033          0x000002e6   Section        2  libinit2.o(.ARM.Collect$$libinit$$00000033)
    .ARM.Collect$$libshutdown$$00000000      0x000002e8   Section        2  libshutdown.o(.ARM.Collect$$libshutdown$$00000000)
    .ARM.Collect$$libshutdown$$00000002      0x000002ea   Section        0  libshutdown2.o(.ARM.Collect$$libshutdown$$00000002)
    .ARM.Collect$$libshutdown$$00000004      0x000002ea   Section        0  libshutdown2.o(.ARM.Collect$$libshutdown$$00000004)
    .ARM.Collect$$libshutdown$$00000007      0x000002ea   Section        0  libshutdown2.o(.ARM.Collect$$libshutdown$$00000007)
    .ARM.Collect$$libshutdown$$0000000A      0x000002ea   Section        0  libshutdown2.o(.ARM.Collect$$libshutdown$$0000000A)
    .ARM.Collect$$libshutdown$$0000000C      0x000002ea   Section        0  libshutdown2.o(.ARM.Collect$$libshutdown$$0000000C)
    .ARM.Collect$$libshutdown$$0000000F      0x000002ea   Section        0  libshutdown2.o(.ARM.Collect$$libshutdown$$0000000F)
    .ARM.Collect$$libshutdown$$00000010      0x000002ea   Section        2  libshutdown2.o(.ARM.Collect$$libshutdown$$00000010)
    .ARM.Collect$$rtentry$$00000000          0x000002ec   Section        0  __rtentry.o(.ARM.Collect$$rtentry$$00000000)
    .ARM.Collect$$rtentry$$00000002          0x000002ec   Section        0  __rtentry2.o(.ARM.Collect$$rtentry$$00000002)
    .ARM.Collect$$rtentry$$00000004          0x000002ec   Section        6  __rtentry4.o(.ARM.Collect$$rtentry$$00000004)
    .ARM.Collect$$rtentry$$00000009          0x000002f2   Section        0  __rtentry2.o(.ARM.Collect$$rtentry$$00000009)
    .ARM.Collect$$rtentry$$0000000A          0x000002f2   Section        4  __rtentry2.o(.ARM.Collect$$rtentry$$0000000A)
    .ARM.Collect$$rtentry$$0000000C          0x000002f6   Section        0  __rtentry2.o(.ARM.Collect$$rtentry$$0000000C)
    .ARM.Collect$$rtentry$$0000000D          0x000002f6   Section        8  __rtentry2.o(.ARM.Collect$$rtentry$$0000000D)
    .ARM.Collect$$rtexit$$00000000           0x000002fe   Section        2  rtexit.o(.ARM.Collect$$rtexit$$00000000)
    .ARM.Collect$$rtexit$$00000002           0x00000300   Section        0  rtexit2.o(.ARM.Collect$$rtexit$$00000002)
    .ARM.Collect$$rtexit$$00000003           0x00000300   Section        4  rtexit2.o(.ARM.Collect$$rtexit$$00000003)
    .ARM.Collect$$rtexit$$00000004           0x00000304   Section        6  rtexit2.o(.ARM.Collect$$rtexit$$00000004)
    .emb_text                                0x0000030c   Section      190  port.o(.emb_text)
    $v0                                      0x0000030c   Number         0  port.o(.emb_text)
    .text                                    0x000003cc   Section      276  startup_tm4c123.o(.text)
    $v0                                      0x000003cc   Number         0  startup_tm4c123.o(.text)
    .text                                    0x000004e0   Section      138  rt_memcpy_v6.o(.text)
    .text                                    0x0000056a   Section        0  heapauxi.o(.text)
    .text                                    0x00000570   Section      100  rt_memcpy_w.o(.text)
    .text                                    0x000005d4   Section       74  sys_stackheap_outer.o(.text)
    .text                                    0x0000061e   Section        0  exit.o(.text)
    .text                                    0x00000630   Section        8  libspace.o(.text)
    .text                                    0x00000638   Section        0  sys_exit.o(.text)
    .text                                    0x00000644   Section        2  use_no_semi.o(.text)
    .text                                    0x00000646   Section        0  indicate_semi.o(.text)
    i.SysTick_Handler                        0x00000648   Section        0  port.o(i.SysTick_Handler)
    i.SystemInit                             0x0000067c   Section        0  system_tm4c123.o(i.SystemInit)
    i.main                                   0x00000714   Section        0  main.o(i.main)
    i.prvAddCurrentTaskToDelayedList         0x00000740   Section        0  tasks.o(i.prvAddCurrentTaskToDelayedList)
    prvAddCurrentTaskToDelayedList           0x00000741   Thumb Code   124  tasks.o(i.prvAddCurrentTaskToDelayedList)
    i.prvAddNewTaskToReadyList               0x000007d8   Section        0  tasks.o(i.prvAddNewTaskToReadyList)
    prvAddNewTaskToReadyList                 0x000007d9   Thumb Code   150  tasks.o(i.prvAddNewTaskToReadyList)
    i.prvCheckForValidListAndQueue           0x0000088c   Section        0  timers.o(i.prvCheckForValidListAndQueue)
    prvCheckForValidListAndQueue             0x0000088d   Thumb Code    56  timers.o(i.prvCheckForValidListAndQueue)
    i.prvCheckTasksWaitingTermination        0x000008d8   Section        0  tasks.o(i.prvCheckTasksWaitingTermination)
    prvCheckTasksWaitingTermination          0x000008d9   Thumb Code    60  tasks.o(i.prvCheckTasksWaitingTermination)
    i.prvCopyDataFromQueue                   0x00000920   Section        0  queue.o(i.prvCopyDataFromQueue)
    prvCopyDataFromQueue                     0x00000921   Thumb Code    42  queue.o(i.prvCopyDataFromQueue)
    i.prvCopyDataToQueue                     0x0000094a   Section        0  queue.o(i.prvCopyDataToQueue)
    prvCopyDataToQueue                       0x0000094b   Thumb Code   124  queue.o(i.prvCopyDataToQueue)
    i.prvDeleteTCB                           0x000009c6   Section        0  tasks.o(i.prvDeleteTCB)
    prvDeleteTCB                             0x000009c7   Thumb Code    18  tasks.o(i.prvDeleteTCB)
    i.prvGetNextExpireTime                   0x000009d8   Section        0  timers.o(i.prvGetNextExpireTime)
    prvGetNextExpireTime                     0x000009d9   Thumb Code    36  timers.o(i.prvGetNextExpireTime)
    i.prvIdleTask                            0x00000a00   Section        0  tasks.o(i.prvIdleTask)
    prvIdleTask                              0x00000a01   Thumb Code    32  tasks.o(i.prvIdleTask)
    i.prvInitialiseNewQueue                  0x00000a28   Section        0  queue.o(i.prvInitialiseNewQueue)
    prvInitialiseNewQueue                    0x00000a29   Thumb Code    42  queue.o(i.prvInitialiseNewQueue)
    i.prvInitialiseNewTask                   0x00000a52   Section        0  tasks.o(i.prvInitialiseNewTask)
    prvInitialiseNewTask                     0x00000a53   Thumb Code   172  tasks.o(i.prvInitialiseNewTask)
    i.prvInitialiseTaskLists                 0x00000b00   Section        0  tasks.o(i.prvInitialiseTaskLists)
    prvInitialiseTaskLists                   0x00000b01   Thumb Code    70  tasks.o(i.prvInitialiseTaskLists)
    i.prvInsertTimerInActiveList             0x00000b68   Section        0  timers.o(i.prvInsertTimerInActiveList)
    prvInsertTimerInActiveList               0x00000b69   Thumb Code    80  timers.o(i.prvInsertTimerInActiveList)
    i.prvIsQueueEmpty                        0x00000bc0   Section        0  queue.o(i.prvIsQueueEmpty)
    prvIsQueueEmpty                          0x00000bc1   Thumb Code    26  queue.o(i.prvIsQueueEmpty)
    i.prvIsQueueFull                         0x00000bda   Section        0  queue.o(i.prvIsQueueFull)
    prvIsQueueFull                           0x00000bdb   Thumb Code    30  queue.o(i.prvIsQueueFull)
    i.prvNotifyQueueSetContainer             0x00000bf8   Section        0  queue.o(i.prvNotifyQueueSetContainer)
    prvNotifyQueueSetContainer               0x00000bf9   Thumb Code   148  queue.o(i.prvNotifyQueueSetContainer)
    i.prvProcessExpiredTimer                 0x00000c8c   Section        0  timers.o(i.prvProcessExpiredTimer)
    prvProcessExpiredTimer                   0x00000c8d   Thumb Code    96  timers.o(i.prvProcessExpiredTimer)
    i.prvProcessReceivedCommands             0x00000cf0   Section        0  timers.o(i.prvProcessReceivedCommands)
    prvProcessReceivedCommands               0x00000cf1   Thumb Code   244  timers.o(i.prvProcessReceivedCommands)
    i.prvProcessTimerOrBlockTask             0x00000de8   Section        0  timers.o(i.prvProcessTimerOrBlockTask)
    prvProcessTimerOrBlockTask               0x00000de9   Thumb Code   102  timers.o(i.prvProcessTimerOrBlockTask)
    i.prvResetNextTaskUnblockTime            0x00000e5c   Section        0  tasks.o(i.prvResetNextTaskUnblockTime)
    prvResetNextTaskUnblockTime              0x00000e5d   Thumb Code    42  tasks.o(i.prvResetNextTaskUnblockTime)
    i.prvSampleTimeNow                       0x00000e90   Section        0  timers.o(i.prvSampleTimeNow)
    prvSampleTimeNow                         0x00000e91   Thumb Code    40  timers.o(i.prvSampleTimeNow)
    i.prvSwitchTimerLists                    0x00000ebc   Section        0  timers.o(i.prvSwitchTimerLists)
    prvSwitchTimerLists                      0x00000ebd   Thumb Code   152  timers.o(i.prvSwitchTimerLists)
    i.prvTaskExitError                       0x00000f5c   Section        0  port.o(i.prvTaskExitError)
    prvTaskExitError                         0x00000f5d   Thumb Code    64  port.o(i.prvTaskExitError)
    i.prvTimerTask                           0x00000fa0   Section        0  timers.o(i.prvTimerTask)
    prvTimerTask                             0x00000fa1   Thumb Code    26  timers.o(i.prvTimerTask)
    i.prvUnlockQueue                         0x00000fba   Section        0  queue.o(i.prvUnlockQueue)
    prvUnlockQueue                           0x00000fbb   Thumb Code   146  queue.o(i.prvUnlockQueue)
    i.pvPortMalloc                           0x0000104c   Section        0  heap_1.o(i.pvPortMalloc)
    i.pxPortInitialiseStack                  0x000010bc   Section        0  port.o(i.pxPortInitialiseStack)
    i.uxListRemove                           0x000010e8   Section        0  list.o(i.uxListRemove)
    i.vListInitialise                        0x00001110   Section        0  list.o(i.vListInitialise)
    i.vListInitialiseItem                    0x0000112a   Section        0  list.o(i.vListInitialiseItem)
    i.vListInsert                            0x00001130   Section        0  list.o(i.vListInsert)
    i.vListInsertEnd                         0x00001164   Section        0  list.o(i.vListInsertEnd)
    i.vPeriodicTask                          0x0000117c   Section        0  main.o(i.vPeriodicTask)
    i.vPortEnterCritical                     0x00001194   Section        0  port.o(i.vPortEnterCritical)
    i.vPortExitCritical                      0x000011ec   Section        0  port.o(i.vPortExitCritical)
    i.vPortFree                              0x0000122c   Section        0  heap_1.o(i.vPortFree)
    i.vPortSetupTimerInterrupt               0x00001250   Section        0  port.o(i.vPortSetupTimerInterrupt)
    i.vPortValidateInterruptPriority         0x00001278   Section        0  port.o(i.vPortValidateInterruptPriority)
    i.vQueueWaitForMessageRestricted         0x000012f4   Section        0  queue.o(i.vQueueWaitForMessageRestricted)
    i.vTaskDelayUntil                        0x00001340   Section        0  tasks.o(i.vTaskDelayUntil)
    i.vTaskInternalSetTimeOutState           0x0000141c   Section        0  tasks.o(i.vTaskInternalSetTimeOutState)
    i.vTaskMissedYield                       0x00001434   Section        0  tasks.o(i.vTaskMissedYield)
    i.vTaskPlaceOnEventList                  0x00001440   Section        0  tasks.o(i.vTaskPlaceOnEventList)
    i.vTaskPlaceOnEventListRestricted        0x0000147c   Section        0  tasks.o(i.vTaskPlaceOnEventListRestricted)
    i.vTaskStartScheduler                    0x000014c0   Section        0  tasks.o(i.vTaskStartScheduler)
    i.vTaskSuspendAll                        0x00001558   Section        0  tasks.o(i.vTaskSuspendAll)
    i.vTaskSwitchContext                     0x00001568   Section        0  tasks.o(i.vTaskSwitchContext)
    i.xPortStartScheduler                    0x000015f4   Section        0  port.o(i.xPortStartScheduler)
    i.xQueueGenericCreate                    0x00001790   Section        0  queue.o(i.xQueueGenericCreate)
    i.xQueueGenericReset                     0x000017ec   Section        0  queue.o(i.xQueueGenericReset)
    i.xQueueGenericSend                      0x00001884   Section        0  queue.o(i.xQueueGenericSend)
    i.xQueueGenericSendFromISR               0x00001a54   Section        0  queue.o(i.xQueueGenericSendFromISR)
    i.xQueueReceive                          0x00001b64   Section        0  queue.o(i.xQueueReceive)
    i.xTaskCheckForTimeOut                   0x00001cd4   Section        0  tasks.o(i.xTaskCheckForTimeOut)
    i.xTaskCreate                            0x00001d64   Section        0  tasks.o(i.xTaskCreate)
    i.xTaskGetSchedulerState                 0x00001dc4   Section        0  tasks.o(i.xTaskGetSchedulerState)
    i.xTaskGetTickCount                      0x00001de4   Section        0  tasks.o(i.xTaskGetTickCount)
    i.xTaskIncrementTick                     0x00001df0   Section        0  tasks.o(i.xTaskIncrementTick)
    i.xTaskPriorityDisinherit                0x00001f38   Section        0  tasks.o(i.xTaskPriorityDisinherit)
    i.xTaskRemoveFromEventList               0x00002004   Section        0  tasks.o(i.xTaskRemoveFromEventList)
    i.xTaskResumeAll                         0x000020a0   Section        0  tasks.o(i.xTaskResumeAll)
    i.xTimerCreateTimerTask                  0x000021a8   Section        0  timers.o(i.xTimerCreateTimerTask)
    i.xTimerGenericCommand                   0x00002200   Section        0  timers.o(i.xTimerGenericCommand)
    x$fpl$fpinit                             0x00002284   Section       10  fpinit.o(x$fpl$fpinit)
    $v0                                      0x00002284   Number         0  fpinit.o(x$fpl$fpinit)
    .data                                    0x20000000   Section        4  system_tm4c123.o(.data)
    .data                                    0x20000004   Section        8  heap_1.o(.data)
    xNextFreeByte                            0x20000004   Data           4  heap_1.o(.data)
    pucAlignedHeap                           0x20000008   Data           4  heap_1.o(.data)
    .data                                    0x2000000c   Section       12  port.o(.data)
    uxCriticalNesting                        0x2000000c   Data           4  port.o(.data)
    ucMaxSysCallPriority                     0x20000010   Data           1  port.o(.data)
    ulMaxPRIGROUPValue                       0x20000014   Data           4  port.o(.data)
    .data                                    0x20000018   Section       60  tasks.o(.data)
    pxDelayedTaskList                        0x2000001c   Data           4  tasks.o(.data)
    pxOverflowDelayedTaskList                0x20000020   Data           4  tasks.o(.data)
    uxDeletedTasksWaitingCleanUp             0x20000024   Data           4  tasks.o(.data)
    uxCurrentNumberOfTasks                   0x20000028   Data           4  tasks.o(.data)
    xTickCount                               0x2000002c   Data           4  tasks.o(.data)
    uxTopReadyPriority                       0x20000030   Data           4  tasks.o(.data)
    xSchedulerRunning                        0x20000034   Data           4  tasks.o(.data)
    uxPendedTicks                            0x20000038   Data           4  tasks.o(.data)
    xYieldPending                            0x2000003c   Data           4  tasks.o(.data)
    xNumOfOverflows                          0x20000040   Data           4  tasks.o(.data)
    uxTaskNumber                             0x20000044   Data           4  tasks.o(.data)
    xNextTaskUnblockTime                     0x20000048   Data           4  tasks.o(.data)
    xIdleTaskHandle                          0x2000004c   Data           4  tasks.o(.data)
    uxSchedulerSuspended                     0x20000050   Data           4  tasks.o(.data)
    .data                                    0x20000054   Section       20  timers.o(.data)
    pxCurrentTimerList                       0x20000054   Data           4  timers.o(.data)
    pxOverflowTimerList                      0x20000058   Data           4  timers.o(.data)
    xTimerQueue                              0x2000005c   Data           4  timers.o(.data)
    xTimerTaskHandle                         0x20000060   Data           4  timers.o(.data)
    xLastTime                                0x20000064   Data           4  timers.o(.data)
    .bss                                     0x20000068   Section     4096  heap_1.o(.bss)
    ucHeap                                   0x20000068   Data        4096  heap_1.o(.bss)
    .bss                                     0x20001068   Section      200  tasks.o(.bss)
    pxReadyTasksLists                        0x20001068   Data         100  tasks.o(.bss)
    xDelayedTaskList1                        0x200010cc   Data          20  tasks.o(.bss)
    xDelayedTaskList2                        0x200010e0   Data          20  tasks.o(.bss)
    xPendingReadyList                        0x200010f4   Data          20  tasks.o(.bss)
    xTasksWaitingTermination                 0x20001108   Data          20  tasks.o(.bss)
    xSuspendedTaskList                       0x2000111c   Data          20  tasks.o(.bss)
    .bss                                     0x20001130   Section       40  timers.o(.bss)
    xActiveTimerList1                        0x20001130   Data          20  timers.o(.bss)
    xActiveTimerList2                        0x20001144   Data          20  timers.o(.bss)
    .bss                                     0x20001158   Section       96  libspace.o(.bss)
    HEAP                                     0x200011b8   Section        0  startup_tm4c123.o(HEAP)
    STACK                                    0x200011b8   Section      512  startup_tm4c123.o(STACK)
    Heap_Mem                                 0x200011b8   Data           0  startup_tm4c123.o(HEAP)
    Stack_Mem                                0x200011b8   Data         512  startup_tm4c123.o(STACK)
    __initial_sp                             0x200013b8   Data           0  startup_tm4c123.o(STACK)

    Global Symbols

    Symbol Name                              Value     Ov Type        Size  Object(Section)

    BuildAttributes$$THM_ISAv4$E$P$D$K$B$S$7EM$VFPi3$EXTD16$VFPS$VFMA$PE$A:L22UL41UL21$X:L11$S22US41US21$IEEE1$IW$USESV6$~STKCKD$USESV7$~SHL$OSPACE$ROPI$EBA8$UX$STANDARDLIB$REQ8$PRES8$EABIv2 0x00000000   Number         0  anon$$obj.o ABSOLUTE
    __ARM_use_no_argv                        0x00000000   Number         0  main.o ABSOLUTE
    __Vectors                                0x00000000   Data           4  startup_tm4c123.o(RESET)
    __ARM_exceptions_init                     - Undefined Weak Reference
    __alloca_initialize                       - Undefined Weak Reference
    __arm_preinit_                            - Undefined Weak Reference
    __cpp_initialize__aeabi_                  - Undefined Weak Reference
    __cxa_finalize                            - Undefined Weak Reference
    __rt_locale                               - Undefined Weak Reference
    __sigvec_lookup                           - Undefined Weak Reference
    _atexit_init                              - Undefined Weak Reference
    _call_atexit_fns                          - Undefined Weak Reference
    _clock_init                               - Undefined Weak Reference
    _fp_trap_init                             - Undefined Weak Reference
    _fp_trap_shutdown                         - Undefined Weak Reference
    _get_lc_collate                           - Undefined Weak Reference
    _get_lc_ctype                             - Undefined Weak Reference
    _get_lc_monetary                          - Undefined Weak Reference
    _get_lc_numeric                           - Undefined Weak Reference
    _get_lc_time                              - Undefined Weak Reference
    _getenv_init                              - Undefined Weak Reference
    _handle_redirection                       - Undefined Weak Reference
    _init_alloc                               - Undefined Weak Reference
    _init_user_alloc                          - Undefined Weak Reference
    _initio                                   - Undefined Weak Reference
    _rand_init                                - Undefined Weak Reference
    _signal_finish                            - Undefined Weak Reference
    _signal_init                              - Undefined Weak Reference
    _terminate_alloc                          - Undefined Weak Reference
    _terminate_user_alloc                     - Undefined Weak Reference
    _terminateio                              - Undefined Weak Reference
    __Vectors_End                            0x0000026c   Data           0  startup_tm4c123.o(RESET)
    __Vectors_Size                           0x0000026c   Number         0  startup_tm4c123.o ABSOLUTE
    __main                                   0x0000026d   Thumb Code     8  __main.o(!!!main)
    __scatterload                            0x00000275   Thumb Code     0  __scatter.o(!!!scatter)
    __scatterload_rt2                        0x00000275   Thumb Code    44  __scatter.o(!!!scatter)
    __scatterload_rt2_thumb_only             0x00000275   Thumb Code     0  __scatter.o(!!!scatter)
    __scatterload_null                       0x00000283   Thumb Code     0  __scatter.o(!!!scatter)
    __scatterload_copy                       0x000002a9   Thumb Code    26  __scatter_copy.o(!!handler_copy)
    __scatterload_zeroinit                   0x000002c5   Thumb Code    28  __scatter_zi.o(!!handler_zi)
    __rt_lib_init                            0x000002e1   Thumb Code     0  libinit.o(.ARM.Collect$$libinit$$00000000)
    __rt_lib_init_fp_1                       0x000002e3   Thumb Code     0  libinit2.o(.ARM.Collect$$libinit$$00000001)
    __rt_lib_init_alloca_1                   0x000002e7   Thumb Code     0  libinit2.o(.ARM.Collect$$libinit$$0000002E)
    __rt_lib_init_argv_1                     0x000002e7   Thumb Code     0  libinit2.o(.ARM.Collect$$libinit$$0000002C)
    __rt_lib_init_atexit_1                   0x000002e7   Thumb Code     0  libinit2.o(.ARM.Collect$$libinit$$0000001B)
    __rt_lib_init_clock_1                    0x000002e7   Thumb Code     0  libinit2.o(.ARM.Collect$$libinit$$00000021)
    __rt_lib_init_cpp_1                      0x000002e7   Thumb Code     0  libinit2.o(.ARM.Collect$$libinit$$00000032)
    __rt_lib_init_exceptions_1               0x000002e7   Thumb Code     0  libinit2.o(.ARM.Collect$$libinit$$00000030)
    __rt_lib_init_fp_trap_1                  0x000002e7   Thumb Code     0  libinit2.o(.ARM.Collect$$libinit$$0000001F)
    __rt_lib_init_getenv_1                   0x000002e7   Thumb Code     0  libinit2.o(.ARM.Collect$$libinit$$00000023)
    __rt_lib_init_heap_1                     0x000002e7   Thumb Code     0  libinit2.o(.ARM.Collect$$libinit$$0000000A)
    __rt_lib_init_lc_collate_1               0x000002e7   Thumb Code     0  libinit2.o(.ARM.Collect$$libinit$$00000011)
    __rt_lib_init_lc_ctype_1                 0x000002e7   Thumb Code     0  libinit2.o(.ARM.Collect$$libinit$$00000013)
    __rt_lib_init_lc_monetary_1              0x000002e7   Thumb Code     0  libinit2.o(.ARM.Collect$$libinit$$00000015)
    __rt_lib_init_lc_numeric_1               0x000002e7   Thumb Code     0  libinit2.o(.ARM.Collect$$libinit$$00000017)
    __rt_lib_init_lc_time_1                  0x000002e7   Thumb Code     0  libinit2.o(.ARM.Collect$$libinit$$00000019)
    __rt_lib_init_preinit_1                  0x000002e7   Thumb Code     0  libinit2.o(.ARM.Collect$$libinit$$00000004)
    __rt_lib_init_rand_1                     0x000002e7   Thumb Code     0  libinit2.o(.ARM.Collect$$libinit$$0000000E)
    __rt_lib_init_return                     0x000002e7   Thumb Code     0  libinit2.o(.ARM.Collect$$libinit$$00000033)
    __rt_lib_init_signal_1                   0x000002e7   Thumb Code     0  libinit2.o(.ARM.Collect$$libinit$$0000001D)
    __rt_lib_init_stdio_1                    0x000002e7   Thumb Code     0  libinit2.o(.ARM.Collect$$libinit$$00000025)
    __rt_lib_init_user_alloc_1               0x000002e7   Thumb Code     0  libinit2.o(.ARM.Collect$$libinit$$0000000C)
    __rt_lib_shutdown                        0x000002e9   Thumb Code     0  libshutdown.o(.ARM.Collect$$libshutdown$$00000000)
    __rt_lib_shutdown_cpp_1                  0x000002eb   Thumb Code     0  libshutdown2.o(.ARM.Collect$$libshutdown$$00000002)
    __rt_lib_shutdown_fp_trap_1              0x000002eb   Thumb Code     0  libshutdown2.o(.ARM.Collect$$libshutdown$$00000007)
    __rt_lib_shutdown_heap_1                 0x000002eb   Thumb Code     0  libshutdown2.o(.ARM.Collect$$libshutdown$$0000000F)
    __rt_lib_shutdown_return                 0x000002eb   Thumb Code     0  libshutdown2.o(.ARM.Collect$$libshutdown$$00000010)
    __rt_lib_shutdown_signal_1               0x000002eb   Thumb Code     0  libshutdown2.o(.ARM.Collect$$libshutdown$$0000000A)
    __rt_lib_shutdown_stdio_1                0x000002eb   Thumb Code     0  libshutdown2.o(.ARM.Collect$$libshutdown$$00000004)
    __rt_lib_shutdown_user_alloc_1           0x000002eb   Thumb Code     0  libshutdown2.o(.ARM.Collect$$libshutdown$$0000000C)
    __rt_entry                               0x000002ed   Thumb Code     0  __rtentry.o(.ARM.Collect$$rtentry$$00000000)
    __rt_entry_presh_1                       0x000002ed   Thumb Code     0  __rtentry2.o(.ARM.Collect$$rtentry$$00000002)
    __rt_entry_sh                            0x000002ed   Thumb Code     0  __rtentry4.o(.ARM.Collect$$rtentry$$00000004)
    __rt_entry_li                            0x000002f3   Thumb Code     0  __rtentry2.o(.ARM.Collect$$rtentry$$0000000A)
    __rt_entry_postsh_1                      0x000002f3   Thumb Code     0  __rtentry2.o(.ARM.Collect$$rtentry$$00000009)
    __rt_entry_main                          0x000002f7   Thumb Code     0  __rtentry2.o(.ARM.Collect$$rtentry$$0000000D)
    __rt_entry_postli_1                      0x000002f7   Thumb Code     0  __rtentry2.o(.ARM.Collect$$rtentry$$0000000C)
    __rt_exit                                0x000002ff   Thumb Code     0  rtexit.o(.ARM.Collect$$rtexit$$00000000)
    __rt_exit_ls                             0x00000301   Thumb Code     0  rtexit2.o(.ARM.Collect$$rtexit$$00000003)
    __rt_exit_prels_1                        0x00000301   Thumb Code     0  rtexit2.o(.ARM.Collect$$rtexit$$00000002)
    __rt_exit_exit                           0x00000305   Thumb Code     0  rtexit2.o(.ARM.Collect$$rtexit$$00000004)
    SVC_Handler                              0x0000030d   Thumb Code    28  port.o(.emb_text)
    __asm___6_port_c_39a90d8d__prvStartFirstTask 0x0000032d   Thumb Code    36  port.o(.emb_text)
    __asm___6_port_c_39a90d8d__prvEnableVFP  0x00000355   Thumb Code    16  port.o(.emb_text)
    PendSV_Handler                           0x00000369   Thumb Code    88  port.o(.emb_text)
    vPortGetIPSR                             0x000003c5   Thumb Code     6  port.o(.emb_text)
    Reset_Handler                            0x000003cd   Thumb Code     8  startup_tm4c123.o(.text)
    NMI_Handler                              0x000003d5   Thumb Code     2  startup_tm4c123.o(.text)
    HardFault_Handler                        0x000003d7   Thumb Code     2  startup_tm4c123.o(.text)
    MemManage_Handler                        0x000003d9   Thumb Code     2  startup_tm4c123.o(.text)
    BusFault_Handler                         0x000003db   Thumb Code     2  startup_tm4c123.o(.text)
    UsageFault_Handler                       0x000003dd   Thumb Code     2  startup_tm4c123.o(.text)
    DebugMon_Handler                         0x000003e1   Thumb Code     2  startup_tm4c123.o(.text)
    GPIOA_Handler                            0x000003e7   Thumb Code     2  startup_tm4c123.o(.text)
    GPIOB_Handler                            0x000003e9   Thumb Code     2  startup_tm4c123.o(.text)
    GPIOC_Handler                            0x000003eb   Thumb Code     2  startup_tm4c123.o(.text)
    GPIOD_Handler                            0x000003ed   Thumb Code     2  startup_tm4c123.o(.text)
    GPIOE_Handler                            0x000003ef   Thumb Code     2  startup_tm4c123.o(.text)
    UART0_Handler                            0x000003f1   Thumb Code     2  startup_tm4c123.o(.text)
    UART1_Handler                            0x000003f3   Thumb Code     2  startup_tm4c123.o(.text)
    SSI0_Handler                             0x000003f5   Thumb Code     2  startup_tm4c123.o(.text)
    I2C0_Handler                             0x000003f7   Thumb Code     2  startup_tm4c123.o(.text)
    PMW0_FAULT_Handler                       0x000003f9   Thumb Code     2  startup_tm4c123.o(.text)
    PWM0_0_Handler                           0x000003fb   Thumb Code     2  startup_tm4c123.o(.text)
    PWM0_1_Handler                           0x000003fd   Thumb Code     2  startup_tm4c123.o(.text)
    PWM0_2_Handler                           0x000003ff   Thumb Code     2  startup_tm4c123.o(.text)
    QEI0_Handler                             0x00000401   Thumb Code     2  startup_tm4c123.o(.text)
    ADC0SS0_Handler                          0x00000403   Thumb Code     2  startup_tm4c123.o(.text)
    ADC0SS1_Handler                          0x00000405   Thumb Code     2  startup_tm4c123.o(.text)
    ADC0SS2_Handler                          0x00000407   Thumb Code     2  startup_tm4c123.o(.text)
    ADC0SS3_Handler                          0x00000409   Thumb Code     2  startup_tm4c123.o(.text)
    WDT0_Handler                             0x0000040b   Thumb Code     2  startup_tm4c123.o(.text)
    TIMER0A_Handler                          0x0000040d   Thumb Code     2  startup_tm4c123.o(.text)
    TIMER0B_Handler                          0x0000040f   Thumb Code     2  startup_tm4c123.o(.text)
    TIMER1A_Handler                          0x00000411   Thumb Code     2  startup_tm4c123.o(.text)
    TIMER1B_Handler                          0x00000413   Thumb Code     2  startup_tm4c123.o(.text)
    TIMER2A_Handler                          0x00000415   Thumb Code     2  startup_tm4c123.o(.text)
    TIMER2B_Handler                          0x00000417   Thumb Code     2  startup_tm4c123.o(.text)
    COMP0_Handler                            0x00000419   Thumb Code     2  startup_tm4c123.o(.text)
    COMP1_Handler                            0x0000041b   Thumb Code     2  startup_tm4c123.o(.text)
    COMP2_Handler                            0x0000041d   Thumb Code     2  startup_tm4c123.o(.text)
    SYSCTL_Handler                           0x0000041f   Thumb Code     2  startup_tm4c123.o(.text)
    FLASH_Handler                            0x00000421   Thumb Code     2  startup_tm4c123.o(.text)
    GPIOF_Handler                            0x00000423   Thumb Code     2  startup_tm4c123.o(.text)
    GPIOG_Handler                            0x00000425   Thumb Code     2  startup_tm4c123.o(.text)
    GPIOH_Handler                            0x00000427   Thumb Code     2  startup_tm4c123.o(.text)
    UART2_Handler                            0x00000429   Thumb Code     2  startup_tm4c123.o(.text)
    SSI1_Handler                             0x0000042b   Thumb Code     2  startup_tm4c123.o(.text)
    TIMER3A_Handler                          0x0000042d   Thumb Code     2  startup_tm4c123.o(.text)
    TIMER3B_Handler                          0x0000042f   Thumb Code     2  startup_tm4c123.o(.text)
    I2C1_Handler                             0x00000431   Thumb Code     2  startup_tm4c123.o(.text)
    QEI1_Handler                             0x00000433   Thumb Code     2  startup_tm4c123.o(.text)
    CAN0_Handler                             0x00000435   Thumb Code     2  startup_tm4c123.o(.text)
    CAN1_Handler                             0x00000437   Thumb Code     2  startup_tm4c123.o(.text)
    CAN2_Handler                             0x00000439   Thumb Code     2  startup_tm4c123.o(.text)
    HIB_Handler                              0x0000043b   Thumb Code     2  startup_tm4c123.o(.text)
    USB0_Handler                             0x0000043d   Thumb Code     2  startup_tm4c123.o(.text)
    PWM0_3_Handler                           0x0000043f   Thumb Code     2  startup_tm4c123.o(.text)
    UDMA_Handler                             0x00000441   Thumb Code     2  startup_tm4c123.o(.text)
    UDMAERR_Handler                          0x00000443   Thumb Code     2  startup_tm4c123.o(.text)
    ADC1SS0_Handler                          0x00000445   Thumb Code     2  startup_tm4c123.o(.text)
    ADC1SS1_Handler                          0x00000447   Thumb Code     2  startup_tm4c123.o(.text)
    ADC1SS2_Handler                          0x00000449   Thumb Code     2  startup_tm4c123.o(.text)
    ADC1SS3_Handler                          0x0000044b   Thumb Code     2  startup_tm4c123.o(.text)
    GPIOJ_Handler                            0x0000044d   Thumb Code     2  startup_tm4c123.o(.text)
    GPIOK_Handler                            0x0000044f   Thumb Code     2  startup_tm4c123.o(.text)
    GPIOL_Handler                            0x00000451   Thumb Code     2  startup_tm4c123.o(.text)
    SSI2_Handler                             0x00000453   Thumb Code     2  startup_tm4c123.o(.text)
    SSI3_Handler                             0x00000455   Thumb Code     2  startup_tm4c123.o(.text)
    UART3_Handler                            0x00000457   Thumb Code     2  startup_tm4c123.o(.text)
    UART4_Handler                            0x00000459   Thumb Code     2  startup_tm4c123.o(.text)
    UART5_Handler                            0x0000045b   Thumb Code     2  startup_tm4c123.o(.text)
    UART6_Handler                            0x0000045d   Thumb Code     2  startup_tm4c123.o(.text)
    UART7_Handler                            0x0000045f   Thumb Code     2  startup_tm4c123.o(.text)
    I2C2_Handler                             0x00000461   Thumb Code     2  startup_tm4c123.o(.text)
    I2C3_Handler                             0x00000463   Thumb Code     2  startup_tm4c123.o(.text)
    TIMER4A_Handler                          0x00000465   Thumb Code     2  startup_tm4c123.o(.text)
    TIMER4B_Handler                          0x00000467   Thumb Code     2  startup_tm4c123.o(.text)
    TIMER5A_Handler                          0x00000469   Thumb Code     2  startup_tm4c123.o(.text)
    TIMER5B_Handler                          0x0000046b   Thumb Code     2  startup_tm4c123.o(.text)
    WTIMER0A_Handler                         0x0000046d   Thumb Code     2  startup_tm4c123.o(.text)
    WTIMER0B_Handler                         0x0000046f   Thumb Code     2  startup_tm4c123.o(.text)
    WTIMER1A_Handler                         0x00000471   Thumb Code     2  startup_tm4c123.o(.text)
    WTIMER1B_Handler                         0x00000473   Thumb Code     2  startup_tm4c123.o(.text)
    WTIMER2A_Handler                         0x00000475   Thumb Code     2  startup_tm4c123.o(.text)
    WTIMER2B_Handler                         0x00000477   Thumb Code     2  startup_tm4c123.o(.text)
    WTIMER3A_Handler                         0x00000479   Thumb Code     2  startup_tm4c123.o(.text)
    WTIMER3B_Handler                         0x0000047b   Thumb Code     2  startup_tm4c123.o(.text)
    WTIMER4A_Handler                         0x0000047d   Thumb Code     2  startup_tm4c123.o(.text)
    WTIMER4B_Handler                         0x0000047f   Thumb Code     2  startup_tm4c123.o(.text)
    WTIMER5A_Handler                         0x00000481   Thumb Code     2  startup_tm4c123.o(.text)
    WTIMER5B_Handler                         0x00000483   Thumb Code     2  startup_tm4c123.o(.text)
    FPU_Handler                              0x00000485   Thumb Code     2  startup_tm4c123.o(.text)
    I2C4_Handler                             0x00000487   Thumb Code     2  startup_tm4c123.o(.text)
    I2C5_Handler                             0x00000489   Thumb Code     2  startup_tm4c123.o(.text)
    GPIOM_Handler                            0x0000048b   Thumb Code     2  startup_tm4c123.o(.text)
    GPION_Handler                            0x0000048d   Thumb Code     2  startup_tm4c123.o(.text)
    QEI2_Handler                             0x0000048f   Thumb Code     2  startup_tm4c123.o(.text)
    GPIOP0_Handler                           0x00000491   Thumb Code     2  startup_tm4c123.o(.text)
    GPIOP1_Handler                           0x00000493   Thumb Code     2  startup_tm4c123.o(.text)
    GPIOP2_Handler                           0x00000495   Thumb Code     2  startup_tm4c123.o(.text)
    GPIOP3_Handler                           0x00000497   Thumb Code     2  startup_tm4c123.o(.text)
    GPIOP4_Handler                           0x00000499   Thumb Code     2  startup_tm4c123.o(.text)
    GPIOP5_Handler                           0x0000049b   Thumb Code     2  startup_tm4c123.o(.text)
    GPIOP6_Handler                           0x0000049d   Thumb Code     2  startup_tm4c123.o(.text)
    GPIOP7_Handler                           0x0000049f   Thumb Code     2  startup_tm4c123.o(.text)
    GPIOQ0_Handler                           0x000004a1   Thumb Code     2  startup_tm4c123.o(.text)
    GPIOQ1_Handler                           0x000004a3   Thumb Code     2  startup_tm4c123.o(.text)
    GPIOQ2_Handler                           0x000004a5   Thumb Code     2  startup_tm4c123.o(.text)
    GPIOQ3_Handler                           0x000004a7   Thumb Code     2  startup_tm4c123.o(.text)
    GPIOQ4_Handler                           0x000004a9   Thumb Code     2  startup_tm4c123.o(.text)
    GPIOQ5_Handler                           0x000004ab   Thumb Code     2  startup_tm4c123.o(.text)
    GPIOQ6_Handler                           0x000004ad   Thumb Code     2  startup_tm4c123.o(.text)
    GPIOQ7_Handler                           0x000004af   Thumb Code     2  startup_tm4c123.o(.text)
    GPIOR_Handler                            0x000004b1   Thumb Code     2  startup_tm4c123.o(.text)
    GPIOS_Handler                            0x000004b3   Thumb Code     2  startup_tm4c123.o(.text)
    PMW1_0_Handler                           0x000004b5   Thumb Code     2  startup_tm4c123.o(.text)
    PWM1_1_Handler                           0x000004b7   Thumb Code     2  startup_tm4c123.o(.text)
    PWM1_2_Handler                           0x000004b9   Thumb Code     2  startup_tm4c123.o(.text)
    PWM1_3_Handler                           0x000004bb   Thumb Code     2  startup_tm4c123.o(.text)
    PWM1_FAULT_Handler                       0x000004bd   Thumb Code     2  startup_tm4c123.o(.text)
    __user_initial_stackheap                 0x000004c1   Thumb Code     0  startup_tm4c123.o(.text)
    __aeabi_memcpy                           0x000004e1   Thumb Code     0  rt_memcpy_v6.o(.text)
    __rt_memcpy                              0x000004e1   Thumb Code   138  rt_memcpy_v6.o(.text)
    _memcpy_lastbytes                        0x00000547   Thumb Code     0  rt_memcpy_v6.o(.text)
    __use_two_region_memory                  0x0000056b   Thumb Code     2  heapauxi.o(.text)
    __rt_heap_escrow$2region                 0x0000056d   Thumb Code     2  heapauxi.o(.text)
    __rt_heap_expand$2region                 0x0000056f   Thumb Code     2  heapauxi.o(.text)
    __aeabi_memcpy4                          0x00000571   Thumb Code     0  rt_memcpy_w.o(.text)
    __aeabi_memcpy8                          0x00000571   Thumb Code     0  rt_memcpy_w.o(.text)
    __rt_memcpy_w                            0x00000571   Thumb Code   100  rt_memcpy_w.o(.text)
    _memcpy_lastbytes_aligned                0x000005b9   Thumb Code     0  rt_memcpy_w.o(.text)
    __user_setup_stackheap                   0x000005d5   Thumb Code    74  sys_stackheap_outer.o(.text)
    exit                                     0x0000061f   Thumb Code    18  exit.o(.text)
    __user_libspace                          0x00000631   Thumb Code     8  libspace.o(.text)
    __user_perproc_libspace                  0x00000631   Thumb Code     0  libspace.o(.text)
    __user_perthread_libspace                0x00000631   Thumb Code     0  libspace.o(.text)
    _sys_exit                                0x00000639   Thumb Code     8  sys_exit.o(.text)
    __I$use$semihosting                      0x00000645   Thumb Code     0  use_no_semi.o(.text)
    __use_no_semihosting_swi                 0x00000645   Thumb Code     2  use_no_semi.o(.text)
    __semihosting_library_function           0x00000647   Thumb Code     0  indicate_semi.o(.text)
    SysTick_Handler                          0x00000649   Thumb Code    48  port.o(i.SysTick_Handler)
    SystemInit                               0x0000067d   Thumb Code   112  system_tm4c123.o(i.SystemInit)
    main                                     0x00000715   Thumb Code    30  main.o(i.main)
    pvPortMalloc                             0x0000104d   Thumb Code    98  heap_1.o(i.pvPortMalloc)
    pxPortInitialiseStack                    0x000010bd   Thumb Code    38  port.o(i.pxPortInitialiseStack)
    uxListRemove                             0x000010e9   Thumb Code    40  list.o(i.uxListRemove)
    vListInitialise                          0x00001111   Thumb Code    26  list.o(i.vListInitialise)
    vListInitialiseItem                      0x0000112b   Thumb Code     6  list.o(i.vListInitialiseItem)
    vListInsert                              0x00001131   Thumb Code    52  list.o(i.vListInsert)
    vListInsertEnd                           0x00001165   Thumb Code    24  list.o(i.vListInsertEnd)
    vPeriodicTask                            0x0000117d   Thumb Code    24  main.o(i.vPeriodicTask)
    vPortEnterCritical                       0x00001195   Thumb Code    80  port.o(i.vPortEnterCritical)
    vPortExitCritical                        0x000011ed   Thumb Code    58  port.o(i.vPortExitCritical)
    vPortFree                                0x0000122d   Thumb Code    36  heap_1.o(i.vPortFree)
    vPortSetupTimerInterrupt                 0x00001251   Thumb Code    36  port.o(i.vPortSetupTimerInterrupt)
    vPortValidateInterruptPriority           0x00001279   Thumb Code   110  port.o(i.vPortValidateInterruptPriority)
    vQueueWaitForMessageRestricted           0x000012f5   Thumb Code    74  queue.o(i.vQueueWaitForMessageRestricted)
    vTaskDelayUntil                          0x00001341   Thumb Code   206  tasks.o(i.vTaskDelayUntil)
    vTaskInternalSetTimeOutState             0x0000141d   Thumb Code    14  tasks.o(i.vTaskInternalSetTimeOutState)
    vTaskMissedYield                         0x00001435   Thumb Code     8  tasks.o(i.vTaskMissedYield)
    vTaskPlaceOnEventList                    0x00001441   Thumb Code    54  tasks.o(i.vTaskPlaceOnEventList)
    vTaskPlaceOnEventListRestricted          0x0000147d   Thumb Code    62  tasks.o(i.vTaskPlaceOnEventListRestricted)
    vTaskStartScheduler                      0x000014c1   Thumb Code   122  tasks.o(i.vTaskStartScheduler)
    vTaskSuspendAll                          0x00001559   Thumb Code    12  tasks.o(i.vTaskSuspendAll)
    vTaskSwitchContext                       0x00001569   Thumb Code   120  tasks.o(i.vTaskSwitchContext)
    xPortStartScheduler                      0x000015f5   Thumb Code   382  port.o(i.xPortStartScheduler)
    xQueueGenericCreate                      0x00001791   Thumb Code    90  queue.o(i.xQueueGenericCreate)
    xQueueGenericReset                       0x000017ed   Thumb Code   148  queue.o(i.xQueueGenericReset)
    xQueueGenericSend                        0x00001885   Thumb Code   460  queue.o(i.xQueueGenericSend)
    xQueueGenericSendFromISR                 0x00001a55   Thumb Code   272  queue.o(i.xQueueGenericSendFromISR)
    xQueueReceive                            0x00001b65   Thumb Code   362  queue.o(i.xQueueReceive)
    xTaskCheckForTimeOut                     0x00001cd5   Thumb Code   136  tasks.o(i.xTaskCheckForTimeOut)
    xTaskCreate                              0x00001d65   Thumb Code    96  tasks.o(i.xTaskCreate)
    xTaskGetSchedulerState                   0x00001dc5   Thumb Code    24  tasks.o(i.xTaskGetSchedulerState)
    xTaskGetTickCount                        0x00001de5   Thumb Code     6  tasks.o(i.xTaskGetTickCount)
    xTaskIncrementTick                       0x00001df1   Thumb Code   284  tasks.o(i.xTaskIncrementTick)
    xTaskPriorityDisinherit                  0x00001f39   Thumb Code   192  tasks.o(i.xTaskPriorityDisinherit)
    xTaskRemoveFromEventList                 0x00002005   Thumb Code   130  tasks.o(i.xTaskRemoveFromEventList)
    xTaskResumeAll                           0x000020a1   Thumb Code   226  tasks.o(i.xTaskResumeAll)
    xTimerCreateTimerTask                    0x000021a9   Thumb Code    68  timers.o(i.xTimerCreateTimerTask)
    xTimerGenericCommand                     0x00002201   Thumb Code   128  timers.o(i.xTimerGenericCommand)
    _fp_init                                 0x00002285   Thumb Code    10  fpinit.o(x$fpl$fpinit)
    __fplib_config_fpu_vfp                   0x0000228d   Thumb Code     0  fpinit.o(x$fpl$fpinit)
    __fplib_config_pureend_doubles           0x0000228d   Thumb Code     0  fpinit.o(x$fpl$fpinit)
    Region$$Table$$Base                      0x00002290   Number         0  anon$$obj.o(Region$$Table)
    Region$$Table$$Limit                     0x000022b0   Number         0  anon$$obj.o(Region$$Table)
    SystemCoreClock                          0x20000000   Data           4  system_tm4c123.o(.data)
    pxCurrentTCB                             0x20000018   Data           4  tasks.o(.data)
    __libspace_start                         0x20001158   Data          96  libspace.o(.bss)
    __temporary_stack_top$libspace           0x200011b8   Data           0  libspace.o(.bss)



==============================================================================

Memory Map of the image

  Image Entry point : 0x000003cd

  Load Region LR_1 (Base: 0x00000000, Size: 0x00002318, Max: 0xffffffff, ABSOLUTE)

    Execution Region ER_RO (Exec base: 0x00000000, Load base: 0x00000000, Size: 0x000022b0, Max: 0xffffffff, ABSOLUTE)

    Exec Addr    Load Addr    Size         Type   Attr      Idx    E Section Name        Object

    0x00000000   0x00000000   0x0000026c   Data   RO          101    RESET               startup_tm4c123.o
    0x0000026c   0x0000026c   0x00000008   Code   RO         1103  * !!!main             c_w.l(__main.o)
    0x00000274   0x00000274   0x00000034   Code   RO         1262    !!!scatter          c_w.l(__scatter.o)
    0x000002a8   0x000002a8   0x0000001a   Code   RO         1264    !!handler_copy      c_w.l(__scatter_copy.o)
    0x000002c2   0x000002c2   0x00000002   PAD
    0x000002c4   0x000002c4   0x0000001c   Code   RO         1266    !!handler_zi        c_w.l(__scatter_zi.o)
    0x000002e0   0x000002e0   0x00000002   Code   RO         1132    .ARM.Collect$$libinit$$00000000  c_w.l(libinit.o)
    0x000002e2   0x000002e2   0x00000004   Code   RO         1138    .ARM.Collect$$libinit$$00000001  c_w.l(libinit2.o)
    0x000002e6   0x000002e6   0x00000000   Code   RO         1141    .ARM.Collect$$libinit$$00000004  c_w.l(libinit2.o)
    0x000002e6   0x000002e6   0x00000000   Code   RO         1144    .ARM.Collect$$libinit$$0000000A  c_w.l(libinit2.o)
    0x000002e6   0x000002e6   0x00000000   Code   RO         1146    .ARM.Collect$$libinit$$0000000C  c_w.l(libinit2.o)
    0x000002e6   0x000002e6   0x00000000   Code   RO         1148    .ARM.Collect$$libinit$$0000000E  c_w.l(libinit2.o)
    0x000002e6   0x000002e6   0x00000000   Code   RO         1151    .ARM.Collect$$libinit$$00000011  c_w.l(libinit2.o)
    0x000002e6   0x000002e6   0x00000000   Code   RO         1153    .ARM.Collect$$libinit$$00000013  c_w.l(libinit2.o)
    0x000002e6   0x000002e6   0x00000000   Code   RO         1155    .ARM.Collect$$libinit$$00000015  c_w.l(libinit2.o)
    0x000002e6   0x000002e6   0x00000000   Code   RO         1157    .ARM.Collect$$libinit$$00000017  c_w.l(libinit2.o)
    0x000002e6   0x000002e6   0x00000000   Code   RO         1159    .ARM.Collect$$libinit$$00000019  c_w.l(libinit2.o)
    0x000002e6   0x000002e6   0x00000000   Code   RO         1161    .ARM.Collect$$libinit$$0000001B  c_w.l(libinit2.o)
    0x000002e6   0x000002e6   0x00000000   Code   RO         1163    .ARM.Collect$$libinit$$0000001D  c_w.l(libinit2.o)
    0x000002e6   0x000002e6   0x00000000   Code   RO         1165    .ARM.Collect$$libinit$$0000001F  c_w.l(libinit2.o)
    0x000002e6   0x000002e6   0x00000000   Code   RO         1167    .ARM.Collect$$libinit$$00000021  c_w.l(libinit2.o)
    0x000002e6   0x000002e6   0x00000000   Code   RO         1169    .ARM.Collect$$libinit$$00000023  c_w.l(libinit2.o)
    0x000002e6   0x000002e6   0x00000000   Code   RO         1171    .ARM.Collect$$libinit$$00000025  c_w.l(libinit2.o)
    0x000002e6   0x000002e6   0x00000000   Code   RO         1175    .ARM.Collect$$libinit$$0000002C  c_w.l(libinit2.o)
    0x000002e6   0x000002e6   0x00000000   Code   RO         1177    .ARM.Collect$$libinit$$0000002E  c_w.l(libinit2.o)
    0x000002e6   0x000002e6   0x00000000   Code   RO         1179    .ARM.Collect$$libinit$$00000030  c_w.l(libinit2.o)
    0x000002e6   0x000002e6   0x00000000   Code   RO         1181    .ARM.Collect$$libinit$$00000032  c_w.l(libinit2.o)
    0x000002e6   0x000002e6   0x00000002   Code   RO         1182    .ARM.Collect$$libinit$$00000033  c_w.l(libinit2.o)
    0x000002e8   0x000002e8   0x00000002   Code   RO         1202    .ARM.Collect$$libshutdown$$00000000  c_w.l(libshutdown.o)
    0x000002ea   0x000002ea   0x00000000   Code   RO         1215    .ARM.Collect$$libshutdown$$00000002  c_w.l(libshutdown2.o)
    0x000002ea   0x000002ea   0x00000000   Code   RO         1217    .ARM.Collect$$libshutdown$$00000004  c_w.l(libshutdown2.o)
    0x000002ea   0x000002ea   0x00000000   Code   RO         1220    .ARM.Collect$$libshutdown$$00000007  c_w.l(libshutdown2.o)
    0x000002ea   0x000002ea   0x00000000   Code   RO         1223    .ARM.Collect$$libshutdown$$0000000A  c_w.l(libshutdown2.o)
    0x000002ea   0x000002ea   0x00000000   Code   RO         1225    .ARM.Collect$$libshutdown$$0000000C  c_w.l(libshutdown2.o)
    0x000002ea   0x000002ea   0x00000000   Code   RO         1228    .ARM.Collect$$libshutdown$$0000000F  c_w.l(libshutdown2.o)
    0x000002ea   0x000002ea   0x00000002   Code   RO         1229    .ARM.Collect$$libshutdown$$00000010  c_w.l(libshutdown2.o)
    0x000002ec   0x000002ec   0x00000000   Code   RO         1105    .ARM.Collect$$rtentry$$00000000  c_w.l(__rtentry.o)
    0x000002ec   0x000002ec   0x00000000   Code   RO         1109    .ARM.Collect$$rtentry$$00000002  c_w.l(__rtentry2.o)
    0x000002ec   0x000002ec   0x00000006   Code   RO         1121    .ARM.Collect$$rtentry$$00000004  c_w.l(__rtentry4.o)
    0x000002f2   0x000002f2   0x00000000   Code   RO         1111    .ARM.Collect$$rtentry$$00000009  c_w.l(__rtentry2.o)
    0x000002f2   0x000002f2   0x00000004   Code   RO         1112    .ARM.Collect$$rtentry$$0000000A  c_w.l(__rtentry2.o)
    0x000002f6   0x000002f6   0x00000000   Code   RO         1114    .ARM.Collect$$rtentry$$0000000C  c_w.l(__rtentry2.o)
    0x000002f6   0x000002f6   0x00000008   Code   RO         1115    .ARM.Collect$$rtentry$$0000000D  c_w.l(__rtentry2.o)
    0x000002fe   0x000002fe   0x00000002   Code   RO         1136    .ARM.Collect$$rtexit$$00000000  c_w.l(rtexit.o)
    0x00000300   0x00000300   0x00000000   Code   RO         1184    .ARM.Collect$$rtexit$$00000002  c_w.l(rtexit2.o)
    0x00000300   0x00000300   0x00000004   Code   RO         1185    .ARM.Collect$$rtexit$$00000003  c_w.l(rtexit2.o)
    0x00000304   0x00000304   0x00000006   Code   RO         1186    .ARM.Collect$$rtexit$$00000004  c_w.l(rtexit2.o)
    0x0000030a   0x0000030a   0x00000002   PAD
    0x0000030c   0x0000030c   0x000000be   Code   RO          321    .emb_text           port.o
    0x000003ca   0x000003ca   0x00000002   PAD
    0x000003cc   0x000003cc   0x00000114   Code   RO          102  * .text               startup_tm4c123.o
    0x000004e0   0x000004e0   0x0000008a   Code   RO         1099    .text               c_w.l(rt_memcpy_v6.o)
    0x0000056a   0x0000056a   0x00000006   Code   RO         1101    .text               c_w.l(heapauxi.o)
    0x00000570   0x00000570   0x00000064   Code   RO         1106    .text               c_w.l(rt_memcpy_w.o)
    0x000005d4   0x000005d4   0x0000004a   Code   RO         1123    .text               c_w.l(sys_stackheap_outer.o)
    0x0000061e   0x0000061e   0x00000012   Code   RO         1125    .text               c_w.l(exit.o)
    0x00000630   0x00000630   0x00000008   Code   RO         1133    .text               c_w.l(libspace.o)
    0x00000638   0x00000638   0x0000000c   Code   RO         1194    .text               c_w.l(sys_exit.o)
    0x00000644   0x00000644   0x00000002   Code   RO         1205    .text               c_w.l(use_no_semi.o)
    0x00000646   0x00000646   0x00000000   Code   RO         1207    .text               c_w.l(indicate_semi.o)
    0x00000646   0x00000646   0x00000002   PAD
    0x00000648   0x00000648   0x00000034   Code   RO          322    i.SysTick_Handler   port.o
    0x0000067c   0x0000067c   0x00000098   Code   RO          110    i.SystemInit        system_tm4c123.o
    0x00000714   0x00000714   0x0000002c   Code   RO            4    i.main              main.o
    0x00000740   0x00000740   0x00000098   Code   RO          643    i.prvAddCurrentTaskToDelayedList  tasks.o
    0x000007d8   0x000007d8   0x000000b4   Code   RO          644    i.prvAddNewTaskToReadyList  tasks.o
    0x0000088c   0x0000088c   0x0000004c   Code   RO          970    i.prvCheckForValidListAndQueue  timers.o
    0x000008d8   0x000008d8   0x00000048   Code   RO          645    i.prvCheckTasksWaitingTermination  tasks.o
    0x00000920   0x00000920   0x0000002a   Code   RO          410    i.prvCopyDataFromQueue  queue.o
    0x0000094a   0x0000094a   0x0000007c   Code   RO          411    i.prvCopyDataToQueue  queue.o
    0x000009c6   0x000009c6   0x00000012   Code   RO          646    i.prvDeleteTCB      tasks.o
    0x000009d8   0x000009d8   0x00000028   Code   RO          971    i.prvGetNextExpireTime  timers.o
    0x00000a00   0x00000a00   0x00000028   Code   RO          647    i.prvIdleTask       tasks.o
    0x00000a28   0x00000a28   0x0000002a   Code   RO          414    i.prvInitialiseNewQueue  queue.o
    0x00000a52   0x00000a52   0x000000ac   Code   RO          648    i.prvInitialiseNewTask  tasks.o
    0x00000afe   0x00000afe   0x00000002   PAD
    0x00000b00   0x00000b00   0x00000068   Code   RO          649    i.prvInitialiseTaskLists  tasks.o
    0x00000b68   0x00000b68   0x00000058   Code   RO          973    i.prvInsertTimerInActiveList  timers.o
    0x00000bc0   0x00000bc0   0x0000001a   Code   RO          415    i.prvIsQueueEmpty   queue.o
    0x00000bda   0x00000bda   0x0000001e   Code   RO          416    i.prvIsQueueFull    queue.o
    0x00000bf8   0x00000bf8   0x00000094   Code   RO          417    i.prvNotifyQueueSetContainer  queue.o
    0x00000c8c   0x00000c8c   0x00000064   Code   RO          974    i.prvProcessExpiredTimer  timers.o
    0x00000cf0   0x00000cf0   0x000000f8   Code   RO          975    i.prvProcessReceivedCommands  timers.o
    0x00000de8   0x00000de8   0x00000074   Code   RO          976    i.prvProcessTimerOrBlockTask  timers.o
    0x00000e5c   0x00000e5c   0x00000034   Code   RO          650    i.prvResetNextTaskUnblockTime  tasks.o
    0x00000e90   0x00000e90   0x0000002c   Code   RO          977    i.prvSampleTimeNow  timers.o
    0x00000ebc   0x00000ebc   0x000000a0   Code   RO          978    i.prvSwitchTimerLists  timers.o
    0x00000f5c   0x00000f5c   0x00000044   Code   RO          323    i.prvTaskExitError  port.o
    0x00000fa0   0x00000fa0   0x0000001a   Code   RO          979    i.prvTimerTask      timers.o
    0x00000fba   0x00000fba   0x00000092   Code   RO          418    i.prvUnlockQueue    queue.o
    0x0000104c   0x0000104c   0x00000070   Code   RO          264    i.pvPortMalloc      heap_1.o
    0x000010bc   0x000010bc   0x0000002c   Code   RO          324    i.pxPortInitialiseStack  port.o
    0x000010e8   0x000010e8   0x00000028   Code   RO          201    i.uxListRemove      list.o
    0x00001110   0x00001110   0x0000001a   Code   RO          202    i.vListInitialise   list.o
    0x0000112a   0x0000112a   0x00000006   Code   RO          203    i.vListInitialiseItem  list.o
    0x00001130   0x00001130   0x00000034   Code   RO          204    i.vListInsert       list.o
    0x00001164   0x00001164   0x00000018   Code   RO          205    i.vListInsertEnd    list.o
    0x0000117c   0x0000117c   0x00000018   Code   RO            5    i.vPeriodicTask     main.o
    0x00001194   0x00001194   0x00000058   Code   RO          326    i.vPortEnterCritical  port.o
    0x000011ec   0x000011ec   0x00000040   Code   RO          327    i.vPortExitCritical  port.o
    0x0000122c   0x0000122c   0x00000024   Code   RO          265    i.vPortFree         heap_1.o
    0x00001250   0x00001250   0x00000028   Code   RO          328    i.vPortSetupTimerInterrupt  port.o
    0x00001278   0x00001278   0x0000007c   Code   RO          329    i.vPortValidateInterruptPriority  port.o
    0x000012f4   0x000012f4   0x0000004a   Code   RO          423    i.vQueueWaitForMessageRestricted  queue.o
    0x0000133e   0x0000133e   0x00000002   PAD
    0x00001340   0x00001340   0x000000dc   Code   RO          659    i.vTaskDelayUntil   tasks.o
    0x0000141c   0x0000141c   0x00000018   Code   RO          662    i.vTaskInternalSetTimeOutState  tasks.o
    0x00001434   0x00001434   0x0000000c   Code   RO          663    i.vTaskMissedYield  tasks.o
    0x00001440   0x00001440   0x0000003c   Code   RO          665    i.vTaskPlaceOnEventList  tasks.o
    0x0000147c   0x0000147c   0x00000044   Code   RO          666    i.vTaskPlaceOnEventListRestricted  tasks.o
    0x000014c0   0x000014c0   0x00000098   Code   RO          673    i.vTaskStartScheduler  tasks.o
    0x00001558   0x00001558   0x00000010   Code   RO          675    i.vTaskSuspendAll   tasks.o
    0x00001568   0x00001568   0x0000008c   Code   RO          676    i.vTaskSwitchContext  tasks.o
    0x000015f4   0x000015f4   0x0000019c   Code   RO          330    i.xPortStartScheduler  port.o
    0x00001790   0x00001790   0x0000005a   Code   RO          428    i.xQueueGenericCreate  queue.o
    0x000017ea   0x000017ea   0x00000002   PAD
    0x000017ec   0x000017ec   0x00000098   Code   RO          429    i.xQueueGenericReset  queue.o
    0x00001884   0x00001884   0x000001d0   Code   RO          430    i.xQueueGenericSend  queue.o
    0x00001a54   0x00001a54   0x00000110   Code   RO          431    i.xQueueGenericSendFromISR  queue.o
    0x00001b64   0x00001b64   0x00000170   Code   RO          438    i.xQueueReceive     queue.o
    0x00001cd4   0x00001cd4   0x00000090   Code   RO          677    i.xTaskCheckForTimeOut  tasks.o
    0x00001d64   0x00001d64   0x00000060   Code   RO          678    i.xTaskCreate       tasks.o
    0x00001dc4   0x00001dc4   0x00000020   Code   RO          682    i.xTaskGetSchedulerState  tasks.o
    0x00001de4   0x00001de4   0x0000000c   Code   RO          683    i.xTaskGetTickCount  tasks.o
    0x00001df0   0x00001df0   0x00000148   Code   RO          685    i.xTaskIncrementTick  tasks.o
    0x00001f38   0x00001f38   0x000000cc   Code   RO          688    i.xTaskPriorityDisinherit  tasks.o
    0x00002004   0x00002004   0x0000009c   Code   RO          690    i.xTaskRemoveFromEventList  tasks.o
    0x000020a0   0x000020a0   0x00000108   Code   RO          691    i.xTaskResumeAll    tasks.o
    0x000021a8   0x000021a8   0x00000058   Code   RO          983    i.xTimerCreateTimerTask  timers.o
    0x00002200   0x00002200   0x00000084   Code   RO          984    i.xTimerGenericCommand  timers.o
    0x00002284   0x00002284   0x0000000a   Code   RO         1192    x$fpl$fpinit        fz_wm.l(fpinit.o)
    0x0000228e   0x0000228e   0x00000002   PAD
    0x00002290   0x00002290   0x00000020   Data   RO         1260    Region$$Table       anon$$obj.o


    Execution Region ER_RW (Exec base: 0x20000000, Load base: 0x000022b0, Size: 0x00000068, Max: 0xffffffff, ABSOLUTE)

    Exec Addr    Load Addr    Size         Type   Attr      Idx    E Section Name        Object

    0x20000000   0x000022b0   0x00000004   Data   RW          112    .data               system_tm4c123.o
    0x20000004   0x000022b4   0x00000008   Data   RW          269    .data               heap_1.o
    0x2000000c   0x000022bc   0x0000000c   Data   RW          331    .data               port.o
    0x20000018   0x000022c8   0x0000003c   Data   RW          694    .data               tasks.o
    0x20000054   0x00002304   0x00000014   Data   RW          990    .data               timers.o


    Execution Region ER_ZI (Exec base: 0x20000068, Load base: 0x00002318, Size: 0x00001350, Max: 0xffffffff, ABSOLUTE)

    Exec Addr    Load Addr    Size         Type   Attr      Idx    E Section Name        Object

    0x20000068        -       0x00001000   Zero   RW          268    .bss                heap_1.o
    0x20001068        -       0x000000c8   Zero   RW          693    .bss                tasks.o
    0x20001130        -       0x00000028   Zero   RW          989    .bss                timers.o
    0x20001158        -       0x00000060   Zero   RW         1134    .bss                c_w.l(libspace.o)
    0x200011b8        -       0x00000000   Zero   RW          100    HEAP                startup_tm4c123.o
    0x200011b8        -       0x00000200   Zero   RW           99    STACK               startup_tm4c123.o


==============================================================================

Image component sizes


      Code (inc. data)   RO Data    RW Data    ZI Data      Debug   Object Name

         0          0          0          0          0       4664   freertos_evr.o
       148         14          0          8       4096      10291   heap_1.o
       148          0          0          0          0       4890   list.o
        68         14          0          0          0      13327   main.o
      1082         92          0         12          0      11965   port.o
      1978         14          0          0          0      21983   queue.o
       276         24        620          0        512       5472   startup_tm4c123.o
       152         40          0          4          0        879   system_tm4c123.o
      2718        358          0         60        200      22567   tasks.o
      1118        100          0         20         40       9923   timers.o

    ----------------------------------------------------------------------
      7696        656        652        104       4848     105961   Object Totals
         0          0         32          0          0          0   (incl. Generated)
         8          0          0          0          0          0   (incl. Padding)

    ----------------------------------------------------------------------

      Code (inc. data)   RO Data    RW Data    ZI Data      Debug   Library Member Name

         8          0          0          0          0         68   __main.o
         0          0          0          0          0          0   __rtentry.o
        12          0          0          0          0          0   __rtentry2.o
         6          0          0          0          0          0   __rtentry4.o
        52          8          0          0          0          0   __scatter.o
        26          0          0          0          0          0   __scatter_copy.o
        28          0          0          0          0          0   __scatter_zi.o
        18          0          0          0          0         80   exit.o
         6          0          0          0          0        152   heapauxi.o
         0          0          0          0          0          0   indicate_semi.o
         2          0          0          0          0          0   libinit.o
         6          0          0          0          0          0   libinit2.o
         2          0          0          0          0          0   libshutdown.o
         2          0          0          0          0          0   libshutdown2.o
         8          4          0          0         96         68   libspace.o
       138          0          0          0          0         68   rt_memcpy_v6.o
       100          0          0          0          0         80   rt_memcpy_w.o
         2          0          0          0          0          0   rtexit.o
        10          0          0          0          0          0   rtexit2.o
        12          4          0          0          0         68   sys_exit.o
        74          0          0          0          0         80   sys_stackheap_outer.o
         2          0          0          0          0         68   use_no_semi.o
        10          0          0          0          0        116   fpinit.o

    ----------------------------------------------------------------------
       532         16          0          0         96        848   Library Totals
         8          0          0          0          0          0   (incl. Padding)

    ----------------------------------------------------------------------

      Code (inc. data)   RO Data    RW Data    ZI Data      Debug   Library Name

       514         16          0          0         96        732   c_w.l
        10          0          0          0          0        116   fz_wm.l

    ----------------------------------------------------------------------
       532         16          0          0         96        848   Library Totals

    ----------------------------------------------------------------------

==============================================================================


      Code (inc. data)   RO Data    RW Data    ZI Data      Debug   

      8228        672        652        104       4944     100249   Grand Totals
      8228        672        652        104       4944     100249   ELF Image Totals
      8228        672        652        104          0          0   ROM Totals

==============================================================================

    Total RO  Size (Code + RO Data)                 8880 (   8.67kB)
    Total RW  Size (RW Data + ZI Data)              5048 (   4.93kB)
    Total ROM Size (Code + RO Data + RW Data)       8984 (   8.77kB)

==============================================================================

