Component: ARM Compiler 5.06 update 6 (build 750) Tool: armlink [4d35ed]

==============================================================================

Section Cross References

    hal_gpio.o(i.GPIO_DisarmInterrupt) refers to hal_gpio.o(.data) for GPIOBaseAddress
    hal_gpio.o(i.GPIO_EnableAltAnalog) refers to hal_gpio.o(i.GPIO_InitPort) for GPIO_InitPort
    hal_gpio.o(i.GPIO_EnableAltAnalog) refers to hal_gpio.o(.data) for GPIOBaseAddress
    hal_gpio.o(i.GPIO_EnableAltDigital) refers to hal_gpio.o(i.GPIO_InitPort) for GPIO_InitPort
    hal_gpio.o(i.GPIO_EnableAltDigital) refers to hal_gpio.o(.data) for GPIOBaseAddress
    hal_gpio.o(i.GPIO_EnableDI) refers to hal_gpio.o(i.GPIO_InitPort) for GPIO_InitPort
    hal_gpio.o(i.GPIO_EnableDI) refers to hal_gpio.o(.data) for GPIOBaseAddress
    hal_gpio.o(i.GPIO_EnableDO) refers to hal_gpio.o(i.GPIO_InitPort) for GPIO_InitPort
    hal_gpio.o(i.GPIO_EnableDO) refers to hal_gpio.o(.data) for GPIOBaseAddress
    hal_gpio.o(i.GPIO_EnableInterrupt) refers to hal_nvic.o(i.NVIC_EnableIRQ) for NVIC_EnableIRQ
    hal_gpio.o(i.GPIO_EnableInterrupt) refers to hal_gpio.o(.data) for GPIOBaseAddress
    hal_gpio.o(i.GPIO_GetBitBandIOAddress) refers to hal_gpio.o(i.GetPinNumber) for GetPinNumber
    hal_gpio.o(i.GPIO_GetBitBandIOAddress) refers to hal_gpio.o(.data) for GPIOBaseAddress
    hal_gpio.o(i.GPIO_PortEHandler) refers to hal_gpio.o(i.HandleInterrupt) for HandleInterrupt
    hal_gpio.o(i.GPIO_PortEHandler) refers to hal_gpio.o(.data) for GPIOBaseAddress
    hal_gpio.o(i.GPIO_PortFHandler) refers to hal_gpio.o(i.HandleInterrupt) for HandleInterrupt
    hal_gpio.o(i.GPIO_PortFHandler) refers to hal_gpio.o(.data) for GPIOBaseAddress
    hal_gpio.o(i.GPIO_RearmInterrupt) refers to hal_gpio.o(.data) for GPIOBaseAddress
    hal_nvic.o(i.NVIC_EnableIRQ) refers to hal_nvic.o(i.SetPriority) for SetPriority
    hal_pll.o(i.PLL_Init) refers to hal_pll.o(i.SetBusClockFreq) for SetBusClockFreq
    hal_pll.o(i.SetBusClockFreq) refers to hal_pll.o(.data) for PLL_BusClockFreq
    hal_systick.o(i.SysTick_Init) refers to hal_pll.o(.data) for PLL_BusClockFreq
    hal_systick.o(i.SysTick_Wait10ms) refers to hal_systick.o(i.SysTick_Wait) for SysTick_Wait
    hal_systick.o(i.SysTick_Wait10ms) refers to hal_pll.o(.data) for PLL_NumTicksPer10ms
    hal_systick.o(i.SysTick_Wait10us) refers to hal_systick.o(i.SysTick_Wait) for SysTick_Wait
    hal_systick.o(i.SysTick_Wait10us) refers to hal_pll.o(.data) for PLL_NumTicksPer10us
    hal_spi.o(i.SPI_Enable) refers to hal_pll.o(.data) for PLL_BusClockFreq
    hal_spi.o(i.SPI_Enable) refers to hal_spi.o(.data) for SSIBaseAddress
    hal_spi.o(i.SPI_Write) refers to hal_spi.o(.data) for SSIBaseAddress
    hal_timer.o(i.ConfigureEdgeTimer) refers to hal_gpio.o(i.GPIO_EnableAltDigital) for GPIO_EnableAltDigital
    hal_timer.o(i.ConfigureEdgeTimer) refers to hal_timer.o(i.EnableIRQHandler) for EnableIRQHandler
    hal_timer.o(i.ConfigureEdgeTimer) refers to hal_timer.o(.data) for TimerBaseAddress
    hal_timer.o(i.ConfigureIntervalTimer) refers to hal_timer.o(i.EnableIRQHandler) for EnableIRQHandler
    hal_timer.o(i.ConfigureIntervalTimer) refers to hal_timer.o(.data) for TimerBaseAddress
    hal_timer.o(i.EnableIRQHandler) refers to hal_nvic.o(i.NVIC_EnableIRQ) for NVIC_EnableIRQ
    hal_timer.o(i.EnableIRQHandler) refers to abort.o(.text) for abort
    hal_timer.o(i.EnableIRQHandler) refers to hal_timer.o(.bss) for TIMER0_HandlerInfo
    hal_timer.o(i.HandleInterrupt) refers to hal_timer.o(.data) for TimerBaseAddress
    hal_timer.o(i.Timer_Init) refers to hal_timer.o(i.ConfigureIntervalTimer) for ConfigureIntervalTimer
    hal_timer.o(i.Timer_Init) refers to hal_timer.o(i.ConfigureEdgeTimer) for ConfigureEdgeTimer
    hal_timer.o(i.Timer_Init) refers to hal_timer.o(.data) for TimerBaseAddress
    hal_timer.o(i.Timer_StartEdgeTimer) refers to hal_timer.o(.data) for TimerBaseAddress
    hal_timer.o(i.Timer_StartInterval) refers to hal_timer.o(.data) for TimerBaseAddress
    hal_timer.o(i.Timer_Stop) refers to hal_timer.o(.data) for TimerBaseAddress
    hal_timer.o(i.Timer_TIMER0Handler) refers to hal_timer.o(i.HandleInterrupt) for HandleInterrupt
    hal_timer.o(i.Timer_TIMER0Handler) refers to hal_timer.o(.bss) for TIMER0_HandlerInfo
    hal_timer.o(i.Timer_TIMER2Handler) refers to hal_timer.o(i.HandleInterrupt) for HandleInterrupt
    hal_timer.o(i.Timer_TIMER2Handler) refers to hal_timer.o(.bss) for TIMER2_HandlerInfo
    hal_timer.o(i.Timer_Wait) refers to hal_timer.o(i.Timer_StartInterval) for Timer_StartInterval
    hal_timer.o(i.Timer_Wait) refers to hal_timer.o(.data) for TimerBaseAddress
    main.o(i.main) refers to device.o(i.Run) for Run
    main.o(i.main) refers to main.o(.bss) for config_
    main.o(i.main) refers to main.o(.constdata) for .constdata
    startup_rvmdk.o(STACK) refers (Special) to heapauxi.o(.text) for __use_two_region_memory
    startup_rvmdk.o(HEAP) refers (Special) to heapauxi.o(.text) for __use_two_region_memory
[...]
    lcd.o(i.LCD_PutString) refers to lcd_raw.o(i.LCD_RawSetDDRAMAddress) for LCD_RawSetDDRAMAddress
    lcd.o(i.LCD_PutString) refers to lcd_raw.o(i.LCD_RawPutChar) for LCD_RawPutChar
    lcd.o(i.LCD_PutString) refers to lcd.o(i.LCD_SetCursorPosition) for LCD_SetCursorPosition
    lcd.o(i.LCD_SetCursorPosition) refers to lcd.o(i.GetDDRAMAddress) for GetDDRAMAddress
    lcd.o(i.LCD_SetCursorPosition) refers to lcd_raw.o(i.LCD_RawSetDDRAMAddress) for LCD_RawSetDDRAMAddress
    lcd.o(i.LCD_ShiftCursor) refers to lcd.o(i.LCD_SetCursorPosition) for LCD_SetCursorPosition
    lcd_raw.o(i.LCD_RawClearDisplay) refers to lcd_raw.o(i.TransferByte) for TransferByte
    lcd_raw.o(i.LCD_RawClearDisplay) refers to hal_timer.o(i.Timer_Wait) for Timer_Wait
    lcd_raw.o(i.LCD_RawClearDisplay) refers to hal_pll.o(.data) for PLL_NumTicksPer10us
    lcd_raw.o(i.LCD_RawInitialize) refers to rt_memcpy_w.o(.text) for __aeabi_memcpy4
    lcd_raw.o(i.LCD_RawInitialize) refers to hal_gpio.o(i.GPIO_GetBitBandIOAddress) for GPIO_GetBitBandIOAddress
    lcd_raw.o(i.LCD_RawInitialize) refers to hal_gpio.o(i.GPIO_EnableDO) for GPIO_EnableDO
    lcd_raw.o(i.LCD_RawInitialize) refers to hal_timer.o(i.Timer_Wait) for Timer_Wait
    lcd_raw.o(i.LCD_RawInitialize) refers to lcd_raw.o(i.Transfer) for Transfer
    lcd_raw.o(i.LCD_RawInitialize) refers to lcd_raw.o(i.LCD_RawSetFunction) for LCD_RawSetFunction
    lcd_raw.o(i.LCD_RawInitialize) refers to lcd_raw.o(i.LCD_RawSetDisplayControl) for LCD_RawSetDisplayControl
    lcd_raw.o(i.LCD_RawInitialize) refers to lcd_raw.o(i.LCD_RawClearDisplay) for LCD_RawClearDisplay
    lcd_raw.o(i.LCD_RawInitialize) refers to lcd_raw.o(i.LCD_RawSetEntryMode) for LCD_RawSetEntryMode
    lcd_raw.o(i.LCD_RawInitialize) refers to hal_pll.o(.data) for PLL_NumTicksPer10ms
    lcd_raw.o(i.LCD_RawPutChar) refers to lcd_raw.o(i.TransferByte) for TransferByte
    lcd_raw.o(i.LCD_RawPutChar) refers to hal_timer.o(i.Timer_Wait) for Timer_Wait
    lcd_raw.o(i.LCD_RawPutChar) refers to hal_pll.o(.data) for PLL_NumTicksPer10us
    lcd_raw.o(i.LCD_RawPutString) refers to strings.o(i.strlen) for strlen
    lcd_raw.o(i.LCD_RawPutString) refers to lcd_raw.o(i.LCD_RawPutChar) for LCD_RawPutChar
    lcd_raw.o(i.LCD_RawReturnHome) refers to lcd_raw.o(i.TransferByte) for TransferByte
    lcd_raw.o(i.LCD_RawReturnHome) refers to hal_timer.o(i.Timer_Wait) for Timer_Wait
    lcd_raw.o(i.LCD_RawReturnHome) refers to hal_pll.o(.data) for PLL_NumTicksPer10us
    lcd_raw.o(i.LCD_RawSetDDRAMAddress) refers to lcd_raw.o(i.TransferByte) for TransferByte
    lcd_raw.o(i.LCD_RawSetDDRAMAddress) refers to hal_timer.o(i.Timer_Wait) for Timer_Wait
    lcd_raw.o(i.LCD_RawSetDDRAMAddress) refers to hal_pll.o(.data) for PLL_NumTicksPer10us
    lcd_raw.o(i.LCD_RawSetDisplayControl) refers to lcd_raw.o(i.TransferByte) for TransferByte
    lcd_raw.o(i.LCD_RawSetDisplayControl) refers to hal_timer.o(i.Timer_Wait) for Timer_Wait
    lcd_raw.o(i.LCD_RawSetDisplayControl) refers to hal_pll.o(.data) for PLL_NumTicksPer10us
    lcd_raw.o(i.LCD_RawSetEntryMode) refers to lcd_raw.o(i.TransferByte) for TransferByte
    lcd_raw.o(i.LCD_RawSetEntryMode) refers to hal_timer.o(i.Timer_Wait) for Timer_Wait
    lcd_raw.o(i.LCD_RawSetEntryMode) refers to hal_pll.o(.data) for PLL_NumTicksPer10us
    lcd_raw.o(i.LCD_RawSetFunction) refers to lcd_raw.o(i.TransferByte) for TransferByte
    lcd_raw.o(i.LCD_RawSetFunction) refers to hal_timer.o(i.Timer_Wait) for Timer_Wait
    lcd_raw.o(i.LCD_RawSetFunction) refers to hal_pll.o(.data) for PLL_NumTicksPer10us
    lcd_raw.o(i.LCD_RawShiftCursor) refers to lcd_raw.o(i.TransferByte) for TransferByte
    lcd_raw.o(i.LCD_RawShiftCursor) refers to hal_timer.o(i.Timer_Wait) for Timer_Wait
    lcd_raw.o(i.LCD_RawShiftCursor) refers to hal_pll.o(.data) for PLL_NumTicksPer10us
    lcd_raw.o(i.LCD_RawShiftDisplay) refers to lcd_raw.o(i.TransferByte) for TransferByte
    lcd_raw.o(i.LCD_RawShiftDisplay) refers to hal_timer.o(i.Timer_Wait) for Timer_Wait
    lcd_raw.o(i.LCD_RawShiftDisplay) refers to hal_pll.o(.data) for PLL_NumTicksPer10us
    lcd_raw.o(i.SetDataDirection) refers to hal_gpio.o(i.GPIO_EnableDO) for GPIO_EnableDO
    lcd_raw.o(i.SetDataDirection) refers to hal_gpio.o(i.GPIO_EnableDI) for GPIO_EnableDI
    lcd_raw.o(i.Transfer) refers to lcd_raw.o(i.SetDataDirection) for SetDataDirection
    lcd_raw.o(i.Transfer) refers to hal_timer.o(i.Timer_Wait) for Timer_Wait
    lcd_raw.o(i.Transfer) refers to hal_pll.o(.data) for PLL_NumTicksPer100ns
    lcd_raw.o(i.TransferByte) refers to lcd_raw.o(i.Transfer) for Transfer
    frequencytimer.o(i.FrequencyTimer_Enable) refers to frequencytimer.o(i.ResetTimer) for ResetTimer
    frequencytimer.o(i.FrequencyTimer_Enable) refers to hal_timer.o(i.Timer_Init) for Timer_Init
    frequencytimer.o(i.FrequencyTimer_Enable) refers to hal_timer.o(i.Timer_StartEdgeTimer) for Timer_StartEdgeTimer
    frequencytimer.o(i.FrequencyTimer_Enable) refers to frequencytimer.o(.constdata) for .constdata
    frequencytimer.o(i.FrequencyTimer_GetFrequency) refers to frequencytimer.o(i.ResetTimer) for ResetTimer
    frequencytimer.o(i.FrequencyTimer_GetFrequency) refers to hal_pll.o(.data) for PLL_BusClockFreq
    frequencytimer.o(.constdata) refers to frequencytimer.o(i.TimerEventCallback) for TimerEventCallback
    switch.o(i.Switch_Init) refers to hal_gpio.o(i.GPIO_GetBitBandIOAddress) for GPIO_GetBitBandIOAddress
    strings.o(i.atoi) refers to strings.o(i.isspace) for isspace
    strings.o(i.atoi) refers to strings.o(i.isdigit) for isdigit
    strings.o(i.dtoa) refers to dleqf.o(x$fpl$dleqf) for __aeabi_cdcmple
    strings.o(i.dtoa) refers to basic.o(x$fpl$basic) for __aeabi_dneg
    strings.o(i.dtoa) refers to daddsub_clz.o(x$fpl$dadd) for __aeabi_dadd
    strings.o(i.dtoa) refers to dfix.o(x$fpl$dfix) for __aeabi_d2iz
    strings.o(i.dtoa) refers to dflt_clz.o(x$fpl$dflt) for __aeabi_i2d
    strings.o(i.dtoa) refers to daddsub_clz.o(x$fpl$drsb) for __aeabi_drsub
    strings.o(i.dtoa) refers to dmul.o(x$fpl$dmul) for __aeabi_dmul
    strings.o(i.dtoa) refers to dfixu.o(x$fpl$dfixu) for __aeabi_d2uiz
    strings.o(i.dtoa) refers to dflt_clz.o(x$fpl$dfltu) for __aeabi_ui2d
    strings.o(i.dtoa) refers to strings.o(.constdata) for rounders
    strings.o(i.itoa) refers to strings.o(i.reverse) for reverse
    strings.o(i.pad) refers to strings.o(i.strlen) for strlen
    strings.o(i.reverse) refers to strings.o(i.strlen) for strlen
    abort.o(.text) refers to defsig_abrt_outer.o(.text) for __rt_SIGABRT
    abort.o(.text) refers (Weak) to libshutdown.o(.ARM.Collect$$libshutdown$$00000000) for __rt_lib_shutdown
    abort.o(.text) refers to sys_exit.o(.text) for _sys_exit
    __main.o(!!!main) refers to __rtentry.o(.ARM.Collect$$rtentry$$00000000) for __rt_entry
    basic.o(x$fpl$basic) refers (Special) to usenofp.o(x$fpl$usenofp) for __I$use$fp
    daddsub_clz.o(x$fpl$dadd) refers (Special) to usenofp.o(x$fpl$usenofp) for __I$use$fp
    daddsub_clz.o(x$fpl$dadd) refers to daddsub_clz.o(x$fpl$dsub) for _dsub1
    daddsub_clz.o(x$fpl$dadd) refers to dretinf.o(x$fpl$dretinf) for __fpl_dretinf
    daddsub_clz.o(x$fpl$dadd) refers to dnaninf.o(x$fpl$dnaninf) for __fpl_dnaninf
    daddsub_clz.o(x$fpl$drsb) refers (Special) to usenofp.o(x$fpl$usenofp) for __I$use$fp
    daddsub_clz.o(x$fpl$drsb) refers to daddsub_clz.o(x$fpl$dadd) for _dadd1
    daddsub_clz.o(x$fpl$drsb) refers to daddsub_clz.o(x$fpl$dsub) for _dsub1
    daddsub_clz.o(x$fpl$dsub) refers (Special) to usenofp.o(x$fpl$usenofp) for __I$use$fp
    daddsub_clz.o(x$fpl$dsub) refers to daddsub_clz.o(x$fpl$dadd) for _dadd1
    daddsub_clz.o(x$fpl$dsub) refers to dnaninf.o(x$fpl$dnaninf) for __fpl_dnaninf
    dfix.o(x$fpl$dfix) refers (Special) to usenofp.o(x$fpl$usenofp) for __I$use$fp
    dfix.o(x$fpl$dfix) refers to dnaninf.o(x$fpl$dnaninf) for __fpl_dnaninf
    dfix.o(x$fpl$dfixr) refers (Special) to usenofp.o(x$fpl$usenofp) for __I$use$fp
    dfix.o(x$fpl$dfixr) refers to dnaninf.o(x$fpl$dnaninf) for __fpl_dnaninf
    dfixu.o(x$fpl$dfixu) refers (Special) to usenofp.o(x$fpl$usenofp) for __I$use$fp
    dfixu.o(x$fpl$dfixu) refers to dnaninf.o(x$fpl$dnaninf) for __fpl_dnaninf
    dfixu.o(x$fpl$dfixur) refers (Special) to usenofp.o(x$fpl$usenofp) for __I$use$fp
    dfixu.o(x$fpl$dfixur) refers to dnaninf.o(x$fpl$dnaninf) for __fpl_dnaninf
    dflt_clz.o(x$fpl$dfltu) refers (Special) to usenofp.o(x$fpl$usenofp) for __I$use$fp
    dflt_clz.o(x$fpl$dflt) refers (Special) to usenofp.o(x$fpl$usenofp) for __I$use$fp
    dflt_clz.o(x$fpl$dfltn) refers (Special) to usenofp.o(x$fpl$usenofp) for __I$use$fp
    dleqf.o(x$fpl$dleqf) refers (Special) to usenofp.o(x$fpl$usenofp) for __I$use$fp
    dleqf.o(x$fpl$dleqf) refers to dnaninf.o(x$fpl$dnaninf) for __fpl_dnaninf
    dleqf.o(x$fpl$dleqf) refers to dcmpi.o(x$fpl$dcmpinf) for __fpl_dcmp_Inf
    dmul.o(x$fpl$dmul) refers (Special) to usenofp.o(x$fpl$usenofp) for __I$use$fp
    dmul.o(x$fpl$dmul) refers to dretinf.o(x$fpl$dretinf) for __fpl_dretinf
    dmul.o(x$fpl$dmul) refers to dnaninf.o(x$fpl$dnaninf) for __fpl_dnaninf
    f2d.o(x$fpl$f2d) refers (Special) to usenofp.o(x$fpl$usenofp) for __I$use$fp
    f2d.o(x$fpl$f2d) refers to fnaninf.o(x$fpl$fnaninf) for __fpl_fnaninf
    f2d.o(x$fpl$f2d) refers to dretinf.o(x$fpl$dretinf) for __fpl_dretinf
    sys_exit.o(.text) refers (Special) to use_no_semi.o(.text) for __I$use$semihosting
    sys_exit.o(.text) refers (Special) to indicate_semi.o(.text) for __semihosting_library_function
    __rtentry.o(.ARM.Collect$$rtentry$$00000000) refers (Special) to __rtentry2.o(.ARM.Collect$$rtentry$$0000000A) for __rt_entry_li
    __rtentry.o(.ARM.Collect$$rtentry$$00000000) refers (Special) to __rtentry2.o(.ARM.Collect$$rtentry$$0000000D) for __rt_entry_main
    __rtentry.o(.ARM.Collect$$rtentry$$00000000) refers (Special) to __rtentry2.o(.ARM.Collect$$rtentry$$0000000C) for __rt_entry_postli_1
    __rtentry.o(.ARM.Collect$$rtentry$$00000000) refers (Special) to __rtentry2.o(.ARM.Collect$$rtentry$$00000009) for __rt_entry_postsh_1
    __rtentry.o(.ARM.Collect$$rtentry$$00000000) refers (Special) to __rtentry2.o(.ARM.Collect$$rtentry$$00000002) for __rt_entry_presh_1
    __rtentry.o(.ARM.Collect$$rtentry$$00000000) refers (Special) to __rtentry4.o(.ARM.Collect$$rtentry$$00000004) for __rt_entry_sh
    defsig_abrt_outer.o(.text) refers to defsig_abrt_inner.o(.text) for __rt_SIGABRT_inner
    defsig_abrt_outer.o(.text) refers to defsig_exit.o(.text) for __sig_exit
    defsig_abrt_formal.o(.text) refers to rt_raise.o(.text) for __rt_raise
    dcmpi.o(x$fpl$dcmpinf) refers (Special) to usenofp.o(x$fpl$usenofp) for __I$use$fp
    dnaninf.o(x$fpl$dnaninf) refers (Special) to usenofp.o(x$fpl$usenofp) for __I$use$fp
    dretinf.o(x$fpl$dretinf) refers (Special) to usenofp.o(x$fpl$usenofp) for __I$use$fp
    fnaninf.o(x$fpl$fnaninf) refers (Special) to usenofp.o(x$fpl$usenofp) for __I$use$fp
    __rtentry2.o(.ARM.Collect$$rtentry$$00000008) refers to boardinit2.o(.text) for _platform_post_stackheap_init
    __rtentry2.o(.ARM.Collect$$rtentry$$0000000A) refers to libinit.o(.ARM.Collect$$libinit$$00000000) for __rt_lib_init
    __rtentry2.o(.ARM.Collect$$rtentry$$0000000B) refers to boardinit3.o(.text) for _platform_post_lib_init
    __rtentry2.o(.ARM.Collect$$rtentry$$0000000D) refers to main.o(i.main) for main
    __rtentry2.o(.ARM.Collect$$rtentry$$0000000D) refers to exit.o(.text) for exit
    __rtentry2.o(.ARM.exidx) refers to __rtentry2.o(.ARM.Collect$$rtentry$$00000001) for .ARM.Collect$$rtentry$$00000001
    __rtentry2.o(.ARM.exidx) refers to __rtentry2.o(.ARM.Collect$$rtentry$$00000008) for .ARM.Collect$$rtentry$$00000008
    __rtentry2.o(.ARM.exidx) refers to __rtentry2.o(.ARM.Collect$$rtentry$$0000000A) for .ARM.Collect$$rtentry$$0000000A
    __rtentry2.o(.ARM.exidx) refers to __rtentry2.o(.ARM.Collect$$rtentry$$0000000B) for .ARM.Collect$$rtentry$$0000000B
    __rtentry2.o(.ARM.exidx) refers to __rtentry2.o(.ARM.Collect$$rtentry$$0000000D) for .ARM.Collect$$rtentry$$0000000D
    __rtentry4.o(.ARM.Collect$$rtentry$$00000004) refers to sys_stackheap_outer.o(.text) for __user_setup_stackheap
    __rtentry4.o(.ARM.exidx) refers to __rtentry4.o(.ARM.Collect$$rtentry$$00000004) for .ARM.Collect$$rtentry$$00000004
    rt_raise.o(.text) refers to __raise.o(.text) for __raise
    rt_raise.o(.text) refers to sys_exit.o(.text) for _sys_exit
    defsig_exit.o(.text) refers to sys_exit.o(.text) for _sys_exit
    defsig_abrt_inner.o(.text) refers to defsig_general.o(.text) for __default_signal_display
    sys_stackheap_outer.o(.text) refers to libspace.o(.text) for __user_perproc_libspace
    sys_stackheap_outer.o(.text) refers to startup_rvmdk.o(.text) for __user_initial_stackheap
    exit.o(.text) refers to rtexit.o(.ARM.Collect$$rtexit$$00000000) for __rt_exit
    __raise.o(.text) refers to defsig.o(CL$$defsig) for __default_signal_handler
    defsig_general.o(.text) refers to sys_wrch.o(.text) for _ttywrch
    libinit.o(.ARM.Collect$$libinit$$00000000) refers (Special) to libinit2.o(.ARM.Collect$$libinit$$0000002E) for __rt_lib_init_alloca_1
    libinit.o(.ARM.Collect$$libinit$$00000000) refers (Special) to libinit2.o(.ARM.Collect$$libinit$$0000002C) for __rt_lib_init_argv_1
    libinit.o(.ARM.Collect$$libinit$$00000000) refers (Special) to libinit2.o(.ARM.Collect$$libinit$$0000001B) for __rt_lib_init_atexit_1
    libinit.o(.ARM.Collect$$libinit$$00000000) refers (Special) to libinit2.o(.ARM.Collect$$libinit$$00000021) for __rt_lib_init_clock_1
    libinit.o(.ARM.Collect$$libinit$$00000000) refers (Special) to libinit2.o(.ARM.Collect$$libinit$$00000032) for __rt_lib_init_cpp_1
    libinit.o(.ARM.Collect$$libinit$$00000000) refers (Special) to libinit2.o(.ARM.Collect$$libinit$$00000030) for __rt_lib_init_exceptions_1
    libinit.o(.ARM.Collect$$libinit$$00000000) refers (Special) to libinit2.o(.ARM.Collect$$libinit$$00000001) for __rt_lib_init_fp_1
    libinit.o(.ARM.Collect$$libinit$$00000000) refers (Special) to libinit2.o(.ARM.Collect$$libinit$$0000001F) for __rt_lib_init_fp_trap_1
    libinit.o(.ARM.Collect$$libinit$$00000000) refers (Special) to libinit2.o(.ARM.Collect$$libinit$$00000023) for __rt_lib_init_getenv_1
    libinit.o(.ARM.Collect$$libinit$$00000000) refers (Special) to libinit2.o(.ARM.Collect$$libinit$$0000000A) for __rt_lib_init_heap_1
    libinit.o(.ARM.Collect$$libinit$$00000000) refers (Special) to libinit2.o(.ARM.Collect$$libinit$$00000011) for __rt_lib_init_lc_collate_1
    libinit.o(.ARM.Collect$$libinit$$00000000) refers (Special) to libinit2.o(.ARM.Collect$$libinit$$00000013) for __rt_lib_init_lc_ctype_1
    libinit.o(.ARM.Collect$$libinit$$00000000) refers (Special) to libinit2.o(.ARM.Collect$$libinit$$00000015) for __rt_lib_init_lc_monetary_1
    libinit.o(.ARM.Collect$$libinit$$00000000) refers (Special) to libinit2.o(.ARM.Collect$$libinit$$00000017) for __rt_lib_init_lc_numeric_1
    libinit.o(.ARM.Collect$$libinit$$00000000) refers (Special) to libinit2.o(.ARM.Collect$$libinit$$00000019) for __rt_lib_init_lc_time_1
    libinit.o(.ARM.Collect$$libinit$$00000000) refers (Special) to libinit2.o(.ARM.Collect$$libinit$$00000004) for __rt_lib_init_preinit_1
    libinit.o(.ARM.Collect$$libinit$$00000000) refers (Special) to libinit2.o(.ARM.Collect$$libinit$$0000000E) for __rt_lib_init_rand_1
    libinit.o(.ARM.Collect$$libinit$$00000000) refers (Special) to libinit2.o(.ARM.Collect$$libinit$$00000033) for __rt_lib_init_return
    libinit.o(.ARM.Collect$$libinit$$00000000) refers (Special) to libinit2.o(.ARM.Collect$$libinit$$0000001D) for __rt_lib_init_signal_1
    libinit.o(.ARM.Collect$$libinit$$00000000) refers (Special) to libinit2.o(.ARM.Collect$$libinit$$00000025) for __rt_lib_init_stdio_1
    libinit.o(.ARM.Collect$$libinit$$00000000) refers (Special) to libinit2.o(.ARM.Collect$$libinit$$0000000C) for __rt_lib_init_user_alloc_1
    sys_wrch.o(.text) refers (Special) to use_no_semi.o(.text) for __I$use$semihosting
    sys_wrch.o(.text) refers (Special) to indicate_semi.o(.text) for __semihosting_library_function
    libspace.o(.text) refers to libspace.o(.bss) for __libspace_start
    rtexit.o(.ARM.Collect$$rtexit$$00000000) refers (Special) to rtexit2.o(.ARM.Collect$$rtexit$$00000004) for __rt_exit_exit
    rtexit.o(.ARM.Collect$$rtexit$$00000000) refers (Special) to rtexit2.o(.ARM.Collect$$rtexit$$00000003) for __rt_exit_ls
    rtexit.o(.ARM.Collect$$rtexit$$00000000) refers (Special) to rtexit2.o(.ARM.Collect$$rtexit$$00000002) for __rt_exit_prels_1
    rtexit.o(.ARM.exidx) refers (Special) to rtexit2.o(.ARM.Collect$$rtexit$$00000004) for __rt_exit_exit
    rtexit.o(.ARM.exidx) refers (Special) to rtexit2.o(.ARM.Collect$$rtexit$$00000003) for __rt_exit_ls
    rtexit.o(.ARM.exidx) refers (Special) to rtexit2.o(.ARM.Collect$$rtexit$$00000002) for __rt_exit_prels_1
    rtexit.o(.ARM.exidx) refers to rtexit.o(.ARM.Collect$$rtexit$$00000000) for .ARM.Collect$$rtexit$$00000000
    defsig.o(CL$$defsig) refers to defsig_abrt_inner.o(.text) for __rt_SIGABRT_inner
    defsig.o(CL$$defsig) refers to defsig_rtmem_inner.o(.text) for __rt_SIGRTMEM_inner
    libinit2.o(.ARM.Collect$$libinit$$00000001) refers to fpinit.o(x$fpl$fpinit) for _fp_init
    libinit2.o(.ARM.Collect$$libinit$$00000010) refers to libinit2.o(.ARM.Collect$$libinit$$0000000F) for .ARM.Collect$$libinit$$0000000F
    libinit2.o(.ARM.Collect$$libinit$$00000012) refers to libinit2.o(.ARM.Collect$$libinit$$0000000F) for .ARM.Collect$$libinit$$0000000F
    libinit2.o(.ARM.Collect$$libinit$$00000014) refers to libinit2.o(.ARM.Collect$$libinit$$0000000F) for .ARM.Collect$$libinit$$0000000F
    libinit2.o(.ARM.Collect$$libinit$$00000016) refers to libinit2.o(.ARM.Collect$$libinit$$0000000F) for .ARM.Collect$$libinit$$0000000F
    libinit2.o(.ARM.Collect$$libinit$$00000018) refers to libinit2.o(.ARM.Collect$$libinit$$0000000F) for .ARM.Collect$$libinit$$0000000F
    libinit2.o(.ARM.Collect$$libinit$$00000026) refers to argv_veneer.o(.emb_text) for __ARM_argv_veneer
    libinit2.o(.ARM.Collect$$libinit$$00000027) refers to argv_veneer.o(.emb_text) for __ARM_argv_veneer
    rtexit2.o(.ARM.Collect$$rtexit$$00000003) refers to libshutdown.o(.ARM.Collect$$libshutdown$$00000000) for __rt_lib_shutdown
    rtexit2.o(.ARM.Collect$$rtexit$$00000004) refers to sys_exit.o(.text) for _sys_exit
    rtexit2.o(.ARM.exidx) refers to rtexit2.o(.ARM.Collect$$rtexit$$00000001) for .ARM.Collect$$rtexit$$00000001
    rtexit2.o(.ARM.exidx) refers to rtexit2.o(.ARM.Collect$$rtexit$$00000003) for .ARM.Collect$$rtexit$$00000003
    rtexit2.o(.ARM.exidx) refers to rtexit2.o(.ARM.Collect$$rtexit$$00000004) for .ARM.Collect$$rtexit$$00000004
    defsig_fpe_inner.o(.text) refers to defsig_general.o(.text) for __default_signal_display
    defsig_rtred_inner.o(.text) refers to defsig_general.o(.text) for __default_signal_display
    defsig_rtmem_inner.o(.text) refers to defsig_general.o(.text) for __default_signal_display
    defsig_stak_inner.o(.text) refers to defsig_general.o(.text) for __default_signal_display
    defsig_pvfn_inner.o(.text) refers to defsig_general.o(.text) for __default_signal_display
    defsig_cppl_inner.o(.text) refers to defsig_general.o(.text) for __default_signal_display
    defsig_segv_inner.o(.text) refers to defsig_general.o(.text) for __default_signal_display
    defsig_other.o(.text) refers to defsig_general.o(.text) for __default_signal_display
    argv_veneer.o(.emb_text) refers to no_argv.o(.text) for __ARM_get_argv
    _get_argv_nomalloc.o(.text) refers (Special) to hrguard.o(.text) for __heap_region$guard
    _get_argv_nomalloc.o(.text) refers to defsig_rtmem_outer.o(.text) for __rt_SIGRTMEM
    _get_argv_nomalloc.o(.text) refers to sys_command.o(.text) for _sys_command_string
    libshutdown.o(.ARM.Collect$$libshutdown$$00000000) refers (Special) to libshutdown2.o(.ARM.Collect$$libshutdown$$00000002) for __rt_lib_shutdown_cpp_1
    libshutdown.o(.ARM.Collect$$libshutdown$$00000000) refers (Special) to libshutdown2.o(.ARM.Collect$$libshutdown$$00000007) for __rt_lib_shutdown_fp_trap_1
    libshutdown.o(.ARM.Collect$$libshutdown$$00000000) refers (Special) to libshutdown2.o(.ARM.Collect$$libshutdown$$0000000F) for __rt_lib_shutdown_heap_1
    libshutdown.o(.ARM.Collect$$libshutdown$$00000000) refers (Special) to libshutdown2.o(.ARM.Collect$$libshutdown$$00000010) for __rt_lib_shutdown_return
    libshutdown.o(.ARM.Collect$$libshutdown$$00000000) refers (Special) to libshutdown2.o(.ARM.Collect$$libshutdown$$0000000A) for __rt_lib_shutdown_signal_1
    libshutdown.o(.ARM.Collect$$libshutdown$$00000000) refers (Special) to libshutdown2.o(.ARM.Collect$$libshutdown$$00000004) for __rt_lib_shutdown_stdio_1
    libshutdown.o(.ARM.Collect$$libshutdown$$00000000) refers (Special) to libshutdown2.o(.ARM.Collect$$libshutdown$$0000000C) for __rt_lib_shutdown_user_alloc_1
    sys_command.o(.text) refers (Special) to use_no_semi.o(.text) for __I$use$semihosting
    sys_command.o(.text) refers (Special) to indicate_semi.o(.text) for __semihosting_library_function
    defsig_rtmem_outer.o(.text) refers to defsig_rtmem_inner.o(.text) for __rt_SIGRTMEM_inner
    defsig_rtmem_outer.o(.text) refers to defsig_exit.o(.text) for __sig_exit
    defsig_rtmem_formal.o(.text) refers to rt_raise.o(.text) for __rt_raise


==============================================================================

Removing Unused input sections from the image.

    Removing hal_gpio.o(i.GPIO_DisarmInterrupt), (48 bytes).
    Removing hal_gpio.o(i.GPIO_EnableAltAnalog), (68 bytes).
    Removing hal_gpio.o(i.GPIO_EnableInterrupt), (292 bytes).
    Removing hal_gpio.o(i.GPIO_PortEHandler), (28 bytes).
    Removing hal_gpio.o(i.GPIO_PortFHandler), (28 bytes).
    Removing hal_gpio.o(i.GPIO_RearmInterrupt), (48 bytes).
    Removing hal_gpio.o(i.HandleInterrupt), (42 bytes).
    Removing hal_nvic.o(i.NVIC_DisableIRQ), (52 bytes).
    Removing hal_systick.o(i.SysTick_Wait10us), (28 bytes).
    Removing hal_spi.o(i.SPI_Enable), (136 bytes).
    Removing hal_spi.o(i.SPI_Write), (40 bytes).
    Removing hal_spi.o(.data), (16 bytes).
    Removing hal_timer.o(i.Timer_Stop), (16 bytes).
    Removing hal_timer.o(i.Timer_TIMER0Handler), (16 bytes).
    Removing lcd.o(i.LCD_PutChar), (58 bytes).
    Removing lcd.o(i.LCD_ShiftCursor), (60 bytes).
    Removing lcd_raw.o(i.LCD_RawPutString), (42 bytes).
    Removing lcd_raw.o(i.LCD_RawReturnHome), (32 bytes).
    Removing lcd_raw.o(i.LCD_RawShiftCursor), (48 bytes).
    Removing lcd_raw.o(i.LCD_RawShiftDisplay), (48 bytes).
    Removing strings.o(i.atoi), (80 bytes).
    Removing strings.o(i.isdigit), (18 bytes).
    Removing strings.o(i.isspace), (34 bytes).
    Removing strings.o(i.strncpy), (40 bytes).

24 unused section(s) (total 1318 bytes) removed from the image.

==============================================================================

Image Symbol Table

    Local Symbols

    Symbol Name                              Value     Ov Type        Size  Object(Section)

    RESET                                    0x00000000   Section      648  startup_rvmdk.o(RESET)
    ../clib/angel/boardlib.s                 0x00000000   Number         0  boardshut.o ABSOLUTE
    ../clib/angel/boardlib.s                 0x00000000   Number         0  boardinit2.o ABSOLUTE
    ../clib/angel/boardlib.s                 0x00000000   Number         0  boardinit1.o ABSOLUTE
    ../clib/angel/boardlib.s                 0x00000000   Number         0  boardinit3.o ABSOLUTE
    ../clib/angel/handlers.s                 0x00000000   Number         0  __scatter_copy.o ABSOLUTE
    ../clib/angel/handlers.s                 0x00000000   Number         0  __scatter_zi.o ABSOLUTE
    ../clib/angel/kernel.s                   0x00000000   Number         0  __rtentry4.o ABSOLUTE
    ../clib/angel/kernel.s                   0x00000000   Number         0  rtexit2.o ABSOLUTE
    ../clib/angel/kernel.s                   0x00000000   Number         0  rtexit.o ABSOLUTE
    ../clib/angel/kernel.s                   0x00000000   Number         0  __rtentry.o ABSOLUTE
    ../clib/angel/kernel.s                   0x00000000   Number         0  __rtentry2.o ABSOLUTE
    ../clib/angel/rt.s                       0x00000000   Number         0  rt_raise.o ABSOLUTE
    ../clib/angel/scatter.s                  0x00000000   Number         0  __scatter.o ABSOLUTE
    ../clib/angel/startup.s                  0x00000000   Number         0  __main.o ABSOLUTE
    ../clib/angel/sys.s                      0x00000000   Number         0  libspace.o ABSOLUTE
    ../clib/angel/sys.s                      0x00000000   Number         0  use_no_semi.o ABSOLUTE
    ../clib/angel/sys.s                      0x00000000   Number         0  indicate_semi.o ABSOLUTE
    ../clib/angel/sys.s                      0x00000000   Number         0  sys_stackheap_outer.o ABSOLUTE
    ../clib/angel/sysapp.c                   0x00000000   Number         0  sys_exit.o ABSOLUTE
    ../clib/angel/sysapp.c                   0x00000000   Number         0  sys_command.o ABSOLUTE
    ../clib/angel/sysapp.c                   0x00000000   Number         0  sys_wrch.o ABSOLUTE
    ../clib/armsys.c                         0x00000000   Number         0  argv_veneer.o ABSOLUTE
    ../clib/armsys.c                         0x00000000   Number         0  no_argv.o ABSOLUTE
    ../clib/armsys.c                         0x00000000   Number         0  _get_argv_nomalloc.o ABSOLUTE
    ../clib/armsys.c                         0x00000000   Number         0  argv_veneer.o ABSOLUTE
    ../clib/heapalloc.c                      0x00000000   Number         0  hrguard.o ABSOLUTE
    ../clib/heapaux.c                        0x00000000   Number         0  heapauxi.o ABSOLUTE
    ../clib/libinit.s                        0x00000000   Number         0  libinit2.o ABSOLUTE
    ../clib/libinit.s                        0x00000000   Number         0  libshutdown.o ABSOLUTE
    ../clib/libinit.s                        0x00000000   Number         0  libshutdown2.o ABSOLUTE
    ../clib/libinit.s                        0x00000000   Number         0  libinit.o ABSOLUTE
    ../clib/memcpset.s                       0x00000000   Number         0  rt_memcpy_w.o ABSOLUTE
    ../clib/signal.c                         0x00000000   Number         0  defsig_abrt_formal.o ABSOLUTE
    ../clib/signal.c                         0x00000000   Number         0  defsig_abrt_outer.o ABSOLUTE
    ../clib/signal.c                         0x00000000   Number         0  defsig_rtred_inner.o ABSOLUTE
    ../clib/signal.c                         0x00000000   Number         0  __raise.o ABSOLUTE
    ../clib/signal.c                         0x00000000   Number         0  defsig_rtmem_formal.o ABSOLUTE
    ../clib/signal.c                         0x00000000   Number         0  defsig_rtmem_outer.o ABSOLUTE
    ../clib/signal.c                         0x00000000   Number         0  defsig_general.o ABSOLUTE
    ../clib/signal.c                         0x00000000   Number         0  defsig_fpe_inner.o ABSOLUTE
    ../clib/signal.c                         0x00000000   Number         0  defsig_other.o ABSOLUTE
    ../clib/signal.c                         0x00000000   Number         0  defsig_segv_inner.o ABSOLUTE
    ../clib/signal.c                         0x00000000   Number         0  defsig_cppl_inner.o ABSOLUTE
    ../clib/signal.c                         0x00000000   Number         0  defsig_pvfn_inner.o ABSOLUTE
    ../clib/signal.c                         0x00000000   Number         0  defsig_stak_inner.o ABSOLUTE
    ../clib/signal.c                         0x00000000   Number         0  defsig_rtmem_inner.o ABSOLUTE
    ../clib/signal.c                         0x00000000   Number         0  defsig_abrt_inner.o ABSOLUTE
    ../clib/signal.c                         0x00000000   Number         0  defsig_exit.o ABSOLUTE
    ../clib/signal.s                         0x00000000   Number         0  defsig.o ABSOLUTE
    ../clib/stdlib.c                         0x00000000   Number         0  abort.o ABSOLUTE
    ../clib/stdlib.c                         0x00000000   Number         0  exit.o ABSOLUTE
    ../fplib/basic.s                         0x00000000   Number         0  basic.o ABSOLUTE
    ../fplib/daddsub.s                       0x00000000   Number         0  daddsub_clz.o ABSOLUTE
    ../fplib/dcmpi.s                         0x00000000   Number         0  dcmpi.o ABSOLUTE
    ../fplib/dfix.s                          0x00000000   Number         0  dfix.o ABSOLUTE
    ../fplib/dfixu.s                         0x00000000   Number         0  dfixu.o ABSOLUTE
    ../fplib/dflt.s                          0x00000000   Number         0  dflt_clz.o ABSOLUTE
    ../fplib/dleqf.s                         0x00000000   Number         0  dleqf.o ABSOLUTE
    ../fplib/dmul.s                          0x00000000   Number         0  dmul.o ABSOLUTE
    ../fplib/dnaninf.s                       0x00000000   Number         0  dnaninf.o ABSOLUTE
    ../fplib/dretinf.s                       0x00000000   Number         0  dretinf.o ABSOLUTE
    ../fplib/f2d.s                           0x00000000   Number         0  f2d.o ABSOLUTE
    ../fplib/fnaninf.s                       0x00000000   Number         0  fnaninf.o ABSOLUTE
    ../fplib/fpinit.s                        0x00000000   Number         0  fpinit.o ABSOLUTE
    ../fplib/usenofp.s                       0x00000000   Number         0  usenofp.o ABSOLUTE
    Device.c                                 0x00000000   Number         0  device.o ABSOLUTE
    dc.s                                     0x00000000   Number         0  dc.o ABSOLUTE
    drivers\FrequencyTimer.c                 0x00000000   Number         0  frequencytimer.o ABSOLUTE
    drivers\LCD.c                            0x00000000   Number         0  lcd.o ABSOLUTE
    drivers\LCD_Raw.c                        0x00000000   Number         0  lcd_raw.o ABSOLUTE
    drivers\Switch.c                         0x00000000   Number         0  switch.o ABSOLUTE
    hal\HAL_GPIO.c                           0x00000000   Number         0  hal_gpio.o ABSOLUTE
    hal\HAL_NVIC.c                           0x00000000   Number         0  hal_nvic.o ABSOLUTE
    hal\HAL_PLL.c                            0x00000000   Number         0  hal_pll.o ABSOLUTE
    hal\HAL_SPI.c                            0x00000000   Number         0  hal_spi.o ABSOLUTE
    hal\HAL_SysTick.c                        0x00000000   Number         0  hal_systick.o ABSOLUTE
    hal\HAL_Timer.c                          0x00000000   Number         0  hal_timer.o ABSOLUTE
    startup_TM4C123\main.c                   0x00000000   Number         0  main.o ABSOLUTE
    startup_TM4C123\startup_rvmdk.S          0x00000000   Number         0  startup_rvmdk.o ABSOLUTE
    utilities\Strings.c                      0x00000000   Number         0  strings.o ABSOLUTE
    $v0                                      0x0000026c   Number         0  startup_rvmdk.o(RESET)
    NmiSR                                    0x00000281   Thumb Code     0  startup_rvmdk.o(RESET)
    FaultISR                                 0x00000283   Thumb Code     0  startup_rvmdk.o(RESET)
    IntDefaultHandler                        0x00000285   Thumb Code     0  startup_rvmdk.o(RESET)
    !!!main                                  0x00000288   Section        8  __main.o(!!!main)
    !!!scatter                               0x00000290   Section       52  __scatter.o(!!!scatter)
    !!handler_copy                           0x000002c4   Section       26  __scatter_copy.o(!!handler_copy)
    !!handler_zi                             0x000002e0   Section       28  __scatter_zi.o(!!handler_zi)
    .ARM.Collect$$libinit$$00000000          0x000002fc   Section        2  libinit.o(.ARM.Collect$$libinit$$00000000)
    .ARM.Collect$$libinit$$00000001          0x000002fe   Section        4  libinit2.o(.ARM.Collect$$libinit$$00000001)
    .ARM.Collect$$libinit$$00000004          0x00000302   Section        0  libinit2.o(.ARM.Collect$$libinit$$00000004)
    .ARM.Collect$$libinit$$0000000A          0x00000302   Section        0  libinit2.o(.ARM.Collect$$libinit$$0000000A)
    .ARM.Collect$$libinit$$0000000C          0x00000302   Section        0  libinit2.o(.ARM.Collect$$libinit$$0000000C)
    .ARM.Collect$$libinit$$0000000E          0x00000302   Section        0  libinit2.o(.ARM.Collect$$libinit$$0000000E)
    .ARM.Collect$$libinit$$00000011          0x00000302   Section        0  libinit2.o(.ARM.Collect$$libinit$$00000011)
    .ARM.Collect$$libinit$$00000013          0x00000302   Section        0  libinit2.o(.ARM.Collect$$libinit$$00000013)
    .ARM.Collect$$libinit$$00000015          0x00000302   Section        0  libinit2.o(.ARM.Collect$$libinit$$00000015)
    .ARM.Collect$$libinit$$00000017          0x00000302   Section        0  libinit2.o(.ARM.Collect$$libinit$$00000017)
    .ARM.Collect$$libinit$$00000019          0x00000302   Section        0  libinit2.o(.ARM.Collect$$libinit$$00000019)
    .ARM.Collect$$libinit$$0000001B          0x00000302   Section        0  libinit2.o(.ARM.Collect$$libinit$$0000001B)
    .ARM.Collect$$libinit$$0000001D          0x00000302   Section        0  libinit2.o(.ARM.Collect$$libinit$$0000001D)
    .ARM.Collect$$libinit$$0000001F          0x00000302   Section        0  libinit2.o(.ARM.Collect$$libinit$$0000001F)
    .ARM.Collect$$libinit$$00000021          0x00000302   Section        0  libinit2.o(.ARM.Collect$$libinit$$00000021)
    .ARM.Collect$$libinit$$00000023          0x00000302   Section        0  libinit2.o(.ARM.Collect$$libinit$$00000023)
    .ARM.Collect$$libinit$$00000025          0x00000302   Section        0  libinit2.o(.ARM.Collect$$libinit$$00000025)
    .ARM.Collect$$libinit$$0000002C          0x00000302   Section        0  libinit2.o(.ARM.Collect$$libinit$$0000002C)
    .ARM.Collect$$libinit$$0000002E          0x00000302   Section        0  libinit2.o(.ARM.Collect$$libinit$$0000002E)
    .ARM.Collect$$libinit$$00000030          0x00000302   Section        0  libinit2.o(.ARM.Collect$$libinit$$00000030)
    .ARM.Collect$$libinit$$00000032          0x00000302   Section        0  libinit2.o(.ARM.Collect$$libinit$$00000032)
    .ARM.Collect$$libinit$$00000033          0x00000302   Section        2  libinit2.o(.ARM.Collect$$libinit$$00000033)
    .ARM.Collect$$libshutdown$$00000000      0x00000304   Section        2  libshutdown.o(.ARM.Collect$$libshutdown$$00000000)
    .ARM.Collect$$libshutdown$$00000002      0x00000306   Section        0  libshutdown2.o(.ARM.Collect$$libshutdown$$00000002)
    .ARM.Collect$$libshutdown$$00000004      0x00000306   Section        0  libshutdown2.o(.ARM.Collect$$libshutdown$$00000004)
    .ARM.Collect$$libshutdown$$00000007      0x00000306   Section        0  libshutdown2.o(.ARM.Collect$$libshutdown$$00000007)
    .ARM.Collect$$libshutdown$$0000000A      0x00000306   Section        0  libshutdown2.o(.ARM.Collect$$libshutdown$$0000000A)
    .ARM.Collect$$libshutdown$$0000000C      0x00000306   Section        0  libshutdown2.o(.ARM.Collect$$libshutdown$$0000000C)
    .ARM.Collect$$libshutdown$$0000000F      0x00000306   Section        0  libshutdown2.o(.ARM.Collect$$libshutdown$$0000000F)
    .ARM.Collect$$libshutdown$$00000010      0x00000306   Section        2  libshutdown2.o(.ARM.Collect$$libshutdown$$00000010)
    .ARM.Collect$$rtentry$$00000000          0x00000308   Section        0  __rtentry.o(.ARM.Collect$$rtentry$$00000000)
    .ARM.Collect$$rtentry$$00000002          0x00000308   Section        0  __rtentry2.o(.ARM.Collect$$rtentry$$00000002)
    .ARM.Collect$$rtentry$$00000004          0x00000308   Section        6  __rtentry4.o(.ARM.Collect$$rtentry$$00000004)
    .ARM.Collect$$rtentry$$00000009          0x0000030e   Section        0  __rtentry2.o(.ARM.Collect$$rtentry$$00000009)
    .ARM.Collect$$rtentry$$0000000A          0x0000030e   Section        4  __rtentry2.o(.ARM.Collect$$rtentry$$0000000A)
    .ARM.Collect$$rtentry$$0000000C          0x00000312   Section        0  __rtentry2.o(.ARM.Collect$$rtentry$$0000000C)
    .ARM.Collect$$rtentry$$0000000D          0x00000312   Section        8  __rtentry2.o(.ARM.Collect$$rtentry$$0000000D)
    .ARM.Collect$$rtexit$$00000000           0x0000031a   Section        2  rtexit.o(.ARM.Collect$$rtexit$$00000000)
    .ARM.Collect$$rtexit$$00000002           0x0000031c   Section        0  rtexit2.o(.ARM.Collect$$rtexit$$00000002)
    .ARM.Collect$$rtexit$$00000003           0x0000031c   Section        4  rtexit2.o(.ARM.Collect$$rtexit$$00000003)
    .ARM.Collect$$rtexit$$00000004           0x00000320   Section        6  rtexit2.o(.ARM.Collect$$rtexit$$00000004)
    .text                                    0x00000328   Section       24  startup_rvmdk.o(.text)
    $v0                                      0x00000328   Number         0  startup_rvmdk.o(.text)
    .text                                    0x00000340   Section        0  abort.o(.text)
    .text                                    0x00000356   Section      100  rt_memcpy_w.o(.text)
    .text                                    0x000003ba   Section        0  heapauxi.o(.text)
    .text                                    0x000003c0   Section        0  sys_exit.o(.text)
    .text                                    0x000003cc   Section        0  defsig_abrt_outer.o(.text)
    .text                                    0x000003da   Section        2  use_no_semi.o(.text)
    .text                                    0x000003dc   Section        0  defsig_exit.o(.text)
    .text                                    0x000003dc   Section        0  indicate_semi.o(.text)
    .text                                    0x000003e8   Section        0  defsig_abrt_inner.o(.text)
    .text                                    0x00000418   Section       74  sys_stackheap_outer.o(.text)
    .text                                    0x00000462   Section        0  exit.o(.text)
    .text                                    0x00000474   Section        0  defsig_general.o(.text)
    .text                                    0x000004a6   Section        0  sys_wrch.o(.text)
    .text                                    0x000004b4   Section        8  libspace.o(.text)
    i.ConfigureEdgeTimer                     0x000004bc   Section        0  hal_timer.o(i.ConfigureEdgeTimer)
    ConfigureEdgeTimer                       0x000004bd   Thumb Code   100  hal_timer.o(i.ConfigureEdgeTimer)
    i.ConfigureIntervalTimer                 0x00000524   Section        0  hal_timer.o(i.ConfigureIntervalTimer)
    ConfigureIntervalTimer                   0x00000525   Thumb Code    64  hal_timer.o(i.ConfigureIntervalTimer)
    i.EnableIRQHandler                       0x00000568   Section        0  hal_timer.o(i.EnableIRQHandler)
    EnableIRQHandler                         0x00000569   Thumb Code   122  hal_timer.o(i.EnableIRQHandler)
    i.FrequencyTimer_Enable                  0x000005ec   Section        0  frequencytimer.o(i.FrequencyTimer_Enable)
    i.FrequencyTimer_GetFrequency            0x00000634   Section        0  frequencytimer.o(i.FrequencyTimer_GetFrequency)
    i.GPIO_EnableAltDigital                  0x0000068c   Section        0  hal_gpio.o(i.GPIO_EnableAltDigital)
    i.GPIO_EnableDI                          0x00000714   Section        0  hal_gpio.o(i.GPIO_EnableDI)
    i.GPIO_EnableDO                          0x000007ac   Section        0  hal_gpio.o(i.GPIO_EnableDO)
    i.GPIO_GetBitBandIOAddress               0x00000884   Section        0  hal_gpio.o(i.GPIO_GetBitBandIOAddress)
    i.GPIO_InitPort                          0x000008b8   Section        0  hal_gpio.o(i.GPIO_InitPort)
    i.GetDDRAMAddress                        0x000008e8   Section        0  lcd.o(i.GetDDRAMAddress)
    GetDDRAMAddress                          0x000008e9   Thumb Code   102  lcd.o(i.GetDDRAMAddress)
    i.GetPinNumber                           0x0000094e   Section        0  hal_gpio.o(i.GetPinNumber)
    GetPinNumber                             0x0000094f   Thumb Code    28  hal_gpio.o(i.GetPinNumber)
    i.GetWindForce                           0x0000096c   Section        0  device.o(i.GetWindForce)
    GetWindForce                             0x0000096d   Thumb Code   384  device.o(i.GetWindForce)
    i.HandleInterrupt                        0x00000b14   Section        0  hal_timer.o(i.HandleInterrupt)
    HandleInterrupt                          0x00000b15   Thumb Code   122  hal_timer.o(i.HandleInterrupt)
    i.InitHardware                           0x00000b94   Section        0  device.o(i.InitHardware)
    InitHardware                             0x00000b95   Thumb Code   226  device.o(i.InitHardware)
    i.LCD_EnableCursor                       0x00000c88   Section        0  lcd.o(i.LCD_EnableCursor)
    i.LCD_Initialize                         0x00000c9e   Section        0  lcd.o(i.LCD_Initialize)
    i.LCD_PutString                          0x00000ce6   Section        0  lcd.o(i.LCD_PutString)
    i.LCD_RawClearDisplay                    0x00000d48   Section        0  lcd_raw.o(i.LCD_RawClearDisplay)
    i.LCD_RawInitialize                      0x00000d68   Section        0  lcd_raw.o(i.LCD_RawInitialize)
    i.LCD_RawPutChar                         0x00000e68   Section        0  lcd_raw.o(i.LCD_RawPutChar)
    i.LCD_RawSetDDRAMAddress                 0x00000e8c   Section        0  lcd_raw.o(i.LCD_RawSetDDRAMAddress)
    i.LCD_RawSetDisplayControl               0x00000eb0   Section        0  lcd_raw.o(i.LCD_RawSetDisplayControl)
    i.LCD_RawSetEntryMode                    0x00000f00   Section        0  lcd_raw.o(i.LCD_RawSetEntryMode)
    i.LCD_RawSetFunction                     0x00000f40   Section        0  lcd_raw.o(i.LCD_RawSetFunction)
    i.LCD_SetCursorPosition                  0x00000f90   Section        0  lcd.o(i.LCD_SetCursorPosition)
    i.NVIC_EnableIRQ                         0x00000fe0   Section        0  hal_nvic.o(i.NVIC_EnableIRQ)
    i.PLL_Init                               0x00001024   Section        0  hal_pll.o(i.PLL_Init)
    i.ResetTimer                             0x000010a4   Section        0  frequencytimer.o(i.ResetTimer)
    ResetTimer                               0x000010a5   Thumb Code    14  frequencytimer.o(i.ResetTimer)
    i.Run                                    0x000010b4   Section        0  device.o(i.Run)
    i.SetBusClockFreq                        0x00001158   Section        0  hal_pll.o(i.SetBusClockFreq)
    SetBusClockFreq                          0x00001159   Thumb Code    46  hal_pll.o(i.SetBusClockFreq)
    i.SetDataDirection                       0x000011a0   Section        0  lcd_raw.o(i.SetDataDirection)
    SetDataDirection                         0x000011a1   Thumb Code    98  lcd_raw.o(i.SetDataDirection)
    i.SetPriority                            0x00001204   Section        0  hal_nvic.o(i.SetPriority)
    SetPriority                              0x00001205   Thumb Code    50  hal_nvic.o(i.SetPriority)
    i.Switch_Init                            0x0000123c   Section        0  switch.o(i.Switch_Init)
    i.Switch_Poll                            0x00001256   Section        0  switch.o(i.Switch_Poll)
    i.SysTick_Init                           0x00001278   Section        0  hal_systick.o(i.SysTick_Init)
    i.SysTick_Wait                           0x000012ac   Section        0  hal_systick.o(i.SysTick_Wait)
    i.SysTick_Wait10ms                       0x000012cc   Section        0  hal_systick.o(i.SysTick_Wait10ms)
    i.TimerEventCallback                     0x000012e8   Section        0  frequencytimer.o(i.TimerEventCallback)
    TimerEventCallback                       0x000012e9   Thumb Code    46  frequencytimer.o(i.TimerEventCallback)
    i.Timer_Init                             0x00001318   Section        0  hal_timer.o(i.Timer_Init)
    i.Timer_StartEdgeTimer                   0x00001394   Section        0  hal_timer.o(i.Timer_StartEdgeTimer)
    i.Timer_StartInterval                    0x000013bc   Section        0  hal_timer.o(i.Timer_StartInterval)
    i.Timer_TIMER2Handler                    0x000013e4   Section        0  hal_timer.o(i.Timer_TIMER2Handler)
    i.Timer_Wait                             0x000013f4   Section        0  hal_timer.o(i.Timer_Wait)
    i.Transfer                               0x00001434   Section        0  lcd_raw.o(i.Transfer)
    Transfer                                 0x00001435   Thumb Code   120  lcd_raw.o(i.Transfer)
    i.TransferByte                           0x000014b0   Section        0  lcd_raw.o(i.TransferByte)
    i.UpdateDisplay                          0x000014e0   Section        0  device.o(i.UpdateDisplay)
    UpdateDisplay                            0x000014e1   Thumb Code   298  device.o(i.UpdateDisplay)
    i.dtoa                                   0x00001640   Section        0  strings.o(i.dtoa)
    i.itoa                                   0x0000182c   Section        0  strings.o(i.itoa)
    i.main                                   0x00001874   Section        0  main.o(i.main)
    i.pad                                    0x00001950   Section        0  strings.o(i.pad)
    i.reverse                                0x00001976   Section        0  strings.o(i.reverse)
    i.strcpy                                 0x00001998   Section        0  strings.o(i.strcpy)
    i.strlen                                 0x000019ae   Section        0  strings.o(i.strlen)
    i.strncat                                0x000019c0   Section        0  strings.o(i.strncat)
    x$fpl$basic                              0x000019e8   Section       24  basic.o(x$fpl$basic)
    $v0                                      0x000019e8   Number         0  basic.o(x$fpl$basic)
    x$fpl$dadd                               0x00001a00   Section      336  daddsub_clz.o(x$fpl$dadd)
    $v0                                      0x00001a00   Number         0  daddsub_clz.o(x$fpl$dadd)
    _dadd1                                   0x00001a11   Thumb Code     0  daddsub_clz.o(x$fpl$dadd)
    x$fpl$dcmpinf                            0x00001b50   Section       24  dcmpi.o(x$fpl$dcmpinf)
    $v0                                      0x00001b50   Number         0  dcmpi.o(x$fpl$dcmpinf)
    x$fpl$dfix                               0x00001b68   Section       94  dfix.o(x$fpl$dfix)
    $v0                                      0x00001b68   Number         0  dfix.o(x$fpl$dfix)
    x$fpl$dfixu                              0x00001bc8   Section       90  dfixu.o(x$fpl$dfixu)
    $v0                                      0x00001bc8   Number         0  dfixu.o(x$fpl$dfixu)
    x$fpl$dflt                               0x00001c22   Section       46  dflt_clz.o(x$fpl$dflt)
    $v0                                      0x00001c22   Number         0  dflt_clz.o(x$fpl$dflt)
    x$fpl$dfltu                              0x00001c50   Section       38  dflt_clz.o(x$fpl$dfltu)
    $v0                                      0x00001c50   Number         0  dflt_clz.o(x$fpl$dfltu)
    x$fpl$dleqf                              0x00001c78   Section      120  dleqf.o(x$fpl$dleqf)
    $v0                                      0x00001c78   Number         0  dleqf.o(x$fpl$dleqf)
    x$fpl$dmul                               0x00001cf0   Section      340  dmul.o(x$fpl$dmul)
    $v0                                      0x00001cf0   Number         0  dmul.o(x$fpl$dmul)
    x$fpl$dnaninf                            0x00001e44   Section      156  dnaninf.o(x$fpl$dnaninf)
    $v0                                      0x00001e44   Number         0  dnaninf.o(x$fpl$dnaninf)
    x$fpl$dretinf                            0x00001ee0   Section       12  dretinf.o(x$fpl$dretinf)
    $v0                                      0x00001ee0   Number         0  dretinf.o(x$fpl$dretinf)
    x$fpl$drsb                               0x00001eec   Section       22  daddsub_clz.o(x$fpl$drsb)
    $v0                                      0x00001eec   Number         0  daddsub_clz.o(x$fpl$drsb)
    x$fpl$dsub                               0x00001f04   Section      468  daddsub_clz.o(x$fpl$dsub)
    $v0                                      0x00001f04   Number         0  daddsub_clz.o(x$fpl$dsub)
    _dsub1                                   0x00001f15   Thumb Code     0  daddsub_clz.o(x$fpl$dsub)
    x$fpl$f2d                                0x000020d8   Section       86  f2d.o(x$fpl$f2d)
    $v0                                      0x000020d8   Number         0  f2d.o(x$fpl$f2d)
    x$fpl$fnaninf                            0x0000212e   Section      140  fnaninf.o(x$fpl$fnaninf)
    $v0                                      0x0000212e   Number         0  fnaninf.o(x$fpl$fnaninf)
    x$fpl$fpinit                             0x000021ba   Section       10  fpinit.o(x$fpl$fpinit)
    $v0                                      0x000021ba   Number         0  fpinit.o(x$fpl$fpinit)
    .constdata                               0x000021c4   Section       34  main.o(.constdata)
    x$fpl$usenofp                            0x000021c4   Section        0  usenofp.o(x$fpl$usenofp)
    .constdata                               0x000021e8   Section       12  frequencytimer.o(.constdata)
    .constdata                               0x000021f8   Section       88  strings.o(.constdata)
    rounders                                 0x000021f8   Data          88  strings.o(.constdata)
    .conststring                             0x00002250   Section      162  device.o(.conststring)
    .data                                    0x20000000   Section       32  hal_gpio.o(.data)
    PortE_Callback                           0x20000018   Data           4  hal_gpio.o(.data)
    PortF_Callback                           0x2000001c   Data           4  hal_gpio.o(.data)
    .data                                    0x20000020   Section       16  hal_pll.o(.data)
    .data                                    0x20000030   Section       24  hal_timer.o(.data)
    .data                                    0x20000048   Section       64  device.o(.data)
    windDescriptions_                        0x20000048   Data          52  device.o(.data)
    button_                                  0x2000007c   Data           8  device.o(.data)
    DisplayMode_                             0x20000084   Data           4  device.o(.data)
    .bss                                     0x20000088   Section       24  hal_timer.o(.bss)
    TIMER0_HandlerInfo                       0x20000088   Data          12  hal_timer.o(.bss)
    TIMER2_HandlerInfo                       0x20000094   Data          12  hal_timer.o(.bss)
    .bss                                     0x200000a0   Section       32  main.o(.bss)
    .bss                                     0x200000c0   Section      120  device.o(.bss)
    display_                                 0x200000c0   Data         100  device.o(.bss)
    freqTimer_                               0x20000124   Data          20  device.o(.bss)
    .bss                                     0x20000138   Section       96  libspace.o(.bss)
    HEAP                                     0x20000198   Section        0  startup_rvmdk.o(HEAP)
    STACK                                    0x20000198   Section     1024  startup_rvmdk.o(STACK)
    HeapMem                                  0x20000198   Data           0  startup_rvmdk.o(HEAP)
    StackMem                                 0x20000198   Data           0  startup_rvmdk.o(STACK)

    Global Symbols

    Symbol Name                              Value     Ov Type        Size  Object(Section)

    BuildAttributes$$THM_ISAv4$E$P$D$K$B$S$7EM$VFPi3$EXTD16$VFPS$VFMA$PE$A:L22UL41UL21$X:L11$S22US41US21$IEEE1$IW$USESV6$~STKCKD$USESV7$~SHL$OSPACE$ROPI$EBA8$UX$STANDARDLIB$REQ8$PRES8$EABIv2 0x00000000   Number         0  anon$$obj.o ABSOLUTE
    __ARM_use_no_argv                        0x00000000   Number         0  main.o ABSOLUTE
    __Vectors                                0x00000000   Data           0  startup_rvmdk.o(RESET)
    __ARM_exceptions_init                     - Undefined Weak Reference
    __alloca_initialize                       - Undefined Weak Reference
    __arm_preinit_                            - Undefined Weak Reference
    __cpp_initialize__aeabi_                  - Undefined Weak Reference
    __cxa_finalize                            - Undefined Weak Reference
    __rt_locale                               - Undefined Weak Reference
    __sigvec_lookup                           - Undefined Weak Reference
    _atexit_init                              - Undefined Weak Reference
    _call_atexit_fns                          - Undefined Weak Reference
    _clock_init                               - Undefined Weak Reference
    _fp_trap_init                             - Undefined Weak Reference
    _fp_trap_shutdown                         - Undefined Weak Reference
    _get_lc_collate                           - Undefined Weak Reference
    _get_lc_ctype                             - Undefined Weak Reference
    _get_lc_monetary                          - Undefined Weak Reference
    _get_lc_numeric                           - Undefined Weak Reference
    _get_lc_time                              - Undefined Weak Reference
    _getenv_init                              - Undefined Weak Reference
    _handle_redirection                       - Undefined Weak Reference
    _init_alloc                               - Undefined Weak Reference
    _init_user_alloc                          - Undefined Weak Reference
    _initio                                   - Undefined Weak Reference
    _rand_init                                - Undefined Weak Reference
    _signal_finish                            - Undefined Weak Reference
    _signal_init                              - Undefined Weak Reference
    _terminate_alloc                          - Undefined Weak Reference
    _terminate_user_alloc                     - Undefined Weak Reference
    _terminateio                              - Undefined Weak Reference
    Reset_Handler                            0x0000026d   Thumb Code     0  startup_rvmdk.o(RESET)
    __main                                   0x00000289   Thumb Code     8  __main.o(!!!main)
    __scatterload                            0x00000291   Thumb Code     0  __scatter.o(!!!scatter)
    __scatterload_rt2                        0x00000291   Thumb Code    44  __scatter.o(!!!scatter)
    __scatterload_rt2_thumb_only             0x00000291   Thumb Code     0  __scatter.o(!!!scatter)
    __scatterload_null                       0x0000029f   Thumb Code     0  __scatter.o(!!!scatter)
    __scatterload_copy                       0x000002c5   Thumb Code    26  __scatter_copy.o(!!handler_copy)
    __scatterload_zeroinit                   0x000002e1   Thumb Code    28  __scatter_zi.o(!!handler_zi)
    __rt_lib_init                            0x000002fd   Thumb Code     0  libinit.o(.ARM.Collect$$libinit$$00000000)
    __rt_lib_init_fp_1                       0x000002ff   Thumb Code     0  libinit2.o(.ARM.Collect$$libinit$$00000001)
    __rt_lib_init_alloca_1                   0x00000303   Thumb Code     0  libinit2.o(.ARM.Collect$$libinit$$0000002E)
    __rt_lib_init_argv_1                     0x00000303   Thumb Code     0  libinit2.o(.ARM.Collect$$libinit$$0000002C)
    __rt_lib_init_atexit_1                   0x00000303   Thumb Code     0  libinit2.o(.ARM.Collect$$libinit$$0000001B)
    __rt_lib_init_clock_1                    0x00000303   Thumb Code     0  libinit2.o(.ARM.Collect$$libinit$$00000021)
    __rt_lib_init_cpp_1                      0x00000303   Thumb Code     0  libinit2.o(.ARM.Collect$$libinit$$00000032)
    __rt_lib_init_exceptions_1               0x00000303   Thumb Code     0  libinit2.o(.ARM.Collect$$libinit$$00000030)
    __rt_lib_init_fp_trap_1                  0x00000303   Thumb Code     0  libinit2.o(.ARM.Collect$$libinit$$0000001F)
    __rt_lib_init_getenv_1                   0x00000303   Thumb Code     0  libinit2.o(.ARM.Collect$$libinit$$00000023)
    __rt_lib_init_heap_1                     0x00000303   Thumb Code     0  libinit2.o(.ARM.Collect$$libinit$$0000000A)
    __rt_lib_init_lc_collate_1               0x00000303   Thumb Code     0  libinit2.o(.ARM.Collect$$libinit$$00000011)
    __rt_lib_init_lc_ctype_1                 0x00000303   Thumb Code     0  libinit2.o(.ARM.Collect$$libinit$$00000013)
    __rt_lib_init_lc_monetary_1              0x00000303   Thumb Code     0  libinit2.o(.ARM.Collect$$libinit$$00000015)
    __rt_lib_init_lc_numeric_1               0x00000303   Thumb Code     0  libinit2.o(.ARM.Collect$$libinit$$00000017)
    __rt_lib_init_lc_time_1                  0x00000303   Thumb Code     0  libinit2.o(.ARM.Collect$$libinit$$00000019)
    __rt_lib_init_preinit_1                  0x00000303   Thumb Code     0  libinit2.o(.ARM.Collect$$libinit$$00000004)
    __rt_lib_init_rand_1                     0x00000303   Thumb Code     0  libinit2.o(.ARM.Collect$$libinit$$0000000E)
    __rt_lib_init_return                     0x00000303   Thumb Code     0  libinit2.o(.ARM.Collect$$libinit$$00000033)
    __rt_lib_init_signal_1                   0x00000303   Thumb Code     0  libinit2.o(.ARM.Collect$$libinit$$0000001D)
    __rt_lib_init_stdio_1                    0x00000303   Thumb Code     0  libinit2.o(.ARM.Collect$$libinit$$00000025)
    __rt_lib_init_user_alloc_1               0x00000303   Thumb Code     0  libinit2.o(.ARM.Collect$$libinit$$0000000C)
    __rt_lib_shutdown                        0x00000305   Thumb Code     0  libshutdown.o(.ARM.Collect$$libshutdown$$00000000)
    __rt_lib_shutdown_cpp_1                  0x00000307   Thumb Code     0  libshutdown2.o(.ARM.Collect$$libshutdown$$00000002)
    __rt_lib_shutdown_fp_trap_1              0x00000307   Thumb Code     0  libshutdown2.o(.ARM.Collect$$libshutdown$$00000007)
    __rt_lib_shutdown_heap_1                 0x00000307   Thumb Code     0  libshutdown2.o(.ARM.Collect$$libshutdown$$0000000F)
    __rt_lib_shutdown_return                 0x00000307   Thumb Code     0  libshutdown2.o(.ARM.Collect$$libshutdown$$00000010)
    __rt_lib_shutdown_signal_1               0x00000307   Thumb Code     0  libshutdown2.o(.ARM.Collect$$libshutdown$$0000000A)
    __rt_lib_shutdown_stdio_1                0x00000307   Thumb Code     0  libshutdown2.o(.ARM.Collect$$libshutdown$$00000004)
    __rt_lib_shutdown_user_alloc_1           0x00000307   Thumb Code     0  libshutdown2.o(.ARM.Collect$$libshutdown$$0000000C)
    __rt_entry                               0x00000309   Thumb Code     0  __rtentry.o(.ARM.Collect$$rtentry$$00000000)
    __rt_entry_presh_1                       0x00000309   Thumb Code     0  __rtentry2.o(.ARM.Collect$$rtentry$$00000002)
    __rt_entry_sh                            0x00000309   Thumb Code     0  __rtentry4.o(.ARM.Collect$$rtentry$$00000004)
    __rt_entry_li                            0x0000030f   Thumb Code     0  __rtentry2.o(.ARM.Collect$$rtentry$$0000000A)
    __rt_entry_postsh_1                      0x0000030f   Thumb Code     0  __rtentry2.o(.ARM.Collect$$rtentry$$00000009)
    __rt_entry_main                          0x00000313   Thumb Code     0  __rtentry2.o(.ARM.Collect$$rtentry$$0000000D)
    __rt_entry_postli_1                      0x00000313   Thumb Code     0  __rtentry2.o(.ARM.Collect$$rtentry$$0000000C)
    __rt_exit                                0x0000031b   Thumb Code     0  rtexit.o(.ARM.Collect$$rtexit$$00000000)
    __rt_exit_ls                             0x0000031d   Thumb Code     0  rtexit2.o(.ARM.Collect$$rtexit$$00000003)
    __rt_exit_prels_1                        0x0000031d   Thumb Code     0  rtexit2.o(.ARM.Collect$$rtexit$$00000002)
    __rt_exit_exit                           0x00000321   Thumb Code     0  rtexit2.o(.ARM.Collect$$rtexit$$00000004)
    __user_initial_stackheap                 0x00000329   Thumb Code     0  startup_rvmdk.o(.text)
    abort                                    0x00000341   Thumb Code    22  abort.o(.text)
    __aeabi_memcpy4                          0x00000357   Thumb Code     0  rt_memcpy_w.o(.text)
    __aeabi_memcpy8                          0x00000357   Thumb Code     0  rt_memcpy_w.o(.text)
    __rt_memcpy_w                            0x00000357   Thumb Code   100  rt_memcpy_w.o(.text)
    _memcpy_lastbytes_aligned                0x0000039f   Thumb Code     0  rt_memcpy_w.o(.text)
    __use_two_region_memory                  0x000003bb   Thumb Code     2  heapauxi.o(.text)
    __rt_heap_escrow$2region                 0x000003bd   Thumb Code     2  heapauxi.o(.text)
    __rt_heap_expand$2region                 0x000003bf   Thumb Code     2  heapauxi.o(.text)
    _sys_exit                                0x000003c1   Thumb Code     8  sys_exit.o(.text)
    __rt_SIGABRT                             0x000003cd   Thumb Code    14  defsig_abrt_outer.o(.text)
    __I$use$semihosting                      0x000003db   Thumb Code     0  use_no_semi.o(.text)
    __use_no_semihosting_swi                 0x000003db   Thumb Code     2  use_no_semi.o(.text)
    __semihosting_library_function           0x000003dd   Thumb Code     0  indicate_semi.o(.text)
    __sig_exit                               0x000003dd   Thumb Code    10  defsig_exit.o(.text)
    __rt_SIGABRT_inner                       0x000003e9   Thumb Code    14  defsig_abrt_inner.o(.text)
    __user_setup_stackheap                   0x00000419   Thumb Code    74  sys_stackheap_outer.o(.text)
    exit                                     0x00000463   Thumb Code    18  exit.o(.text)
    __default_signal_display                 0x00000475   Thumb Code    50  defsig_general.o(.text)
    _ttywrch                                 0x000004a7   Thumb Code    14  sys_wrch.o(.text)
    __user_libspace                          0x000004b5   Thumb Code     8  libspace.o(.text)
    __user_perproc_libspace                  0x000004b5   Thumb Code     0  libspace.o(.text)
    __user_perthread_libspace                0x000004b5   Thumb Code     0  libspace.o(.text)
    FrequencyTimer_Enable                    0x000005ed   Thumb Code    68  frequencytimer.o(i.FrequencyTimer_Enable)
    FrequencyTimer_GetFrequency              0x00000635   Thumb Code    80  frequencytimer.o(i.FrequencyTimer_GetFrequency)
    GPIO_EnableAltDigital                    0x0000068d   Thumb Code   130  hal_gpio.o(i.GPIO_EnableAltDigital)
    GPIO_EnableDI                            0x00000715   Thumb Code   144  hal_gpio.o(i.GPIO_EnableDI)
    GPIO_EnableDO                            0x000007ad   Thumb Code   208  hal_gpio.o(i.GPIO_EnableDO)
    GPIO_GetBitBandIOAddress                 0x00000885   Thumb Code    46  hal_gpio.o(i.GPIO_GetBitBandIOAddress)
    GPIO_InitPort                            0x000008b9   Thumb Code    40  hal_gpio.o(i.GPIO_InitPort)
    LCD_EnableCursor                         0x00000c89   Thumb Code    22  lcd.o(i.LCD_EnableCursor)
    LCD_Initialize                           0x00000c9f   Thumb Code    72  lcd.o(i.LCD_Initialize)
    LCD_PutString                            0x00000ce7   Thumb Code    98  lcd.o(i.LCD_PutString)
    LCD_RawClearDisplay                      0x00000d49   Thumb Code    28  lcd_raw.o(i.LCD_RawClearDisplay)
    LCD_RawInitialize                        0x00000d69   Thumb Code   246  lcd_raw.o(i.LCD_RawInitialize)
    LCD_RawPutChar                           0x00000e69   Thumb Code    30  lcd_raw.o(i.LCD_RawPutChar)
    LCD_RawSetDDRAMAddress                   0x00000e8d   Thumb Code    32  lcd_raw.o(i.LCD_RawSetDDRAMAddress)
    LCD_RawSetDisplayControl                 0x00000eb1   Thumb Code    76  lcd_raw.o(i.LCD_RawSetDisplayControl)
    LCD_RawSetEntryMode                      0x00000f01   Thumb Code    58  lcd_raw.o(i.LCD_RawSetEntryMode)
    LCD_RawSetFunction                       0x00000f41   Thumb Code    76  lcd_raw.o(i.LCD_RawSetFunction)
    LCD_SetCursorPosition                    0x00000f91   Thumb Code    78  lcd.o(i.LCD_SetCursorPosition)
    NVIC_EnableIRQ                           0x00000fe1   Thumb Code    64  hal_nvic.o(i.NVIC_EnableIRQ)
    PLL_Init                                 0x00001025   Thumb Code   118  hal_pll.o(i.PLL_Init)
    Run                                      0x000010b5   Thumb Code   144  device.o(i.Run)
    Switch_Init                              0x0000123d   Thumb Code    26  switch.o(i.Switch_Init)
    Switch_Poll                              0x00001257   Thumb Code    34  switch.o(i.Switch_Poll)
    SysTick_Init                             0x00001279   Thumb Code    46  hal_systick.o(i.SysTick_Init)
    SysTick_Wait                             0x000012ad   Thumb Code    30  hal_systick.o(i.SysTick_Wait)
    SysTick_Wait10ms                         0x000012cd   Thumb Code    24  hal_systick.o(i.SysTick_Wait10ms)
    Timer_Init                               0x00001319   Thumb Code   110  hal_timer.o(i.Timer_Init)
    Timer_StartEdgeTimer                     0x00001395   Thumb Code    36  hal_timer.o(i.Timer_StartEdgeTimer)
    Timer_StartInterval                      0x000013bd   Thumb Code    34  hal_timer.o(i.Timer_StartInterval)
    Timer_TIMER2Handler                      0x000013e5   Thumb Code    10  hal_timer.o(i.Timer_TIMER2Handler)
    Timer_Wait                               0x000013f5   Thumb Code    58  hal_timer.o(i.Timer_Wait)
    TransferByte                             0x000014b1   Thumb Code    48  lcd_raw.o(i.TransferByte)
    dtoa                                     0x00001641   Thumb Code   432  strings.o(i.dtoa)
    itoa                                     0x0000182d   Thumb Code    72  strings.o(i.itoa)
    main                                     0x00001875   Thumb Code   204  main.o(i.main)
    pad                                      0x00001951   Thumb Code    38  strings.o(i.pad)
    reverse                                  0x00001977   Thumb Code    34  strings.o(i.reverse)
    strcpy                                   0x00001999   Thumb Code    22  strings.o(i.strcpy)
    strlen                                   0x000019af   Thumb Code    18  strings.o(i.strlen)
    strncat                                  0x000019c1   Thumb Code    40  strings.o(i.strncat)
    __aeabi_dneg                             0x000019e9   Thumb Code     0  basic.o(x$fpl$basic)
    _dneg                                    0x000019e9   Thumb Code     6  basic.o(x$fpl$basic)
    __aeabi_fneg                             0x000019ef   Thumb Code     0  basic.o(x$fpl$basic)
    _fneg                                    0x000019ef   Thumb Code     6  basic.o(x$fpl$basic)
    _dabs                                    0x000019f5   Thumb Code     6  basic.o(x$fpl$basic)
    _fabs                                    0x000019fb   Thumb Code     6  basic.o(x$fpl$basic)
    __aeabi_dadd                             0x00001a01   Thumb Code     0  daddsub_clz.o(x$fpl$dadd)
    _dadd                                    0x00001a01   Thumb Code   332  daddsub_clz.o(x$fpl$dadd)
    __fpl_dcmp_Inf                           0x00001b51   Thumb Code    24  dcmpi.o(x$fpl$dcmpinf)
    __aeabi_d2iz                             0x00001b69   Thumb Code     0  dfix.o(x$fpl$dfix)
    _dfix                                    0x00001b69   Thumb Code    94  dfix.o(x$fpl$dfix)
    __aeabi_d2uiz                            0x00001bc9   Thumb Code     0  dfixu.o(x$fpl$dfixu)
    _dfixu                                   0x00001bc9   Thumb Code    90  dfixu.o(x$fpl$dfixu)
    __aeabi_i2d                              0x00001c23   Thumb Code     0  dflt_clz.o(x$fpl$dflt)
    _dflt                                    0x00001c23   Thumb Code    46  dflt_clz.o(x$fpl$dflt)
    __aeabi_ui2d                             0x00001c51   Thumb Code     0  dflt_clz.o(x$fpl$dfltu)
    _dfltu                                   0x00001c51   Thumb Code    38  dflt_clz.o(x$fpl$dfltu)
    __aeabi_cdcmple                          0x00001c79   Thumb Code     0  dleqf.o(x$fpl$dleqf)
    _dcmple                                  0x00001c79   Thumb Code   120  dleqf.o(x$fpl$dleqf)
    __fpl_dcmple_InfNaN                      0x00001cdb   Thumb Code     0  dleqf.o(x$fpl$dleqf)
    __aeabi_dmul                             0x00001cf1   Thumb Code     0  dmul.o(x$fpl$dmul)
    _dmul                                    0x00001cf1   Thumb Code   332  dmul.o(x$fpl$dmul)
    __fpl_dnaninf                            0x00001e45   Thumb Code   156  dnaninf.o(x$fpl$dnaninf)
    __fpl_dretinf                            0x00001ee1   Thumb Code    12  dretinf.o(x$fpl$dretinf)
    __aeabi_drsub                            0x00001eed   Thumb Code     0  daddsub_clz.o(x$fpl$drsb)
    _drsb                                    0x00001eed   Thumb Code    22  daddsub_clz.o(x$fpl$drsb)
    __aeabi_dsub                             0x00001f05   Thumb Code     0  daddsub_clz.o(x$fpl$dsub)
    _dsub                                    0x00001f05   Thumb Code   464  daddsub_clz.o(x$fpl$dsub)
    __aeabi_f2d                              0x000020d9   Thumb Code     0  f2d.o(x$fpl$f2d)
    _f2d                                     0x000020d9   Thumb Code    86  f2d.o(x$fpl$f2d)
    __fpl_fnaninf                            0x0000212f   Thumb Code   140  fnaninf.o(x$fpl$fnaninf)
    _fp_init                                 0x000021bb   Thumb Code    10  fpinit.o(x$fpl$fpinit)
    __fplib_config_fpu_vfp                   0x000021c3   Thumb Code     0  fpinit.o(x$fpl$fpinit)
    __fplib_config_pureend_doubles           0x000021c3   Thumb Code     0  fpinit.o(x$fpl$fpinit)
    __I$use$fp                               0x000021c4   Number         0  usenofp.o(x$fpl$usenofp)
    Region$$Table$$Base                      0x000022f4   Number         0  anon$$obj.o(Region$$Table)
    Region$$Table$$Limit                     0x00002314   Number         0  anon$$obj.o(Region$$Table)
    GPIOBaseAddress                          0x20000000   Data          24  hal_gpio.o(.data)
    PLL_BusClockFreq                         0x20000020   Data           4  hal_pll.o(.data)
    PLL_NumTicksPer10ms                      0x20000024   Data           4  hal_pll.o(.data)
    PLL_NumTicksPer10us                      0x20000028   Data           4  hal_pll.o(.data)
    PLL_NumTicksPer100ns                     0x2000002c   Data           4  hal_pll.o(.data)
    TimerBaseAddress                         0x20000030   Data          24  hal_timer.o(.data)
    config_                                  0x200000a0   Data          32  main.o(.bss)
    __libspace_start                         0x20000138   Data          96  libspace.o(.bss)
    __temporary_stack_top$libspace           0x20000198   Data           0  libspace.o(.bss)



==============================================================================

Memory Map of the image

  Image Entry point : 0x0000026d

  Load Region LR_1 (Base: 0x00000000, Size: 0x0000239c, Max: 0xffffffff, ABSOLUTE)

    Execution Region ER_RO (Exec base: 0x00000000, Load base: 0x00000000, Size: 0x00002314, Max: 0xffffffff, ABSOLUTE)

    Exec Addr    Load Addr    Size         Type   Attr      Idx    E Section Name        Object

    0x00000000   0x00000000   0x00000288   Code   RO          349  * RESET               startup_rvmdk.o
    0x00000288   0x00000288   0x00000008   Code   RO          743  * !!!main             c_w.l(__main.o)
    0x00000290   0x00000290   0x00000034   Code   RO          941    !!!scatter          c_w.l(__scatter.o)
    0x000002c4   0x000002c4   0x0000001a   Code   RO          943    !!handler_copy      c_w.l(__scatter_copy.o)
    0x000002de   0x000002de   0x00000002   PAD
    0x000002e0   0x000002e0   0x0000001c   Code   RO          945    !!handler_zi        c_w.l(__scatter_zi.o)
    0x000002fc   0x000002fc   0x00000002   Code   RO          826    .ARM.Collect$$libinit$$00000000  c_w.l(libinit.o)
    0x000002fe   0x000002fe   0x00000004   Code   RO          836    .ARM.Collect$$libinit$$00000001  c_w.l(libinit2.o)
    0x00000302   0x00000302   0x00000000   Code   RO          839    .ARM.Collect$$libinit$$00000004  c_w.l(libinit2.o)
    0x00000302   0x00000302   0x00000000   Code   RO          842    .ARM.Collect$$libinit$$0000000A  c_w.l(libinit2.o)
    0x00000302   0x00000302   0x00000000   Code   RO          844    .ARM.Collect$$libinit$$0000000C  c_w.l(libinit2.o)
    0x00000302   0x00000302   0x00000000   Code   RO          846    .ARM.Collect$$libinit$$0000000E  c_w.l(libinit2.o)
    0x00000302   0x00000302   0x00000000   Code   RO          849    .ARM.Collect$$libinit$$00000011  c_w.l(libinit2.o)
    0x00000302   0x00000302   0x00000000   Code   RO          851    .ARM.Collect$$libinit$$00000013  c_w.l(libinit2.o)
    0x00000302   0x00000302   0x00000000   Code   RO          853    .ARM.Collect$$libinit$$00000015  c_w.l(libinit2.o)
    0x00000302   0x00000302   0x00000000   Code   RO          855    .ARM.Collect$$libinit$$00000017  c_w.l(libinit2.o)
    0x00000302   0x00000302   0x00000000   Code   RO          857    .ARM.Collect$$libinit$$00000019  c_w.l(libinit2.o)
    0x00000302   0x00000302   0x00000000   Code   RO          859    .ARM.Collect$$libinit$$0000001B  c_w.l(libinit2.o)
    0x00000302   0x00000302   0x00000000   Code   RO          861    .ARM.Collect$$libinit$$0000001D  c_w.l(libinit2.o)
    0x00000302   0x00000302   0x00000000   Code   RO          863    .ARM.Collect$$libinit$$0000001F  c_w.l(libinit2.o)
    0x00000302   0x00000302   0x00000000   Code   RO          865    .ARM.Collect$$libinit$$00000021  c_w.l(libinit2.o)
    0x00000302   0x00000302   0x00000000   Code   RO          867    .ARM.Collect$$libinit$$00000023  c_w.l(libinit2.o)
    0x00000302   0x00000302   0x00000000   Code   RO          869    .ARM.Collect$$libinit$$00000025  c_w.l(libinit2.o)
    0x00000302   0x00000302   0x00000000   Code   RO          873    .ARM.Collect$$libinit$$0000002C  c_w.l(libinit2.o)
    0x00000302   0x00000302   0x00000000   Code   RO          875    .ARM.Collect$$libinit$$0000002E  c_w.l(libinit2.o)
    0x00000302   0x00000302   0x00000000   Code   RO          877    .ARM.Collect$$libinit$$00000030  c_w.l(libinit2.o)
    0x00000302   0x00000302   0x00000000   Code   RO          879    .ARM.Collect$$libinit$$00000032  c_w.l(libinit2.o)
    0x00000302   0x00000302   0x00000002   Code   RO          880    .ARM.Collect$$libinit$$00000033  c_w.l(libinit2.o)
    0x00000304   0x00000304   0x00000002   Code   RO          914    .ARM.Collect$$libshutdown$$00000000  c_w.l(libshutdown.o)
    0x00000306   0x00000306   0x00000000   Code   RO          924    .ARM.Collect$$libshutdown$$00000002  c_w.l(libshutdown2.o)
    0x00000306   0x00000306   0x00000000   Code   RO          926    .ARM.Collect$$libshutdown$$00000004  c_w.l(libshutdown2.o)
    0x00000306   0x00000306   0x00000000   Code   RO          929    .ARM.Collect$$libshutdown$$00000007  c_w.l(libshutdown2.o)
    0x00000306   0x00000306   0x00000000   Code   RO          932    .ARM.Collect$$libshutdown$$0000000A  c_w.l(libshutdown2.o)
    0x00000306   0x00000306   0x00000000   Code   RO          934    .ARM.Collect$$libshutdown$$0000000C  c_w.l(libshutdown2.o)
    0x00000306   0x00000306   0x00000000   Code   RO          937    .ARM.Collect$$libshutdown$$0000000F  c_w.l(libshutdown2.o)
    0x00000306   0x00000306   0x00000002   Code   RO          938    .ARM.Collect$$libshutdown$$00000010  c_w.l(libshutdown2.o)
    0x00000308   0x00000308   0x00000000   Code   RO          775    .ARM.Collect$$rtentry$$00000000  c_w.l(__rtentry.o)
    0x00000308   0x00000308   0x00000000   Code   RO          793    .ARM.Collect$$rtentry$$00000002  c_w.l(__rtentry2.o)
    0x00000308   0x00000308   0x00000006   Code   RO          805    .ARM.Collect$$rtentry$$00000004  c_w.l(__rtentry4.o)
    0x0000030e   0x0000030e   0x00000000   Code   RO          795    .ARM.Collect$$rtentry$$00000009  c_w.l(__rtentry2.o)
    0x0000030e   0x0000030e   0x00000004   Code   RO          796    .ARM.Collect$$rtentry$$0000000A  c_w.l(__rtentry2.o)
    0x00000312   0x00000312   0x00000000   Code   RO          798    .ARM.Collect$$rtentry$$0000000C  c_w.l(__rtentry2.o)
    0x00000312   0x00000312   0x00000008   Code   RO          799    .ARM.Collect$$rtentry$$0000000D  c_w.l(__rtentry2.o)
    0x0000031a   0x0000031a   0x00000002   Code   RO          832    .ARM.Collect$$rtexit$$00000000  c_w.l(rtexit.o)
    0x0000031c   0x0000031c   0x00000000   Code   RO          882    .ARM.Collect$$rtexit$$00000002  c_w.l(rtexit2.o)
    0x0000031c   0x0000031c   0x00000004   Code   RO          883    .ARM.Collect$$rtexit$$00000003  c_w.l(rtexit2.o)
    0x00000320   0x00000320   0x00000006   Code   RO          884    .ARM.Collect$$rtexit$$00000004  c_w.l(rtexit2.o)
    0x00000326   0x00000326   0x00000002   PAD
    0x00000328   0x00000328   0x00000018   Code   RO          350    .text               startup_rvmdk.o
    0x00000340   0x00000340   0x00000016   Code   RO          737    .text               c_w.l(abort.o)
    0x00000356   0x00000356   0x00000064   Code   RO          739    .text               c_w.l(rt_memcpy_w.o)
    0x000003ba   0x000003ba   0x00000006   Code   RO          741    .text               c_w.l(heapauxi.o)
    0x000003c0   0x000003c0   0x0000000c   Code   RO          773    .text               c_w.l(sys_exit.o)
    0x000003cc   0x000003cc   0x0000000e   Code   RO          776    .text               c_w.l(defsig_abrt_outer.o)
    0x000003da   0x000003da   0x00000002   Code   RO          789    .text               c_w.l(use_no_semi.o)
    0x000003dc   0x000003dc   0x00000000   Code   RO          791    .text               c_w.l(indicate_semi.o)
    0x000003dc   0x000003dc   0x0000000a   Code   RO          809    .text               c_w.l(defsig_exit.o)
    0x000003e6   0x000003e6   0x00000002   PAD
    0x000003e8   0x000003e8   0x00000030   Code   RO          811    .text               c_w.l(defsig_abrt_inner.o)
    0x00000418   0x00000418   0x0000004a   Code   RO          813    .text               c_w.l(sys_stackheap_outer.o)
    0x00000462   0x00000462   0x00000012   Code   RO          815    .text               c_w.l(exit.o)
    0x00000474   0x00000474   0x00000032   Code   RO          819    .text               c_w.l(defsig_general.o)
    0x000004a6   0x000004a6   0x0000000e   Code   RO          827    .text               c_w.l(sys_wrch.o)
    0x000004b4   0x000004b4   0x00000008   Code   RO          829    .text               c_w.l(libspace.o)
    0x000004bc   0x000004bc   0x00000068   Code   RO          225    i.ConfigureEdgeTimer  hal_timer.o
    0x00000524   0x00000524   0x00000044   Code   RO          226    i.ConfigureIntervalTimer  hal_timer.o
    0x00000568   0x00000568   0x00000084   Code   RO          227    i.EnableIRQHandler  hal_timer.o
    0x000005ec   0x000005ec   0x00000048   Code   RO          602    i.FrequencyTimer_Enable  frequencytimer.o
    0x00000634   0x00000634   0x00000058   Code   RO          603    i.FrequencyTimer_GetFrequency  frequencytimer.o
    0x0000068c   0x0000068c   0x00000088   Code   RO            3    i.GPIO_EnableAltDigital  hal_gpio.o
    0x00000714   0x00000714   0x00000098   Code   RO            4    i.GPIO_EnableDI     hal_gpio.o
    0x000007ac   0x000007ac   0x000000d8   Code   RO            5    i.GPIO_EnableDO     hal_gpio.o
    0x00000884   0x00000884   0x00000034   Code   RO            7    i.GPIO_GetBitBandIOAddress  hal_gpio.o
    0x000008b8   0x000008b8   0x00000030   Code   RO            8    i.GPIO_InitPort     hal_gpio.o
    0x000008e8   0x000008e8   0x00000066   Code   RO          430    i.GetDDRAMAddress   lcd.o
    0x0000094e   0x0000094e   0x0000001c   Code   RO           12    i.GetPinNumber      hal_gpio.o
    0x0000096a   0x0000096a   0x00000002   PAD
    0x0000096c   0x0000096c   0x000001a8   Code   RO          356    i.GetWindForce      device.o
    0x00000b14   0x00000b14   0x00000080   Code   RO          228    i.HandleInterrupt   hal_timer.o
    0x00000b94   0x00000b94   0x000000f4   Code   RO          357    i.InitHardware      device.o
    0x00000c88   0x00000c88   0x00000016   Code   RO          431    i.LCD_EnableCursor  lcd.o
    0x00000c9e   0x00000c9e   0x00000048   Code   RO          432    i.LCD_Initialize    lcd.o
    0x00000ce6   0x00000ce6   0x00000062   Code   RO          434    i.LCD_PutString     lcd.o
    0x00000d48   0x00000d48   0x00000020   Code   RO          511    i.LCD_RawClearDisplay  lcd_raw.o
    0x00000d68   0x00000d68   0x00000100   Code   RO          512    i.LCD_RawInitialize  lcd_raw.o
    0x00000e68   0x00000e68   0x00000024   Code   RO          513    i.LCD_RawPutChar    lcd_raw.o
    0x00000e8c   0x00000e8c   0x00000024   Code   RO          516    i.LCD_RawSetDDRAMAddress  lcd_raw.o
    0x00000eb0   0x00000eb0   0x00000050   Code   RO          517    i.LCD_RawSetDisplayControl  lcd_raw.o
    0x00000f00   0x00000f00   0x00000040   Code   RO          518    i.LCD_RawSetEntryMode  lcd_raw.o
    0x00000f40   0x00000f40   0x00000050   Code   RO          519    i.LCD_RawSetFunction  lcd_raw.o
    0x00000f90   0x00000f90   0x0000004e   Code   RO          435    i.LCD_SetCursorPosition  lcd.o
    0x00000fde   0x00000fde   0x00000002   PAD
    0x00000fe0   0x00000fe0   0x00000044   Code   RO          126    i.NVIC_EnableIRQ    hal_nvic.o
    0x00001024   0x00001024   0x00000080   Code   RO          148    i.PLL_Init          hal_pll.o
    0x000010a4   0x000010a4   0x0000000e   Code   RO          604    i.ResetTimer        frequencytimer.o
    0x000010b2   0x000010b2   0x00000002   PAD
    0x000010b4   0x000010b4   0x000000a4   Code   RO          358    i.Run               device.o
    0x00001158   0x00001158   0x00000048   Code   RO          149    i.SetBusClockFreq   hal_pll.o
    0x000011a0   0x000011a0   0x00000062   Code   RO          522    i.SetDataDirection  lcd_raw.o
    0x00001202   0x00001202   0x00000002   PAD
    0x00001204   0x00001204   0x00000038   Code   RO          127    i.SetPriority       hal_nvic.o
    0x0000123c   0x0000123c   0x0000001a   Code   RO          637    i.Switch_Init       switch.o
    0x00001256   0x00001256   0x00000022   Code   RO          638    i.Switch_Poll       switch.o
    0x00001278   0x00001278   0x00000034   Code   RO          174    i.SysTick_Init      hal_systick.o
    0x000012ac   0x000012ac   0x0000001e   Code   RO          175    i.SysTick_Wait      hal_systick.o
    0x000012ca   0x000012ca   0x00000002   PAD
    0x000012cc   0x000012cc   0x0000001c   Code   RO          176    i.SysTick_Wait10ms  hal_systick.o
    0x000012e8   0x000012e8   0x0000002e   Code   RO          605    i.TimerEventCallback  frequencytimer.o
    0x00001316   0x00001316   0x00000002   PAD
    0x00001318   0x00001318   0x0000007c   Code   RO          229    i.Timer_Init        hal_timer.o
    0x00001394   0x00001394   0x00000028   Code   RO          230    i.Timer_StartEdgeTimer  hal_timer.o
    0x000013bc   0x000013bc   0x00000028   Code   RO          231    i.Timer_StartInterval  hal_timer.o
    0x000013e4   0x000013e4   0x00000010   Code   RO          234    i.Timer_TIMER2Handler  hal_timer.o
    0x000013f4   0x000013f4   0x00000040   Code   RO          235    i.Timer_Wait        hal_timer.o
    0x00001434   0x00001434   0x0000007c   Code   RO          523    i.Transfer          lcd_raw.o
    0x000014b0   0x000014b0   0x00000030   Code   RO          524    i.TransferByte      lcd_raw.o
    0x000014e0   0x000014e0   0x00000160   Code   RO          359    i.UpdateDisplay     device.o
    0x00001640   0x00001640   0x000001ec   Code   RO          659    i.dtoa              strings.o
    0x0000182c   0x0000182c   0x00000048   Code   RO          662    i.itoa              strings.o
    0x00001874   0x00001874   0x000000dc   Code   RO          303    i.main              main.o
    0x00001950   0x00001950   0x00000026   Code   RO          663    i.pad               strings.o
    0x00001976   0x00001976   0x00000022   Code   RO          664    i.reverse           strings.o
    0x00001998   0x00001998   0x00000016   Code   RO          665    i.strcpy            strings.o
    0x000019ae   0x000019ae   0x00000012   Code   RO          666    i.strlen            strings.o
    0x000019c0   0x000019c0   0x00000028   Code   RO          667    i.strncat           strings.o
    0x000019e8   0x000019e8   0x00000018   Code   RO          745    x$fpl$basic         fz_wm.l(basic.o)
    0x00001a00   0x00001a00   0x00000150   Code   RO          747    x$fpl$dadd          fz_wm.l(daddsub_clz.o)
    0x00001b50   0x00001b50   0x00000018   Code   RO          780    x$fpl$dcmpinf       fz_wm.l(dcmpi.o)
    0x00001b68   0x00001b68   0x0000005e   Code   RO          753    x$fpl$dfix          fz_wm.l(dfix.o)
    0x00001bc6   0x00001bc6   0x00000002   PAD
    0x00001bc8   0x00001bc8   0x0000005a   Code   RO          757    x$fpl$dfixu         fz_wm.l(dfixu.o)
    0x00001c22   0x00001c22   0x0000002e   Code   RO          762    x$fpl$dflt          fz_wm.l(dflt_clz.o)
    0x00001c50   0x00001c50   0x00000026   Code   RO          761    x$fpl$dfltu         fz_wm.l(dflt_clz.o)
    0x00001c76   0x00001c76   0x00000002   PAD
    0x00001c78   0x00001c78   0x00000078   Code   RO          767    x$fpl$dleqf         fz_wm.l(dleqf.o)
    0x00001cf0   0x00001cf0   0x00000154   Code   RO          769    x$fpl$dmul          fz_wm.l(dmul.o)
    0x00001e44   0x00001e44   0x0000009c   Code   RO          782    x$fpl$dnaninf       fz_wm.l(dnaninf.o)
    0x00001ee0   0x00001ee0   0x0000000c   Code   RO          784    x$fpl$dretinf       fz_wm.l(dretinf.o)
    0x00001eec   0x00001eec   0x00000016   Code   RO          748    x$fpl$drsb          fz_wm.l(daddsub_clz.o)
    0x00001f02   0x00001f02   0x00000002   PAD
    0x00001f04   0x00001f04   0x000001d4   Code   RO          749    x$fpl$dsub          fz_wm.l(daddsub_clz.o)
    0x000020d8   0x000020d8   0x00000056   Code   RO          771    x$fpl$f2d           fz_wm.l(f2d.o)
    0x0000212e   0x0000212e   0x0000008c   Code   RO          786    x$fpl$fnaninf       fz_wm.l(fnaninf.o)
    0x000021ba   0x000021ba   0x0000000a   Code   RO          906    x$fpl$fpinit        fz_wm.l(fpinit.o)
    0x000021c4   0x000021c4   0x00000000   Code   RO          788    x$fpl$usenofp       fz_wm.l(usenofp.o)
    0x000021c4   0x000021c4   0x00000022   Data   RO          305    .constdata          main.o
    0x000021e6   0x000021e6   0x00000002   PAD
    0x000021e8   0x000021e8   0x0000000c   Data   RO          606    .constdata          frequencytimer.o
    0x000021f4   0x000021f4   0x00000004   PAD
    0x000021f8   0x000021f8   0x00000058   Data   RO          669    .constdata          strings.o
    0x00002250   0x00002250   0x000000a2   Data   RO          361    .conststring        device.o
    0x000022f2   0x000022f2   0x00000002   PAD
    0x000022f4   0x000022f4   0x00000020   Data   RO          939    Region$$Table       anon$$obj.o


    Execution Region ER_RW (Exec base: 0x20000000, Load base: 0x00002314, Size: 0x00000088, Max: 0xffffffff, ABSOLUTE)

    Exec Addr    Load Addr    Size         Type   Attr      Idx    E Section Name        Object

    0x20000000   0x00002314   0x00000020   Data   RW           14    .data               hal_gpio.o
    0x20000020   0x00002334   0x00000010   Data   RW          150    .data               hal_pll.o
    0x20000030   0x00002344   0x00000018   Data   RW          237    .data               hal_timer.o
    0x20000048   0x0000235c   0x00000040   Data   RW          362    .data               device.o


    Execution Region ER_ZI (Exec base: 0x20000088, Load base: 0x0000239c, Size: 0x00000510, Max: 0xffffffff, ABSOLUTE)

    Exec Addr    Load Addr    Size         Type   Attr      Idx    E Section Name        Object

    0x20000088        -       0x00000018   Zero   RW          236    .bss                hal_timer.o
    0x200000a0        -       0x00000020   Zero   RW          304    .bss                main.o
    0x200000c0        -       0x00000078   Zero   RW          360    .bss                device.o
    0x20000138        -       0x00000060   Zero   RW          830    .bss                c_w.l(libspace.o)
    0x20000198        -       0x00000000   Zero   RW          348    HEAP                startup_rvmdk.o
    0x20000198        -       0x00000400   Zero   RW          347    STACK               startup_rvmdk.o


==============================================================================

Image component sizes


      Code (inc. data)   RO Data    RW Data    ZI Data      Debug   Object Name

      1184        132        162         64        120       9482   device.o
       220         12         12          0          0       4750   frequencytimer.o
       632         36          0         32          0      11373   hal_gpio.o
       124         10          0          0          0       1573   hal_nvic.o
       200         36          0         16          0       1839   hal_pll.o
       110         10          0          0          0       1641   hal_systick.o
       716         60          0         24         24       9752   hal_timer.o
       372          0          0          0          0       7432   lcd.o
       854         42          0          0          0       7437   lcd_raw.o
       220         16         34          0         32       4121   main.o
       672        636          0          0       1024        620   startup_rvmdk.o
       716         60         88          0          0       5442   strings.o
        60          0          0          0          0       2124   switch.o

    ----------------------------------------------------------------------
      6092       1050        336        136       1200      67586   Object Totals
         0          0         32          0          0          0   (incl. Generated)
        12          0          8          0          0          0   (incl. Padding)

    ----------------------------------------------------------------------

      Code (inc. data)   RO Data    RW Data    ZI Data      Debug   Library Member Name

         8          0          0          0          0         68   __main.o
         0          0          0          0          0          0   __rtentry.o
        12          0          0          0          0          0   __rtentry2.o
         6          0          0          0          0          0   __rtentry4.o
        52          8          0          0          0          0   __scatter.o
        26          0          0          0          0          0   __scatter_copy.o
        28          0          0          0          0          0   __scatter_zi.o
        22          0          0          0          0         80   abort.o
        48         34          0          0          0         76   defsig_abrt_inner.o
        14          0          0          0          0         80   defsig_abrt_outer.o
        10          0          0          0          0         68   defsig_exit.o
        50          0          0          0          0         88   defsig_general.o
        18          0          0          0          0         80   exit.o
         6          0          0          0          0        152   heapauxi.o
         0          0          0          0          0          0   indicate_semi.o
         2          0          0          0          0          0   libinit.o
         6          0          0          0          0          0   libinit2.o
         2          0          0          0          0          0   libshutdown.o
         2          0          0          0          0          0   libshutdown2.o
         8          4          0          0         96         68   libspace.o
       100          0          0          0          0         80   rt_memcpy_w.o
         2          0          0          0          0          0   rtexit.o
        10          0          0          0          0          0   rtexit2.o
        12          4          0          0          0         68   sys_exit.o
        74          0          0          0          0         80   sys_stackheap_outer.o
        14          0          0          0          0         76   sys_wrch.o
         2          0          0          0          0         68   use_no_semi.o
        24          0          0          0          0        164   basic.o
       826         16          0          0          0        492   daddsub_clz.o
        24          0          0          0          0        116   dcmpi.o
        94          4          0          0          0        140   dfix.o
        90          4          0          0          0        140   dfixu.o
        84          0          0          0          0        232   dflt_clz.o
       120          4          0          0          0        140   dleqf.o
       340         12          0          0          0        152   dmul.o
       156          4          0          0          0        140   dnaninf.o
        12          0          0          0          0        116   dretinf.o
        86          4          0          0          0        132   f2d.o
       140          4          0          0          0        132   fnaninf.o
        10          0          0          0          0        116   fpinit.o
         0          0          0          0          0          0   usenofp.o

    ----------------------------------------------------------------------
      2552        102          0          0         96       3344   Library Totals
        12          0          0          0          0          0   (incl. Padding)

    ----------------------------------------------------------------------

      Code (inc. data)   RO Data    RW Data    ZI Data      Debug   Library Name

       534         50          0          0         96       1132   c_w.l
      2006         52          0          0          0       2212   fz_wm.l

    ----------------------------------------------------------------------
      2552        102          0          0         96       3344   Library Totals

    ----------------------------------------------------------------------

==============================================================================


      Code (inc. data)   RO Data    RW Data    ZI Data      Debug   

      8644       1152        336        136       1296      63910   Grand Totals
      8644       1152        336        136       1296      63910   ELF Image Totals
      8644       1152        336        136          0          0   ROM Totals

==============================================================================

    Total RO  Size (Code + RO Data)                 8980 (   8.77kB)
    Total RW  Size (RW Data + ZI Data)              1432 (   1.40kB)
    Total ROM Size (Code + RO Data + RW Data)       9116 (   8.90kB)

==============================================================================

