<html>
<body>
<pre>
<h1>µVision Build Log</h1>
<h2>Tool Versions:</h2>
IDE-Version: µVision V5.24.2.0
Copyright (C) 2017 ARM Ltd and ARM Germany GmbH. All rights reserved.
License Information: Jim Lawrence Technological University, Lawrence Technological University, LIC=----
 
Tool Versions:
Toolchain:       MDK-Lite  Version: 5.24.1
Toolchain Path:  C:\Keil_v5\ARM\ARMCC\Bin
C Compiler:      Armcc.exe V5.06 update 5 (build 528)
Assembler:       Armasm.exe V5.06 update 5 (build 528)
Linker/Locator:  ArmLink.exe V5.06 update 5 (build 528)
Library Manager: ArmAr.exe V5.06 update 5 (build 528)
Hex Converter:   FromElf.exe V5.06 update 5 (build 528)
CPU DLL:         SARMCM3.DLL V5.24.1
Dialog DLL:      DCM.DLL V1.16.0.0
Target DLL:      UL2CM3.DLL V1.160.3.0
Dialog DLL:      TCM.DLL V1.32.0.0
 
<h2>Project:</h2>
C:\Users\jspicer\Desktop\FreeRTOS Tutorial\Projects\Method1Project\project.uvprojx
Project File Date:  03/11/2018

<h2>Output:</h2>
*** Using Compiler 'V5.06 update 5 (build 528)', folder: 'C:\Keil_v5\ARM\ARMCC\Bin'
Rebuild target 'Target 1'
assembling startup_TM4C123.s...
compiling system_TM4C123.c...
compiling main.c...
compiling freertos_evr.c...
compiling list.c...
compiling heap_1.c...
compiling port.c...
compiling queue.c...
compiling tasks.c...
compiling timers.c...
linking...
Program Size: Code=8228 RO-data=652 RW-data=104 ZI-data=4944  
".\Objects\project.axf" - 0 Error(s), 0 Warning(s).

<h2>Software Packages used:</h2>

Package Vendor: ARM
                http://www.keil.com/pack/ARM.CMSIS.5.3.0.pack
                ARM.CMSIS.5.3.0
                CMSIS (Cortex Microcontroller Software Interface Standard)
   * Component: CORE Version: 5.1.1

Package Vendor: ARM
                http://www.keil.com/pack/ARM.CMSIS-FreeRTOS.10.0.1.pack
                ARM.CMSIS-FreeRTOS.10.0.1
                Bundle of FreeRTOS for Cortex-M and Cortex-A
   * Component: Timers Version: 10.0.1
   * Component: Heap Variant: Heap_1 Version: 10.0.1
   * Component: Core Version: 10.0.1
   * Component: Config Variant: FreeRTOS Version: 10.0.1

Package Vendor: Keil
                http://www.keil.com/pack/Keil.TM4C_DFP.1.1.0.pack
                Keil.TM4C_DFP.1.1.0
                Texas Instruments Tiva C Series Device Support and Examples
   * Component: Startup Version: 1.0.1

<h2>Collection of Component include folders:</h2>
  .\RTE\RTOS
  .\RTE\_Target_1
  C:\Keil_v5\ARM\PACK\ARM\CMSIS-FreeRTOS\10.0.1\CMSIS\RTOS2\FreeRTOS\Include
  C:\Keil_v5\ARM\PACK\ARM\CMSIS-FreeRTOS\10.0.1\Source\include
  C:\Keil_v5\ARM\PACK\ARM\CMSIS-FreeRTOS\10.0.1\Source\portable\RVDS\ARM_CM4F
  C:\Keil_v5\ARM\PACK\ARM\CMSIS\5.3.0\CMSIS\Include
  C:\Keil_v5\ARM\PACK\Keil\TM4C_DFP\1.1.0\Device\Include\TM4C123

<h2>Collection of Component Files used:</h2>

   * Component: Keil::Device:Startup:1.0.1
      Include file:  Device\Include\TM4C123\TM4C123.h
      Source file:   Device\Source\ARM\startup_TM4C123.s
      Source file:   Device\Source\system_TM4C123.c

   * Component: ARM::CMSIS:CORE:5.1.1

   * Component: ARM.FreeRTOS::RTOS:Timers:10.0.1
      Source file:   Source\timers.c
      Include file:  Source\include\timers.h

   * Component: ARM.FreeRTOS::RTOS:Heap:Heap_1:10.0.1
      Source file:   Source\portable\MemMang\heap_1.c

   * Component: ARM.FreeRTOS::RTOS:Core:10.0.1
      Include file:  CMSIS\RTOS2\FreeRTOS\Include\freertos_evr.h
      Source file:   CMSIS\RTOS2\FreeRTOS\Source\freertos_evr.c
      Include file:  Source\include\queue.h
      Source file:   Source\list.c
      Source file:   Source\portable\RVDS\ARM_CM4F\port.c
      Include file:  Source\include\semphr.h
      Include file:  Source\include\FreeRTOS.h
      Include file:  Source\include\task.h
      Source file:   Source\queue.c
      Source file:   Source\tasks.c

   * Component: ARM.FreeRTOS::RTOS:Config:FreeRTOS:10.0.1
      Include file:  Config\ARMCM\FreeRTOSConfig.h
Build Time Elapsed:  00:00:04
</pre>
</body>
</html>
